pdftotext_layout   55059  05-10-22_Magna_Bird_Rides_Agreement-Final.pdf
ocr_tesseract      82769  Magna_2025-O-04_Title_8_ALJ_Revisions_-_FINAL.pdf
ocr_tesseract      63996  Magna_2025-O-06_Title_8_Animals_FINAL_with_Title_19_references.pdf
ocr_tesseract      11477  Magna_2025-O-11_Amending_19.42.020.pdf
ocr_tesseract      17195  Magna_2025-O-14_Adding_19.38.pdf
pdftotext_layout   18044  Magna_2025-O-15_Amending_11.20_and_11.44.pdf
pdftotext_layout   75162  Magna_2025-O-20_HB_368_Code_Revisions.pdf
pdftotext_layout    8345  Magna_2025-O-20_HB_368_Code_Revisions_-_EM_with_corrections_to_code.pdf
pdftotext_layout   82569  Magna_2025-O-21_Water_Element_Addition_to_General_Plan.pdf
pdftotext_layout   82569  Magna_2025-O-21_Water_Element_Addition_to_General_Plan__60a936.pdf
ocr_tesseract       4757  Magna_2025-O-23_WUI_Code_Adoption.pdf
ocr_tesseract       4501  Magna_2026-O-06_Changes_to_Code_2.49.170_Commemorative_Street_Names.pdf
pdftotext_layout    6314  Magna_2026-O-12_Repeal_and_Replace_Chpater_2.39_Committees06102026134659.pdf
ocr_tesseract      18178  Magna_2026-O-14_Amending_19.50.020_Landscaping.pdf
pdftotext_layout   28853  Magna_CRA_R2026-01_-_Approving_Broadway_Project_Area_CRA.pdf
ocr_tesseract      20223  Magna_R2025-11_Interlocal_Agreement_Magna_on_behalf_of_Magna_CTC_and_Utah_State_University.pdf
textutil_docx       2368  Magna_R2025-18A_Appointing_Alternate_Members_to_the_Planning_Commission.docx
pdftotext_layout    2372  Magna_R2026-01_Appointing_MSD_Board_Representative.pdf
pdftotext_layout    4910  Magna_R2026-02_Amending_Procurement_Policy.pdf
pdftotext_layout    2360  Magna_R2026-03_Appointing_Replacement_to_MSD_Board.pdf
pdftotext_layout    2073  Magna_R2026-04_Appointing_Representative_to_UFA_and_UFSA.pdf
pdftotext_layout    1739  Magna_R2026-06_Appointing_Representative_to_WFWRD.pdf
pdftotext_layout    1658  Magna_R2026-07_Appointing_Representative_to_WFWRD.pdf
pdftotext_layout    1717  Magna_R2026-08_Appointing_Representative_to_Animal_Services.pdf
pdftotext_layout    2173  Magna_R2026-10_Broadway_Property_Signature_Authorization.pdf
pdftotext_layout   59040  Magna_R2026-12_Adopting_Personnel_Policy.pdf
pdftotext_layout    2543  Magna_R2026-13_Adopting_Updated_SLCo_Hazard_Mitigation_Plan.pdf
pdftotext_layout 1215889  Magna_R2026-13_Adopting_Updated_SLCo_Hazard_Mitigation_Plan__c286cc.pdf
pdftotext_layout 1213344  Magna_R2026-13_SLCo_MultiJurisdictional_Hazard_Mitigation_Plan_UPDATED_2025.pdf
ocr_tesseract       2092  Magna_R2026-15A_Appointing_Jeff_White_to_Planning_Commission_-_UPDATED.pdf
pdftotext_layout    2378  Magna_R2026-15_Appointing_Jeff_White_to_Planning_Commission.pdf
ocr_tesseract       2087  Magna_R2026-16A_Appointing_Jeff_Larson_to_Planning_Commission_-_UPDATED.pdf
pdftotext_layout    2316  Magna_R2026-16_Appointing_Jeff_Larson_to_Planning_Commission.pdf
ocr_tesseract       2065  Magna_R2026-17A_Appointing_Ted_Shaw_to_Planning_Commission_-_UPDATED.pdf
pdftotext_layout    2398  Magna_R2026-17_Appointing_Ted_Shaw_to_Planning_Commission.pdf
ocr_tesseract       2259  Magna_R2026-18A_Appointing_Alternates_to_Planning_Commission_-_UPDATED.pdf
pdftotext_layout    2478  Magna_R2026-18_Appointing_Alternates_to_Planning_Commission.pdf
ocr_tesseract      34870  Magna_R2026-20_Adopting_Rules_of_Order_and_Procedure_for_City_Council_Meetings.pdf
ocr_tesseract      17389  Magna_R2026-21_Adopting_4th_of_July_Parade_Rules_and_Policies.pdf
ocr_tesseract       1340  Magna_R2026-22_Appointing_Terry_George_as_WFWRD_Representative.pdf
ocr_tesseract       7743  Magna_R2026-23_Resolution_Waiving_Fees_for_County_Salt_Pile.pdf
ocr_tesseract       1527  Magna_R2026-24_Commemorative_Street_Name_Change_to_Bulldogs_Way.pdf
ocr_tesseract       1568  Magna_R2026-25_Commemorative_Street_Name_Change_to_Pirates_Way.pdf
ocr_tesseract       1338  Magna_R2026-26_Approving_Funding_for_Additional_Police_Sergeant.pdf
pdftotext_layout   29077  Magna_R2026-28_Adopting_Tentative_City_Budget.pdf
ocr_tesseract      18591  Magna_R2026-29_Approving_Interlocal_with_WVC_for_7200_W_Design.pdf
ocr_tesseract      12685  Magna_R2026-31_Approving_interlocal_with_UPD_for_new_Sargeant.pdf
pdftotext_layout   35528  Magna_R2026-33_Amendments_to_FY2026_Budget.pdf
pdftotext_layout   75437  Magna_R2026-34_ILA_for_TRCC_Grant_Pickleball_Neighborhood_Park.pdf
pdftotext_layout    8737  Magna_R2026-36_ILA_Amendment_-_DOJ_Sherriffs_Office_Grant_Funds06102026141222.pdf
pdftotext_layout    8414  Magna_R2026-37_ILA_Amendment_-_DOJ_Funds_Youth_Services.pdf
pdftotext_layout    8039  Magna_R2026-38_ILA_Amendment_-_DOJ_Funds_Granite_School_District06102026141426.pdf
ocr_tesseract      19680  Magna_R2026-39_FY2026_Budget_Amendment.pdf
ocr_tesseract     111698  Ord_19-05-01.pdf
ocr_tesseract       6146  Ord_19-05-02.pdf
ocr_tesseract      13984  Ord_19-05-03.pdf
ocr_tesseract       8840  Ordiance_2024-O-12.pdf
ocr_tesseract      14063  Ordinance_17-01-01.pdf
ocr_tesseract      17635  Ordinance_17-01-02.pdf
pdftotext_layout    5584  Ordinance_17-01-03.pdf
pdftotext_layout    5516  Ordinance_17-01-04.pdf
pdftotext_layout   12094  Ordinance_17-03-01.pdf
pdftotext_layout    3860  Ordinance_17-05-01.pdf
pdftotext_layout    3728  Ordinance_17-05-02.pdf
pdftotext_layout    5434  Ordinance_17-06-01.pdf
pdftotext_layout    8328  Ordinance_17-06-02.pdf
pdftotext_layout    3714  Ordinance_17-07-01.pdf
pdftotext_layout    3172  Ordinance_17-07-02.pdf
pdftotext_layout    3077  Ordinance_17-07-03.pdf
pdftotext_layout    4219  Ordinance_17-08-01.pdf
pdftotext_layout   79592  Ordinance_17-11-01.pdf
ocr_tesseract      15462  Ordinance_18-01-01.pdf
ocr_tesseract      15462  Ordinance_18-01-01_Purchasing_Ordinance.pdf
ocr_tesseract      33038  Ordinance_18-01-02[114211].pdf
ocr_tesseract      68518  Ordinance_19-06-01.pdf
ocr_tesseract      68518  Ordinance_19-06-01[24598].pdf
ocr_tesseract       2823  Ordinance_19-08-02.pdf
ocr_tesseract       2475  Ordinance_19-09-01.pdf
ocr_tesseract       6527  Ordinance_20-02-01.pdf
ocr_tesseract       5262  Ordinance_20-05-01.pdf
ocr_tesseract       2023  Ordinance_20-06-01.pdf
ocr_tesseract       3691  Ordinance_20-06-02.pdf
pdftotext_layout   42715  Ordinance_2022-O-04.pdf
pdftotext_layout   42714  Ordinance_2022-O-04__2e1cdc.pdf
pdftotext_layout   28285  Ordinance_2022-O-05.pdf
pdftotext_layout   13273  Ordinance_2022-O-06.pdf
pdftotext_layout  252359  Ordinance_2022-O-08.pdf
pdftotext_layout    3619  Ordinance_2023-O-03.pdf
ocr_tesseract      18871  Ordinance_2023-O-05_Magna_Main_Rezone.pdf
pdftotext_layout 1120008  Ordinance_2023-O-06.pdf
pdftotext_layout    2782  Ordinance_2024-O-02.pdf
ocr_tesseract       4281  Ordinance_2024-O-03.pdf
ocr_tesseract       3949  Ordinance_2024-O-05.pdf
ocr_tesseract      12125  Ordinance_2024-O-06.pdf
ocr_tesseract       3413  Ordinance_2024-O-07.pdf
ocr_tesseract       4075  Ordinance_2024-O-10.pdf
pdftotext_layout    1819  Ordinance_2024-O-10__a80f39.pdf
pdftotext_layout    1930  Ordinance_2024-O-10__c96971.pdf
ocr_tesseract       8547  Ordinance_2024-O-11.pdf
pdftotext_layout    2173  Ordinance_2024-O-13.pdf
ocr_tesseract      97256  Ordinance_2024-O-15.pdf
pdftotext_layout  218284  Ordinance_2024-O-17.pdf
ocr_tesseract       8419  Ordinance_2024-O-17_-_SIGNED_12-10-2024.pdf
pdftotext_layout   30904  Ordinance_2024-O-17_-_SIGNED_12-10-2024__1b5005.pdf
ocr_tesseract      10284  Ordinance_2024-O-18_-_SIGNED_12-10-2024.pdf
pdftotext_layout   17523  Ordinance_2025-O-05_-_Title_11.20_Stopping_Standing_Parking.pdf
ocr_tesseract       6269  Ordinance_21-02-01.pdf
ocr_tesseract       6269  Ordinance_21-02-01_Planned_Community_P-C_Zone.pdf
ocr_tesseract       2520  Ordinance_21-02-02.pdf
pdftotext_layout     875  Ordinance_21-04-01.pdf
ocr_tesseract       4021  Ordinance_21-04-02.pdf
pdftotext_layout     518  Ordinance_21-05-01_(002).pdf
pdftotext_layout   10580  Ordinance_21-09-03.pdf
pdftotext_layout   52333  Ordinance_22-O-02_.pdf
pdftotext_layout   24454  Ordinance_No._22-O-01_Adopting_Chapter_7.01_Cemeteries.pdf
ocr_tesseract       3598  Resolution_17-04-01.pdf
ocr_tesseract       6964  Resolution_17-11-02.pdf
ocr_tesseract      53020  Resolution_19-08-01.pdf
ocr_tesseract      20596  Resolution_19-08-02.pdf
ocr_tesseract      43905  Resolution_19-08-03.pdf
ocr_tesseract       7107  Resolution_19-09-01.pdf
ocr_tesseract      15033  Resolution_19-09-02.pdf
ocr_tesseract      30350  Resolution_19-09-03.pdf
ocr_tesseract      33962  Resolution_19-09-04.pdf
ocr_tesseract       1871  Resolution_19-09-05.pdf
ocr_tesseract      19191  Resolution_19-09-06.pdf
ocr_tesseract       4755  Resolution_19-10-01.pdf
ocr_tesseract       2379  Resolution_19-11-01.pdf
ocr_tesseract       2786  Resolution_19-11-02.pdf
ocr_tesseract      36844  Resolution_19-11-04.pdf
ocr_tesseract      30364  Resolution_19-11-05.pdf
ocr_tesseract      59494  Resolution_19-11-06.pdf
ocr_tesseract       3179  Resolution_20-01-01.pdf
ocr_tesseract      26812  Resolution_20-01-02.pdf
ocr_tesseract      10171  Resolution_20-01-03.pdf
ocr_tesseract       3477  Resolution_20-02-01.pdf
ocr_tesseract       1944  Resolution_20-04-01.pdf
ocr_tesseract       2049  Resolution_20-04-02.pdf
ocr_tesseract       3158  Resolution_20-04-03.pdf
ocr_tesseract       6153  Resolution_20-04-04.pdf
ocr_tesseract       2384  Resolution_20-05-01.pdf
ocr_tesseract       2450  Resolution_20-06-01.pdf
ocr_tesseract       3658  Resolution_20-06-02.pdf
ocr_tesseract       3051  Resolution_20-06-03.pdf
ocr_tesseract      54027  Resolution_20-06-04.pdf
ocr_tesseract      33642  Resolution_20-06-05.pdf
ocr_tesseract      19523  Resolution_20-06-06.pdf
ocr_tesseract      21511  Resolution_20-06-07.pdf
ocr_tesseract       2938  Resolution_20-06-08.pdf
ocr_tesseract       1527  Resolution_20-07-01.pdf
ocr_tesseract       3265  Resolution_20-10-01.pdf
ocr_tesseract       4308  Resolution_20-10-02.pdf
ocr_tesseract      16775  Resolution_20-10-03.pdf
ocr_tesseract      17294  Resolution_20-10-04.pdf
ocr_tesseract      13314  Resolution_20-12-01.pdf
ocr_tesseract      31298  Resolution_20-12-02.pdf
ocr_tesseract       2118  Resolution_20-12-03.pdf
ocr_tesseract      33794  Resolution_20-12-04.pdf
ocr_tesseract       2063  Resolution_2022-04-01.pdf
ocr_tesseract       1356  Resolution_2022-04-02.pdf
ocr_tesseract       4180  Resolution_2022-04-03.pdf
ocr_tesseract       1303  Resolution_2022-05-01.pdf
ocr_tesseract      28750  Resolution_2022-05-02.pdf
pdftotext_layout     954  Resolution_2022-07-01.pdf
pdftotext_layout    4729  Resolution_2022-08-01.pdf
ocr_tesseract       1301  Resolution_2022-09-04.pdf
ocr_tesseract       2218  Resolution_2022-10-01.pdf
ocr_tesseract       1553  Resolution_2022-10-02.pdf
pdftotext_layout    4139  Resolution_2022-11-02.pdf
pdftotext_layout    3650  Resolution_2022-12-01.pdf
pdftotext_layout    6549  Resolution_2022-12-02.pdf
pdftotext_layout   49223  Resolution_2022-12-03.pdf
pdftotext_layout    4889  Resolution_2022-12-04.pdf
pdftotext_layout    4265  Resolution_2022-12-05.pdf
pdftotext_layout   17247  Resolution_2022-12-06.pdf
pdftotext_layout    2648  Resolution_2022-12-07.pdf
ocr_tesseract       8739  Resolution_2023-02-01.pdf
pdftotext_layout    2521  Resolution_2023-03-01.pdf
pdftotext_layout   18655  Resolution_2023-04-02.pdf
ocr_tesseract       1380  Resolution_2023-04-03.pdf
ocr_tesseract       1689  Resolution_2023-04-04.pdf
ocr_tesseract       3121  Resolution_2023-05-01.pdf
pdftotext_layout   45895  Resolution_2023-06-01.pdf
ocr_tesseract       2721  Resolution_2023-06-02.pdf
ocr_tesseract       1596  Resolution_2023-06-03.pdf
ocr_tesseract      13714  Resolution_2023-07-01.pdf
ocr_tesseract      32464  Resolution_2023-08-01.pdf
ocr_tesseract      22395  Resolution_2023-08-02.pdf
pdftotext_layout    2920  Resolution_2023-09-01.pdf
pdftotext_layout    3645  Resolution_2023-09-02.pdf
ocr_tesseract       3392  Resolution_2023-10-01.pdf
ocr_tesseract      42030  Resolution_2023-10-02.pdf
ocr_tesseract       2189  Resolution_2023-11-01.pdf
ocr_tesseract       1487  Resolution_2023-11-02.pdf
pdftotext_layout   20083  Resolution_2023-12-01.pdf
pdftotext_layout   15255  Resolution_2023-12-02.pdf
pdftotext_layout   63687  Resolution_2023-12-03.pdf
ocr_tesseract       1708  Resolution_2023-12-04.pdf
ocr_tesseract       1919  Resolution_2024-01-01.pdf
ocr_tesseract       2138  Resolution_2024-01-02.pdf
ocr_tesseract       3058  Resolution_2024-10-01_Approving_2025_Meeting_Schedule.pdf
pdftotext_layout    2267  Resolution_21-01-01.pdf
ocr_tesseract       4940  Resolution_21-03-01.pdf
ocr_tesseract       3751  Resolution_21-03-02.pdf
ocr_tesseract       3751  Resolution_21-03-02_2021_Magna_General_Plan.pdf
ocr_tesseract       2577  Resolution_21-03-03_Aubrey_Pierce_to_remain_a_council_member_-_change_in_residency.pdf
ocr_tesseract      23962  Resolution_21-04-01.pdf
ocr_tesseract      56005  Resolution_21-04-02.pdf
ocr_tesseract       2511  Resolution_21-04-03.pdf
ocr_tesseract       2478  Resolution_21-04-04.pdf
ocr_tesseract       3354  Resolution_21-06-01.pdf
ocr_tesseract       5457  Resolution_21-07-01.pdf
ocr_tesseract       4490  Resolution_21-07-02.pdf
pdftotext_layout     380  Resolution_21-09-01.pdf
ocr_tesseract      26955  Resolution_21-09-02.pdf
pdftotext_layout   39168  Resolution_21-09-03.pdf
ocr_tesseract       1394  Resolution_21-09-04.pdf
ocr_tesseract      32387  Resolution_21-09-05.pdf
ocr_tesseract       5032  Resolution_21-09-06.pdf
ocr_tesseract       5984  Resolution_21-10-01.pdf
ocr_tesseract       1369  Resolution_21-10-02.pdf
ocr_tesseract      33284  Resolution_21-10-03.pdf
ocr_tesseract       9658  Resolution_21-11-01.pdf
pdftotext_layout    1265  Resolution_21-11-02.pdf
ocr_tesseract       2537  Resolution_21-12-01.pdf
ocr_tesseract       8228  Resolution_21-12-02.pdf
ocr_tesseract      24237  Resolution_21-12-03.pdf
ocr_tesseract       2701  Resolution_21-12-04.pdf
ocr_tesseract       2855  Resolution_21-12-05.pdf
ocr_tesseract      33039  Resolution_22-09-03.pdf
ocr_tesseract       4775  Signed_Electronic_Signatures_Ordinance_-_Magna.pdf
ocr_tesseract      12436  Signed_and_Executed_Ordinance_18-12-01.pdf
pdftotext_layout  150895  Title_18_Magna_Subdivision_Ordinance_-_As_Adopted.pdf
pdftotext_layout  150895  Title_18_Magna_Subdivision_Ordinance_Amended.pdf
pdftotext_layout  150895  Title_18_Magna_Subdivision_Ordinance_Amended__45c249.pdf
pdftotext_layout  144822  Title_18_Magna_Subdivision_Ordinance_Amendment.pdf
pdftotext_layout  144823  Title_18_Magna_Subdivision_Ordinance_Amendment__27c9ed.pdf
pdftotext_layout  970975  Title_19_Magna_Zoning_Ordinance_-_As_Adopted.DOC.pdf
pdftotext_layout  971212  Title_19_Magna_Zoning_Ordinance_-_As_Adopted.pdf

239 files: 90 born-digital pdf, 1 docx, 148 OCR, 0 no-text
