ok   200  https://s3-us-west-2.amazonaws.com/municipalcodeonline.com-new/magna/resolutions/documents/1655148686_05-10-22%20Magna%20Bird%20Rides%20Agreement-Final.pdf  -> 05-10-22_Magna_Bird_Rides_Agreement-Final.pdf
ok   200  https://s3-us-west-2.amazonaws.com/municipalcodeonline.com-new/magna/ordinances/documents/1743431234_Magna%202025-O-01%20Amending%20Code%20clarifying%20language%20landscape%2C%20hardscape%20and%20lighting.pdf  -> "Magna_2025-O-01_Amending_Code_clarifying_language_landscape,_hardscape_and_lighting.pdf"
ok   200  https://s3-us-west-2.amazonaws.com/municipalcodeonline.com-new/magna/ordinances/documents/1760730712_Magna%202025-O-04%20Title%208%20ALJ%20Revisions%20-%20FINAL.pdf  -> Magna_2025-O-04_Title_8_ALJ_Revisions_-_FINAL.pdf
ok   200  https://s3-us-west-2.amazonaws.com/municipalcodeonline.com-new/magna/ordinances/documents/1760731799_Magna%202025-O-06%20Title%208%20Animals%20FINAL%20with%20Title%2019%20references.pdf  -> Magna_2025-O-06_Title_8_Animals_FINAL_with_Title_19_references.pdf
ok   200  https://s3-us-west-2.amazonaws.com/municipalcodeonline.com-new/magna/ordinances/documents/1759252232_Magna%202025-O-11%20Amending%2019.42.020.pdf  -> Magna_2025-O-11_Amending_19.42.020.pdf
ok   200  https://s3-us-west-2.amazonaws.com/municipalcodeonline.com-new/magna/ordinances/documents/1759249458_Magna%202025-O-14%20Adding%2019.38.pdf  -> Magna_2025-O-14_Adding_19.38.pdf
ok   200  https://s3-us-west-2.amazonaws.com/municipalcodeonline.com-new/magna/ordinances/documents/1760648295_Magna%202025-O-15%20Amending%2011.20%20and%2011.44.pdf  -> Magna_2025-O-15_Amending_11.20_and_11.44.pdf
ok   200  https://s3-us-west-2.amazonaws.com/municipalcodeonline.com-new/magna/ordinances/documents/1777408796_Magna%202025-O-20%20HB%20368%20Code%20Revisions%20-%20EM%20with%20corrections%20to%20code.pdf  -> Magna_2025-O-20_HB_368_Code_Revisions_-_EM_with_corrections_to_code.pdf
ok   200  https://s3-us-west-2.amazonaws.com/municipalcodeonline.com-new/magna/ordinances/documents/1764092872_Magna%202025-O-20%20HB%20368%20Code%20Revisions.pdf  -> Magna_2025-O-20_HB_368_Code_Revisions.pdf
ok   200  https://s3-us-west-2.amazonaws.com/municipalcodeonline.com-new/magna/plan/documents/1764091379_Magna%202025-O-21%20Water%20Element%20Addition%20to%20General%20Plan.pdf  -> Magna_2025-O-21_Water_Element_Addition_to_General_Plan.pdf
ok   200  https://s3-us-west-2.amazonaws.com/municipalcodeonline.com-new/magna/plan/documents/1764091595_Magna%202025-O-21%20Water%20Element%20Addition%20to%20General%20Plan.pdf  -> Magna_2025-O-21_Water_Element_Addition_to_General_Plan__60a936.pdf
ok   200  https://s3-us-west-2.amazonaws.com/municipalcodeonline.com-new/magna/ordinances/documents/1765394518_Magna%202025-O-23%20WUI%20Code%20Adoption.pdf  -> Magna_2025-O-23_WUI_Code_Adoption.pdf
ok   200  https://s3-us-west-2.amazonaws.com/municipalcodeonline.com-new/magna/ordinances/documents/1777521301_Magna%202026-O-06%20Changes%20to%20Code%202.49.170%20Commemorative%20Street%20Names.pdf  -> Magna_2026-O-06_Changes_to_Code_2.49.170_Commemorative_Street_Names.pdf
ok   200  https://s3-us-west-2.amazonaws.com/municipalcodeonline.com-new/magna/ordinances/documents/1781127413_Magna%202026-O-12%20Repeal%20and%20Replace%20Chpater%202.39%20Committees06102026134659.pdf  -> Magna_2026-O-12_Repeal_and_Replace_Chpater_2.39_Committees06102026134659.pdf
ok   200  https://s3-us-west-2.amazonaws.com/municipalcodeonline.com-new/magna/ordinances/documents/1783996698_Magna%202026-O-14%20Amending%2019.50.020%20Landscaping.pdf  -> Magna_2026-O-14_Amending_19.50.020_Landscaping.pdf
ok   200  https://s3-us-west-2.amazonaws.com/municipalcodeonline.com-new/magna/resolutions/documents/1770054398_Magna%20CRA%20R2026-01%20-%20Approving%20Broadway%20Project%20Area%20CRA.pdf  -> Magna_CRA_R2026-01_-_Approving_Broadway_Project_Area_CRA.pdf
ok   200  https://s3-us-west-2.amazonaws.com/municipalcodeonline.com-new/magna/resolutions/documents/1759244167_Magna%20R2025-11%20Interlocal%20Agreement%20Magna%20on%20behalf%20of%20Magna%20CTC%20and%20Utah%20State%20University.pdf  -> Magna_R2025-11_Interlocal_Agreement_Magna_on_behalf_of_Magna_CTC_and_Utah_State_University.pdf
ok   200  https://s3-us-west-2.amazonaws.com/municipalcodeonline.com-new/magna/resolutions/documents/1774551391_Magna%20R2025-18A%20Appointing%20Alternate%20Members%20to%20the%20Planning%20Commission.docx  -> Magna_R2025-18A_Appointing_Alternate_Members_to_the_Planning_Commission.docx
ok   200  https://s3-us-west-2.amazonaws.com/municipalcodeonline.com-new/magna/resolutions/documents/1769021627_Magna%20R2026-01%20Appointing%20MSD%20Board%20Representative.pdf  -> Magna_R2026-01_Appointing_MSD_Board_Representative.pdf
ok   200  https://s3-us-west-2.amazonaws.com/municipalcodeonline.com-new/magna/resolutions/documents/1769021606_Magna%20R2026-02%20Amending%20Procurement%20Policy.pdf  -> Magna_R2026-02_Amending_Procurement_Policy.pdf
ok   200  https://s3-us-west-2.amazonaws.com/municipalcodeonline.com-new/magna/resolutions/documents/1770053159_Magna%20R2026-03%20Appointing%20Replacement%20to%20MSD%20Board.pdf  -> Magna_R2026-03_Appointing_Replacement_to_MSD_Board.pdf
ok   200  https://s3-us-west-2.amazonaws.com/municipalcodeonline.com-new/magna/resolutions/documents/1770053185_Magna%20R2026-04%20Appointing%20Representative%20to%20UFA%20and%20UFSA.pdf  -> Magna_R2026-04_Appointing_Representative_to_UFA_and_UFSA.pdf
ok   200  https://s3-us-west-2.amazonaws.com/municipalcodeonline.com-new/magna/resolutions/documents/1770053208_Magna%20R2026-06%20Appointing%20Representative%20to%20WFWRD.pdf  -> Magna_R2026-06_Appointing_Representative_to_WFWRD.pdf
ok   200  https://s3-us-west-2.amazonaws.com/municipalcodeonline.com-new/magna/resolutions/documents/1770053231_Magna%20R2026-07%20Appointing%20Representative%20to%20WFWRD.pdf  -> Magna_R2026-07_Appointing_Representative_to_WFWRD.pdf
ok   200  https://s3-us-west-2.amazonaws.com/municipalcodeonline.com-new/magna/resolutions/documents/1770053252_Magna%20R2026-08%20Appointing%20Representative%20to%20Animal%20Services.pdf  -> Magna_R2026-08_Appointing_Representative_to_Animal_Services.pdf
ok   200  https://s3-us-west-2.amazonaws.com/municipalcodeonline.com-new/magna/resolutions/documents/1770916821_Magna%20R2026-10%20Broadway%20Property%20Signature%20Authorization.pdf  -> Magna_R2026-10_Broadway_Property_Signature_Authorization.pdf
ok   200  https://s3-us-west-2.amazonaws.com/municipalcodeonline.com-new/magna/resolutions/documents/1770916125_Magna%20R2026-12%20Adopting%20Personnel%20Policy.pdf  -> Magna_R2026-12_Adopting_Personnel_Policy.pdf
ok   200  https://s3-us-west-2.amazonaws.com/municipalcodeonline.com-new/magna/resolutions/documents/1770915002_Magna%20R2026-13%20Adopting%20Updated%20SLCo%20Hazard%20Mitigation%20Plan.pdf  -> Magna_R2026-13_Adopting_Updated_SLCo_Hazard_Mitigation_Plan.pdf
ok   200  https://s3-us-west-2.amazonaws.com/municipalcodeonline.com-new/magna/resolutions/documents/1770915166_Magna%20R2026-13%20Adopting%20Updated%20SLCo%20Hazard%20Mitigation%20Plan.pdf  -> Magna_R2026-13_Adopting_Updated_SLCo_Hazard_Mitigation_Plan__c286cc.pdf
ok   200  https://s3-us-west-2.amazonaws.com/municipalcodeonline.com-new/magna/resolutions/documents/1770915086_Magna%20R2026-13%20SLCo%20MultiJurisdictional%20Hazard%20Mitigation%20Plan%20UPDATED%202025.pdf  -> Magna_R2026-13_SLCo_MultiJurisdictional_Hazard_Mitigation_Plan_UPDATED_2025.pdf
ok   200  https://s3-us-west-2.amazonaws.com/municipalcodeonline.com-new/magna/resolutions/documents/1773421846_Magna%20R2026-15%20Appointing%20Jeff%20White%20to%20Planning%20Commission.pdf  -> Magna_R2026-15_Appointing_Jeff_White_to_Planning_Commission.pdf
ok   200  https://s3-us-west-2.amazonaws.com/municipalcodeonline.com-new/magna/resolutions/documents/1774551417_Magna%20R2026-15A%20Appointing%20Jeff%20White%20to%20Planning%20Commission%20-%20UPDATED.pdf  -> Magna_R2026-15A_Appointing_Jeff_White_to_Planning_Commission_-_UPDATED.pdf
ok   200  https://s3-us-west-2.amazonaws.com/municipalcodeonline.com-new/magna/resolutions/documents/1773421882_Magna%20R2026-16%20Appointing%20Jeff%20Larson%20to%20Planning%20Commission.pdf  -> Magna_R2026-16_Appointing_Jeff_Larson_to_Planning_Commission.pdf
ok   200  https://s3-us-west-2.amazonaws.com/municipalcodeonline.com-new/magna/resolutions/documents/1774551452_Magna%20R2026-16A%20Appointing%20Jeff%20Larson%20to%20Planning%20Commission%20-%20UPDATED.pdf  -> Magna_R2026-16A_Appointing_Jeff_Larson_to_Planning_Commission_-_UPDATED.pdf
ok   200  https://s3-us-west-2.amazonaws.com/municipalcodeonline.com-new/magna/resolutions/documents/1773422112_Magna%20R2026-17%20Appointing%20Ted%20Shaw%20to%20Planning%20Commission.pdf  -> Magna_R2026-17_Appointing_Ted_Shaw_to_Planning_Commission.pdf
ok   200  https://s3-us-west-2.amazonaws.com/municipalcodeonline.com-new/magna/resolutions/documents/1774551474_Magna%20R2026-17A%20Appointing%20Ted%20Shaw%20to%20Planning%20Commission%20-%20UPDATED.pdf  -> Magna_R2026-17A_Appointing_Ted_Shaw_to_Planning_Commission_-_UPDATED.pdf
ok   200  https://s3-us-west-2.amazonaws.com/municipalcodeonline.com-new/magna/resolutions/documents/1773422189_Magna%20R2026-18%20Appointing%20Alternates%20to%20Planning%20Commission.pdf  -> Magna_R2026-18_Appointing_Alternates_to_Planning_Commission.pdf
ok   200  https://s3-us-west-2.amazonaws.com/municipalcodeonline.com-new/magna/resolutions/documents/1774551429_Magna%20R2026-18A%20Appointing%20Alternates%20to%20Planning%20Commission%20-%20UPDATED.pdf  -> Magna_R2026-18A_Appointing_Alternates_to_Planning_Commission_-_UPDATED.pdf
ok   200  https://s3-us-west-2.amazonaws.com/municipalcodeonline.com-new/magna/resolutions/documents/1774551495_Magna%20R2026-20%20Adopting%20Rules%20of%20Order%20and%20Procedure%20for%20City%20Council%20Meetings.pdf  -> Magna_R2026-20_Adopting_Rules_of_Order_and_Procedure_for_City_Council_Meetings.pdf
ok   200  https://s3-us-west-2.amazonaws.com/municipalcodeonline.com-new/magna/resolutions/documents/1774551521_Magna%20R2026-21%20Adopting%204th%20of%20July%20Parade%20Rules%20and%20Policies.pdf  -> Magna_R2026-21_Adopting_4th_of_July_Parade_Rules_and_Policies.pdf
ok   200  https://s3-us-west-2.amazonaws.com/municipalcodeonline.com-new/magna/resolutions/documents/1777514724_Magna%20R2026-22%20Appointing%20Terry%20George%20as%20WFWRD%20Representative.pdf  -> Magna_R2026-22_Appointing_Terry_George_as_WFWRD_Representative.pdf
ok   200  https://s3-us-west-2.amazonaws.com/municipalcodeonline.com-new/magna/resolutions/documents/1777520360_Magna%20R2026-23%20Resolution%20Waiving%20Fees%20for%20County%20Salt%20Pile.pdf  -> Magna_R2026-23_Resolution_Waiving_Fees_for_County_Salt_Pile.pdf
ok   200  https://s3-us-west-2.amazonaws.com/municipalcodeonline.com-new/magna/resolutions/documents/1777519087_Magna%20R2026-24%20Commemorative%20Street%20Name%20Change%20to%20Bulldogs%20Way.pdf  -> Magna_R2026-24_Commemorative_Street_Name_Change_to_Bulldogs_Way.pdf
ok   200  https://s3-us-west-2.amazonaws.com/municipalcodeonline.com-new/magna/resolutions/documents/1777519302_Magna%20R2026-25%20Commemorative%20Street%20Name%20Change%20to%20Pirates%20Way.pdf  -> Magna_R2026-25_Commemorative_Street_Name_Change_to_Pirates_Way.pdf
ok   200  https://s3-us-west-2.amazonaws.com/municipalcodeonline.com-new/magna/resolutions/documents/1777519540_Magna%20R2026-26%20Approving%20Funding%20for%20Additional%20Police%20Sergeant.pdf  -> Magna_R2026-26_Approving_Funding_for_Additional_Police_Sergeant.pdf
ok   200  https://s3-us-west-2.amazonaws.com/municipalcodeonline.com-new/magna/resolutions/documents/1779818058_Magna%20R2026-28%20Adopting%20Tentative%20City%20Budget.pdf  -> Magna_R2026-28_Adopting_Tentative_City_Budget.pdf
ok   200  https://s3-us-west-2.amazonaws.com/municipalcodeonline.com-new/magna/resolutions/documents/1779818207_Magna%20R2026-29%20Approving%20Interlocal%20with%20WVC%20for%207200%20W%20Design.pdf  -> Magna_R2026-29_Approving_Interlocal_with_WVC_for_7200_W_Design.pdf
ok   200  https://s3-us-west-2.amazonaws.com/municipalcodeonline.com-new/magna/resolutions/documents/1779818117_Magna%20R2026-31%20Approving%20interlocal%20with%20UPD%20for%20new%20Sargeant.pdf  -> Magna_R2026-31_Approving_interlocal_with_UPD_for_new_Sargeant.pdf
ok   200  https://s3-us-west-2.amazonaws.com/municipalcodeonline.com-new/magna/resolutions/documents/1781194510_Magna%20R2026-33%20Amendments%20to%20FY2026%20Budget.pdf  -> Magna_R2026-33_Amendments_to_FY2026_Budget.pdf
ok   200  https://s3-us-west-2.amazonaws.com/municipalcodeonline.com-new/magna/resolutions/documents/1781196246_Magna%20R2026-34%20ILA%20for%20TRCC%20Grant%20Pickleball%20Neighborhood%20Park.pdf  -> Magna_R2026-34_ILA_for_TRCC_Grant_Pickleball_Neighborhood_Park.pdf
ok   200  https://s3-us-west-2.amazonaws.com/municipalcodeonline.com-new/magna/resolutions/documents/1781196453_Magna%20R2026-36%20ILA%20Amendment%20-%20DOJ%20Sherriffs%20Office%20Grant%20Funds06102026141222.pdf  -> Magna_R2026-36_ILA_Amendment_-_DOJ_Sherriffs_Office_Grant_Funds06102026141222.pdf
ok   200  https://s3-us-west-2.amazonaws.com/municipalcodeonline.com-new/magna/resolutions/documents/1781196786_Magna%20R2026-37%20ILA%20Amendment%20-%20DOJ%20Funds%20Youth%20Services.pdf  -> Magna_R2026-37_ILA_Amendment_-_DOJ_Funds_Youth_Services.pdf
ok   200  https://s3-us-west-2.amazonaws.com/municipalcodeonline.com-new/magna/resolutions/documents/1781196638_Magna%20R2026-38%20ILA%20Amendment%20-%20DOJ%20Funds%20Granite%20School%20District06102026141426.pdf  -> Magna_R2026-38_ILA_Amendment_-_DOJ_Funds_Granite_School_District06102026141426.pdf
ok   200  https://s3-us-west-2.amazonaws.com/municipalcodeonline.com-new/magna/resolutions/documents/1783997552_Magna%20R2026-39%20FY2026%20Budget%20Amendment.pdf  -> Magna_R2026-39_FY2026_Budget_Amendment.pdf
ok   200  https://s3-us-west-2.amazonaws.com/municipalcodeonline.com-new/magna/ordinances/pdf/Ord_19-05-01.pdf  -> Ord_19-05-01.pdf
ok   200  https://s3-us-west-2.amazonaws.com/municipalcodeonline.com-new/magna/ordinances/pdf/Ord_19-05-02.pdf  -> Ord_19-05-02.pdf
ok   200  https://s3-us-west-2.amazonaws.com/municipalcodeonline.com-new/magna/ordinances/pdf/Ord_19-05-03.pdf  -> Ord_19-05-03.pdf
ok   200  https://s3-us-west-2.amazonaws.com/municipalcodeonline.com-new/magna/ordinances/documents/1724957957_Ordiance%202024-O-12.pdf  -> Ordiance_2024-O-12.pdf
ok   200  https://s3-us-west-2.amazonaws.com/municipalcodeonline.com-new/magna/ordinances/documents/Ordinance%2017-01-01.pdf  -> Ordinance_17-01-01.pdf
ok   200  https://s3-us-west-2.amazonaws.com/municipalcodeonline.com-new/magna/ordinances/documents/Ordinance%2017-01-02.pdf  -> Ordinance_17-01-02.pdf
ok   200  https://s3-us-west-2.amazonaws.com/municipalcodeonline.com-new/magna/ordinances/documents/Ordinance%2017-01-03.pdf  -> Ordinance_17-01-03.pdf
ok   200  https://s3-us-west-2.amazonaws.com/municipalcodeonline.com-new/magna/ordinances/documents/Ordinance%2017-01-04.pdf  -> Ordinance_17-01-04.pdf
ok   200  https://s3-us-west-2.amazonaws.com/municipalcodeonline.com-new/magna/ordinances/documents/Ordinance%2017-03-01.pdf  -> Ordinance_17-03-01.pdf
ok   200  https://s3-us-west-2.amazonaws.com/municipalcodeonline.com-new/magna/ordinances/documents/Ordinance%2017-05-01.pdf  -> Ordinance_17-05-01.pdf
ok   200  https://s3-us-west-2.amazonaws.com/municipalcodeonline.com-new/magna/ordinances/documents/Ordinance%2017-05-02.pdf  -> Ordinance_17-05-02.pdf
ok   200  https://s3-us-west-2.amazonaws.com/municipalcodeonline.com-new/magna/ordinances/documents/Ordinance%2017-06-01.pdf  -> Ordinance_17-06-01.pdf
ok   200  https://s3-us-west-2.amazonaws.com/municipalcodeonline.com-new/magna/ordinances/documents/Ordinance%2017-06-02.pdf  -> Ordinance_17-06-02.pdf
ok   200  https://s3-us-west-2.amazonaws.com/municipalcodeonline.com-new/magna/ordinances/documents/Ordinance%2017-07-01.pdf  -> Ordinance_17-07-01.pdf
ok   200  https://s3-us-west-2.amazonaws.com/municipalcodeonline.com-new/magna/ordinances/documents/Ordinance%2017-07-02.pdf  -> Ordinance_17-07-02.pdf
ok   200  https://s3-us-west-2.amazonaws.com/municipalcodeonline.com-new/magna/ordinances/documents/Ordinance%2017-07-03.pdf  -> Ordinance_17-07-03.pdf
ok   200  https://s3-us-west-2.amazonaws.com/municipalcodeonline.com-new/magna/ordinances/documents/Ordinance%2017-08-01.pdf  -> Ordinance_17-08-01.pdf
ok   200  https://s3-us-west-2.amazonaws.com/municipalcodeonline.com-new/magna/ordinances/documents/Ordinance%2017-11-01.pdf  -> Ordinance_17-11-01.pdf
ok   200  https://s3-us-west-2.amazonaws.com/municipalcodeonline.com-new/magna/ordinances/documents/1663601745_Ordinance%2018-01-01%20Purchasing%20Ordinance.pdf  -> Ordinance_18-01-01_Purchasing_Ordinance.pdf
ok   200  https://s3-us-west-2.amazonaws.com/municipalcodeonline.com-new/magna/ordinances/documents/1600803755_Ordinance%2018-01-01.pdf  -> Ordinance_18-01-01.pdf
ok   200  https://s3-us-west-2.amazonaws.com/municipalcodeonline.com-new/magna/ordinances/documents/1569350278_Ordinance%2018-01-02%5B114211%5D.pdf  -> Ordinance_18-01-02[114211].pdf
ok   200  https://s3-us-west-2.amazonaws.com/municipalcodeonline.com-new/magna/ordinances/documents/1661801784_Ordinance%2019-06-01.pdf  -> Ordinance_19-06-01.pdf
ok   200  https://s3-us-west-2.amazonaws.com/municipalcodeonline.com-new/magna/ordinances/documents/1574794672_Ordinance%2019-06-01%5B24598%5D.pdf  -> Ordinance_19-06-01[24598].pdf
ok   200  https://s3-us-west-2.amazonaws.com/municipalcodeonline.com-new/magna/ordinances/documents/1579294420_Ordinance%2019-08-02.pdf  -> Ordinance_19-08-02.pdf
ok   200  https://s3-us-west-2.amazonaws.com/municipalcodeonline.com-new/magna/ordinances/documents/1579296226_Ordinance%2019-09-01.pdf  -> Ordinance_19-09-01.pdf
ok   200  https://s3-us-west-2.amazonaws.com/municipalcodeonline.com-new/magna/ordinances/documents/1617910947_Ordinance%2020-02-01.pdf  -> Ordinance_20-02-01.pdf
ok   200  https://s3-us-west-2.amazonaws.com/municipalcodeonline.com-new/magna/ordinances/documents/1592517125_Ordinance%2020-05-01.pdf  -> Ordinance_20-05-01.pdf
ok   200  https://s3-us-west-2.amazonaws.com/municipalcodeonline.com-new/magna/ordinances/documents/1592515645_Ordinance%2020-06-01.pdf  -> Ordinance_20-06-01.pdf
ok   200  https://s3-us-west-2.amazonaws.com/municipalcodeonline.com-new/magna/ordinances/documents/1592514369_Ordinance%2020-06-02.pdf  -> Ordinance_20-06-02.pdf
ok   200  https://s3-us-west-2.amazonaws.com/municipalcodeonline.com-new/magna/ordinances/documents/1657140507_Ordinance%202022-O-04.pdf  -> Ordinance_2022-O-04.pdf
ok   200  https://s3-us-west-2.amazonaws.com/municipalcodeonline.com-new/magna/ordinances/documents/1660593953_Ordinance%202022-O-04.pdf  -> Ordinance_2022-O-04__2e1cdc.pdf
ok   200  https://s3-us-west-2.amazonaws.com/municipalcodeonline.com-new/magna/ordinances/documents/1660592747_Ordinance%202022-O-05.pdf  -> Ordinance_2022-O-05.pdf
ok   200  https://s3-us-west-2.amazonaws.com/municipalcodeonline.com-new/magna/ordinances/documents/1660598256_Ordinance%202022-O-06.pdf  -> Ordinance_2022-O-06.pdf
ok   200  https://s3-us-west-2.amazonaws.com/municipalcodeonline.com-new/magna/plan/documents/1670534855_Ordinance%202022-O-08.pdf  -> Ordinance_2022-O-08.pdf
ok   200  https://s3-us-west-2.amazonaws.com/municipalcodeonline.com-new/magna/resolutions/documents/1687886240_Ordinance%202023-O-03.pdf  -> Ordinance_2023-O-03.pdf
ok   200  https://s3-us-west-2.amazonaws.com/municipalcodeonline.com-new/magna/ordinances/documents/1682545389_Ordinance%202023-O-05%20Magna%20Main%20Rezone.pdf  -> Ordinance_2023-O-05_Magna_Main_Rezone.pdf
ok   200  https://s3-us-west-2.amazonaws.com/municipalcodeonline.com-new/magna/ordinances/documents/1687286193_Ordinance%202023-O-06.pdf  -> Ordinance_2023-O-06.pdf
ok   200  https://s3-us-west-2.amazonaws.com/municipalcodeonline.com-new/magna/ordinances/documents/1712784353_Ordinance%202024-O-02.pdf  -> Ordinance_2024-O-02.pdf
ok   200  https://s3-us-west-2.amazonaws.com/municipalcodeonline.com-new/magna/ordinances/documents/1712177985_Ordinance%202024-O-03.pdf  -> Ordinance_2024-O-03.pdf
ok   200  https://s3-us-west-2.amazonaws.com/municipalcodeonline.com-new/magna/resolutions/documents/1723754367_Ordinance%202024-O-05.pdf  -> Ordinance_2024-O-05.pdf
ok   200  https://s3-us-west-2.amazonaws.com/municipalcodeonline.com-new/magna/ordinances/documents/1723754568_Ordinance%202024-O-06.pdf  -> Ordinance_2024-O-06.pdf
ok   200  https://s3-us-west-2.amazonaws.com/municipalcodeonline.com-new/magna/ordinances/documents/1724881019_Ordinance%202024-O-07.pdf  -> Ordinance_2024-O-07.pdf
ok   200  https://s3-us-west-2.amazonaws.com/municipalcodeonline.com-new/magna/ordinances/documents/1724956086_Ordinance%202024-O-10.pdf  -> Ordinance_2024-O-10.pdf
ok   200  https://s3-us-west-2.amazonaws.com/municipalcodeonline.com-new/magna/ordinances/documents/1724957686_Ordinance%202024-O-10.pdf  -> Ordinance_2024-O-10__a80f39.pdf
ok   200  https://s3-us-west-2.amazonaws.com/municipalcodeonline.com-new/magna/ordinances/documents/1725572555_Ordinance%202024-O-10.pdf  -> Ordinance_2024-O-10__c96971.pdf
ok   200  https://s3-us-west-2.amazonaws.com/municipalcodeonline.com-new/magna/ordinances/documents/1726171238_Ordinance%202024-O-11.pdf  -> Ordinance_2024-O-11.pdf
ok   200  https://s3-us-west-2.amazonaws.com/municipalcodeonline.com-new/magna/ordinances/documents/1728505550_Ordinance%202024-O-13.pdf  -> Ordinance_2024-O-13.pdf
ok   200  https://s3-us-west-2.amazonaws.com/municipalcodeonline.com-new/magna/ordinances/documents/1730924824_Ordinance%202024-O-15.pdf  -> Ordinance_2024-O-15.pdf
ok   200  https://s3-us-west-2.amazonaws.com/municipalcodeonline.com-new/magna/ordinances/documents/1742398426_Ordinance%202024-O-16%20UPDATED%20Adopting%20Ordinance%2C%20Magna%20Parking%20Amendments%20-%20SIGNED.pdf  -> "Ordinance_2024-O-16_UPDATED_Adopting_Ordinance,_Magna_Parking_Amendments_-_SIGNED.pdf"
ok   200  https://s3-us-west-2.amazonaws.com/municipalcodeonline.com-new/magna/ordinances/documents/1735069530_Ordinance%202024-O-17%20-%20SIGNED%2012-10-2024.pdf  -> Ordinance_2024-O-17_-_SIGNED_12-10-2024.pdf
ok   200  https://s3-us-west-2.amazonaws.com/municipalcodeonline.com-new/magna/ordinances/documents/1742405377_Ordinance%202024-O-17%20-%20SIGNED%2012-10-2024.pdf  -> Ordinance_2024-O-17_-_SIGNED_12-10-2024__1b5005.pdf
ok   200  https://s3-us-west-2.amazonaws.com/municipalcodeonline.com-new/magna/ordinances/documents/1735247169_Ordinance%202024-O-17.pdf  -> Ordinance_2024-O-17.pdf
ok   200  https://s3-us-west-2.amazonaws.com/municipalcodeonline.com-new/magna/ordinances/documents/1735069849_Ordinance%202024-O-18%20-%20SIGNED%2012-10-2024.pdf  -> Ordinance_2024-O-18_-_SIGNED_12-10-2024.pdf
ok   200  https://s3-us-west-2.amazonaws.com/municipalcodeonline.com-new/magna/ordinances/documents/1752077137_Ordinance%202025-O-05%20-%20Title%2011.20%20Stopping%20Standing%20Parking.pdf  -> Ordinance_2025-O-05_-_Title_11.20_Stopping_Standing_Parking.pdf
ok   200  https://s3-us-west-2.amazonaws.com/municipalcodeonline.com-new/magna/ordinances/documents/1617298534_Ordinance%2021-02-01%20Planned%20Community%20P-C%20Zone.pdf  -> Ordinance_21-02-01_Planned_Community_P-C_Zone.pdf
ok   200  https://s3-us-west-2.amazonaws.com/municipalcodeonline.com-new/magna/ordinances/documents/1614886911_Ordinance%2021-02-01.pdf  -> Ordinance_21-02-01.pdf
ok   200  https://s3-us-west-2.amazonaws.com/municipalcodeonline.com-new/magna/ordinances/documents/1614887454_Ordinance%2021-02-02.pdf  -> Ordinance_21-02-02.pdf
ok   200  https://s3-us-west-2.amazonaws.com/municipalcodeonline.com-new/magna/ordinances/documents/1631646658_Ordinance%2021-04-01.pdf  -> Ordinance_21-04-01.pdf
ok   200  https://s3-us-west-2.amazonaws.com/municipalcodeonline.com-new/magna/ordinances/documents/1633379458_Ordinance%2021-04-02.pdf  -> Ordinance_21-04-02.pdf
ok   200  https://s3-us-west-2.amazonaws.com/municipalcodeonline.com-new/magna/ordinances/documents/1628872508_Ordinance%2021-05-01%20%28002%29.pdf  -> Ordinance_21-05-01_(002).pdf
ok   200  https://s3-us-west-2.amazonaws.com/municipalcodeonline.com-new/magna/ordinances/documents/1649972041_Ordinance%2021-09-03.pdf  -> Ordinance_21-09-03.pdf
ok   200  https://s3-us-west-2.amazonaws.com/municipalcodeonline.com-new/magna/ordinances/documents/1721065183_Ordinance%2022-O-02%20.pdf  -> Ordinance_22-O-02_.pdf
ok   200  https://s3-us-west-2.amazonaws.com/municipalcodeonline.com-new/magna/ordinances/documents/1663605039_Ordinance%20No.%2022-O-01%20Adopting%20Chapter%207.01%20Cemeteries.pdf  -> Ordinance_No._22-O-01_Adopting_Chapter_7.01_Cemeteries.pdf
ok   200  https://s3-us-west-2.amazonaws.com/municipalcodeonline.com-new/magna/resolutions/documents/1687814846_Resolution%2017-04-01.pdf  -> Resolution_17-04-01.pdf
ok   200  https://s3-us-west-2.amazonaws.com/municipalcodeonline.com-new/magna/resolutions/documents/1653077252_Resolution%2017-11-02.pdf  -> Resolution_17-11-02.pdf
ok   200  https://s3-us-west-2.amazonaws.com/municipalcodeonline.com-new/magna/resolutions/documents/1579292811_Resolution%2019-08-01.pdf  -> Resolution_19-08-01.pdf
ok   200  https://s3-us-west-2.amazonaws.com/municipalcodeonline.com-new/magna/resolutions/documents/1579295414_Resolution%2019-08-02.pdf  -> Resolution_19-08-02.pdf
ok   200  https://s3-us-west-2.amazonaws.com/municipalcodeonline.com-new/magna/resolutions/documents/1579295778_Resolution%2019-08-03.pdf  -> Resolution_19-08-03.pdf
ok   200  https://s3-us-west-2.amazonaws.com/municipalcodeonline.com-new/magna/resolutions/documents/1579296725_Resolution%2019-09-01.pdf  -> Resolution_19-09-01.pdf
ok   200  https://s3-us-west-2.amazonaws.com/municipalcodeonline.com-new/magna/resolutions/documents/1579297681_Resolution%2019-09-02.pdf  -> Resolution_19-09-02.pdf
ok   200  https://s3-us-west-2.amazonaws.com/municipalcodeonline.com-new/magna/resolutions/documents/1579298106_Resolution%2019-09-03.pdf  -> Resolution_19-09-03.pdf
ok   200  https://s3-us-west-2.amazonaws.com/municipalcodeonline.com-new/magna/resolutions/documents/1579298809_Resolution%2019-09-04.pdf  -> Resolution_19-09-04.pdf
ok   200  https://s3-us-west-2.amazonaws.com/municipalcodeonline.com-new/magna/resolutions/documents/1579299789_Resolution%2019-09-05.pdf  -> Resolution_19-09-05.pdf
ok   200  https://s3-us-west-2.amazonaws.com/municipalcodeonline.com-new/magna/resolutions/documents/1579300027_Resolution%2019-09-06.pdf  -> Resolution_19-09-06.pdf
ok   200  https://s3-us-west-2.amazonaws.com/municipalcodeonline.com-new/magna/resolutions/documents/1579300723_Resolution%2019-10-01.pdf  -> Resolution_19-10-01.pdf
ok   200  https://s3-us-west-2.amazonaws.com/municipalcodeonline.com-new/magna/resolutions/documents/1579301262_Resolution%2019-11-01.pdf  -> Resolution_19-11-01.pdf
ok   200  https://s3-us-west-2.amazonaws.com/municipalcodeonline.com-new/magna/resolutions/documents/1579301665_Resolution%2019-11-02.pdf  -> Resolution_19-11-02.pdf
ok   200  https://s3-us-west-2.amazonaws.com/municipalcodeonline.com-new/magna/resolutions/documents/1579302225_Resolution%2019-11-04.pdf  -> Resolution_19-11-04.pdf
ok   200  https://s3-us-west-2.amazonaws.com/municipalcodeonline.com-new/magna/resolutions/documents/1579303708_Resolution%2019-11-05.pdf  -> Resolution_19-11-05.pdf
ok   200  https://s3-us-west-2.amazonaws.com/municipalcodeonline.com-new/magna/resolutions/documents/1579632215_Resolution%2019-11-06.pdf  -> Resolution_19-11-06.pdf
ok   200  https://s3-us-west-2.amazonaws.com/municipalcodeonline.com-new/magna/resolutions/documents/1597185042_Resolution%2020-01-01.pdf  -> Resolution_20-01-01.pdf
ok   200  https://s3-us-west-2.amazonaws.com/municipalcodeonline.com-new/magna/resolutions/documents/1597185071_Resolution%2020-01-02.pdf  -> Resolution_20-01-02.pdf
ok   200  https://s3-us-west-2.amazonaws.com/municipalcodeonline.com-new/magna/resolutions/documents/1597185097_Resolution%2020-01-03.pdf  -> Resolution_20-01-03.pdf
ok   200  https://s3-us-west-2.amazonaws.com/municipalcodeonline.com-new/magna/resolutions/documents/1597185132_Resolution%2020-02-01.pdf  -> Resolution_20-02-01.pdf
ok   200  https://s3-us-west-2.amazonaws.com/municipalcodeonline.com-new/magna/resolutions/documents/1597784169_Resolution%2020-04-01.pdf  -> Resolution_20-04-01.pdf
ok   200  https://s3-us-west-2.amazonaws.com/municipalcodeonline.com-new/magna/resolutions/documents/1597783844_Resolution%2020-04-02.pdf  -> Resolution_20-04-02.pdf
ok   200  https://s3-us-west-2.amazonaws.com/municipalcodeonline.com-new/magna/resolutions/documents/1597783890_Resolution%2020-04-03.pdf  -> Resolution_20-04-03.pdf
ok   200  https://s3-us-west-2.amazonaws.com/municipalcodeonline.com-new/magna/resolutions/documents/1597783921_Resolution%2020-04-04.pdf  -> Resolution_20-04-04.pdf
ok   200  https://s3-us-west-2.amazonaws.com/municipalcodeonline.com-new/magna/resolutions/documents/1594143154_Resolution%2020-05-01.pdf  -> Resolution_20-05-01.pdf
ok   200  https://s3-us-west-2.amazonaws.com/municipalcodeonline.com-new/magna/resolutions/documents/1592513718_Resolution%2020-06-01.pdf  -> Resolution_20-06-01.pdf
ok   200  https://s3-us-west-2.amazonaws.com/municipalcodeonline.com-new/magna/resolutions/documents/1592516904_Resolution%2020-06-02.pdf  -> Resolution_20-06-02.pdf
ok   200  https://s3-us-west-2.amazonaws.com/municipalcodeonline.com-new/magna/resolutions/documents/1597783953_Resolution%2020-06-03.pdf  -> Resolution_20-06-03.pdf
ok   200  https://s3-us-west-2.amazonaws.com/municipalcodeonline.com-new/magna/resolutions/documents/1597762955_Resolution%2020-06-04.pdf  -> Resolution_20-06-04.pdf
ok   200  https://s3-us-west-2.amazonaws.com/municipalcodeonline.com-new/magna/resolutions/documents/1597762916_Resolution%2020-06-05.pdf  -> Resolution_20-06-05.pdf
ok   200  https://s3-us-west-2.amazonaws.com/municipalcodeonline.com-new/magna/resolutions/documents/1597783994_Resolution%2020-06-06.pdf  -> Resolution_20-06-06.pdf
ok   200  https://s3-us-west-2.amazonaws.com/municipalcodeonline.com-new/magna/resolutions/documents/1597784027_Resolution%2020-06-07.pdf  -> Resolution_20-06-07.pdf
ok   200  https://s3-us-west-2.amazonaws.com/municipalcodeonline.com-new/magna/resolutions/documents/1597784139_Resolution%2020-06-08.pdf  -> Resolution_20-06-08.pdf
ok   200  https://s3-us-west-2.amazonaws.com/municipalcodeonline.com-new/magna/resolutions/documents/1597865711_Resolution%2020-07-01.pdf  -> Resolution_20-07-01.pdf
ok   200  https://s3-us-west-2.amazonaws.com/municipalcodeonline.com-new/magna/resolutions/documents/1603136101_Resolution%2020-10-01.pdf  -> Resolution_20-10-01.pdf
ok   200  https://s3-us-west-2.amazonaws.com/municipalcodeonline.com-new/magna/resolutions/documents/1603136129_Resolution%2020-10-02.pdf  -> Resolution_20-10-02.pdf
ok   200  https://s3-us-west-2.amazonaws.com/municipalcodeonline.com-new/magna/resolutions/documents/1603136155_Resolution%2020-10-03.pdf  -> Resolution_20-10-03.pdf
ok   200  https://s3-us-west-2.amazonaws.com/municipalcodeonline.com-new/magna/resolutions/documents/1603136177_Resolution%2020-10-04.pdf  -> Resolution_20-10-04.pdf
ok   200  https://s3-us-west-2.amazonaws.com/municipalcodeonline.com-new/magna/resolutions/documents/1609368318_Resolution%2020-12-01.pdf  -> Resolution_20-12-01.pdf
ok   200  https://s3-us-west-2.amazonaws.com/municipalcodeonline.com-new/magna/resolutions/documents/1609868809_Resolution%2020-12-02.pdf  -> Resolution_20-12-02.pdf
ok   200  https://s3-us-west-2.amazonaws.com/municipalcodeonline.com-new/magna/resolutions/documents/1609871009_Resolution%2020-12-03.pdf  -> Resolution_20-12-03.pdf
ok   200  https://s3-us-west-2.amazonaws.com/municipalcodeonline.com-new/magna/resolutions/documents/1609871050_Resolution%2020-12-04.pdf  -> Resolution_20-12-04.pdf
ok   200  https://s3-us-west-2.amazonaws.com/municipalcodeonline.com-new/magna/resolutions/documents/1652988560_Resolution%202022-04-01.pdf  -> Resolution_2022-04-01.pdf
ok   200  https://s3-us-west-2.amazonaws.com/municipalcodeonline.com-new/magna/resolutions/documents/1652988730_Resolution%202022-04-02.pdf  -> Resolution_2022-04-02.pdf
ok   200  https://s3-us-west-2.amazonaws.com/municipalcodeonline.com-new/magna/resolutions/documents/1652988901_Resolution%202022-04-03.pdf  -> Resolution_2022-04-03.pdf
ok   200  https://s3-us-west-2.amazonaws.com/municipalcodeonline.com-new/magna/resolutions/documents/1655148612_Resolution%202022-05-01.pdf  -> Resolution_2022-05-01.pdf
ok   200  https://s3-us-west-2.amazonaws.com/municipalcodeonline.com-new/magna/resolutions/documents/1655149849_Resolution%202022-05-02.pdf  -> Resolution_2022-05-02.pdf
ok   200  https://s3-us-west-2.amazonaws.com/municipalcodeonline.com-new/magna/resolutions/documents/1663102517_Resolution%202022-07-01.pdf  -> Resolution_2022-07-01.pdf
ok   200  https://s3-us-west-2.amazonaws.com/municipalcodeonline.com-new/magna/resolutions/documents/1670537296_Resolution%202022-08-01.pdf  -> Resolution_2022-08-01.pdf
ok   200  https://s3-us-west-2.amazonaws.com/municipalcodeonline.com-new/magna/resolutions/documents/1681941247_Resolution%202022-09-04.pdf  -> Resolution_2022-09-04.pdf
ok   200  https://s3-us-west-2.amazonaws.com/municipalcodeonline.com-new/magna/resolutions/documents/1670535823_Resolution%202022-10-01.pdf  -> Resolution_2022-10-01.pdf
ok   200  https://s3-us-west-2.amazonaws.com/municipalcodeonline.com-new/magna/resolutions/documents/1670537101_Resolution%202022-10-02.pdf  -> Resolution_2022-10-02.pdf
ok   200  https://s3-us-west-2.amazonaws.com/municipalcodeonline.com-new/magna/resolutions/documents/1670538540_Resolution%202022-11-02.pdf  -> Resolution_2022-11-02.pdf
ok   200  https://s3-us-west-2.amazonaws.com/municipalcodeonline.com-new/magna/resolutions/documents/1681941704_Resolution%202022-12-01.pdf  -> Resolution_2022-12-01.pdf
ok   200  https://s3-us-west-2.amazonaws.com/municipalcodeonline.com-new/magna/resolutions/documents/1681941840_Resolution%202022-12-02.pdf  -> Resolution_2022-12-02.pdf
ok   200  https://s3-us-west-2.amazonaws.com/municipalcodeonline.com-new/magna/resolutions/documents/1674169477_Resolution%202022-12-03.pdf  -> Resolution_2022-12-03.pdf
ok   200  https://s3-us-west-2.amazonaws.com/municipalcodeonline.com-new/magna/resolutions/documents/1681942427_Resolution%202022-12-04.pdf  -> Resolution_2022-12-04.pdf
ok   200  https://s3-us-west-2.amazonaws.com/municipalcodeonline.com-new/magna/resolutions/documents/1681942586_Resolution%202022-12-05.pdf  -> Resolution_2022-12-05.pdf
ok   200  https://s3-us-west-2.amazonaws.com/municipalcodeonline.com-new/magna/resolutions/documents/1681943123_Resolution%202022-12-06.pdf  -> Resolution_2022-12-06.pdf
ok   200  https://s3-us-west-2.amazonaws.com/municipalcodeonline.com-new/magna/resolutions/documents/1681943335_Resolution%202022-12-07.pdf  -> Resolution_2022-12-07.pdf
ok   200  https://s3-us-west-2.amazonaws.com/municipalcodeonline.com-new/magna/resolutions/documents/1687814175_Resolution%202023-02-01.pdf  -> Resolution_2023-02-01.pdf
ok   200  https://s3-us-west-2.amazonaws.com/municipalcodeonline.com-new/magna/resolutions/documents/1687814373_Resolution%202023-03-01.pdf  -> Resolution_2023-03-01.pdf
ok   200  https://s3-us-west-2.amazonaws.com/municipalcodeonline.com-new/magna/resolutions/documents/1687815122_Resolution%202023-04-02.pdf  -> Resolution_2023-04-02.pdf
ok   200  https://s3-us-west-2.amazonaws.com/municipalcodeonline.com-new/magna/resolutions/documents/1687815588_Resolution%202023-04-03.pdf  -> Resolution_2023-04-03.pdf
ok   200  https://s3-us-west-2.amazonaws.com/municipalcodeonline.com-new/magna/resolutions/documents/1687815842_Resolution%202023-04-04.pdf  -> Resolution_2023-04-04.pdf
ok   200  https://s3-us-west-2.amazonaws.com/municipalcodeonline.com-new/magna/resolutions/documents/1687816102_Resolution%202023-05-01.pdf  -> Resolution_2023-05-01.pdf
ok   200  https://s3-us-west-2.amazonaws.com/municipalcodeonline.com-new/magna/resolutions/documents/1712179487_Resolution%202023-06-01.pdf  -> Resolution_2023-06-01.pdf
ok   200  https://s3-us-west-2.amazonaws.com/municipalcodeonline.com-new/magna/resolutions/documents/1712181365_Resolution%202023-06-02.pdf  -> Resolution_2023-06-02.pdf
ok   200  https://s3-us-west-2.amazonaws.com/municipalcodeonline.com-new/magna/resolutions/documents/1712181648_Resolution%202023-06-03.pdf  -> Resolution_2023-06-03.pdf
ok   200  https://s3-us-west-2.amazonaws.com/municipalcodeonline.com-new/magna/resolutions/documents/1691523930_Resolution%202023-07-01.pdf  -> Resolution_2023-07-01.pdf
ok   200  https://s3-us-west-2.amazonaws.com/municipalcodeonline.com-new/magna/resolutions/documents/1695326665_Resolution%202023-08-01.pdf  -> Resolution_2023-08-01.pdf
ok   200  https://s3-us-west-2.amazonaws.com/municipalcodeonline.com-new/magna/resolutions/documents/1712182057_Resolution%202023-08-02.pdf  -> Resolution_2023-08-02.pdf
ok   200  https://s3-us-west-2.amazonaws.com/municipalcodeonline.com-new/magna/resolutions/documents/1712182274_Resolution%202023-09-01.pdf  -> Resolution_2023-09-01.pdf
ok   200  https://s3-us-west-2.amazonaws.com/municipalcodeonline.com-new/magna/resolutions/documents/1712785748_Resolution%202023-09-02.pdf  -> Resolution_2023-09-02.pdf
ok   200  https://s3-us-west-2.amazonaws.com/municipalcodeonline.com-new/magna/resolutions/documents/1712786038_Resolution%202023-10-01.pdf  -> Resolution_2023-10-01.pdf
ok   200  https://s3-us-west-2.amazonaws.com/municipalcodeonline.com-new/magna/resolutions/documents/1712787216_Resolution%202023-10-02.pdf  -> Resolution_2023-10-02.pdf
ok   200  https://s3-us-west-2.amazonaws.com/municipalcodeonline.com-new/magna/resolutions/documents/1712787429_Resolution%202023-11-01.pdf  -> Resolution_2023-11-01.pdf
ok   200  https://s3-us-west-2.amazonaws.com/municipalcodeonline.com-new/magna/resolutions/documents/1712787688_Resolution%202023-11-02.pdf  -> Resolution_2023-11-02.pdf
ok   200  https://s3-us-west-2.amazonaws.com/municipalcodeonline.com-new/magna/resolutions/documents/1712787832_Resolution%202023-12-01.pdf  -> Resolution_2023-12-01.pdf
ok   200  https://s3-us-west-2.amazonaws.com/municipalcodeonline.com-new/magna/resolutions/documents/1712787961_Resolution%202023-12-02.pdf  -> Resolution_2023-12-02.pdf
ok   200  https://s3-us-west-2.amazonaws.com/municipalcodeonline.com-new/magna/fees/documents/1712788281_Resolution%202023-12-03.pdf  -> Resolution_2023-12-03.pdf
ok   200  https://s3-us-west-2.amazonaws.com/municipalcodeonline.com-new/magna/resolutions/documents/1712788121_Resolution%202023-12-04.pdf  -> Resolution_2023-12-04.pdf
ok   200  https://s3-us-west-2.amazonaws.com/municipalcodeonline.com-new/magna/resolutions/documents/1712178454_Resolution%202024-01-01.pdf  -> Resolution_2024-01-01.pdf
ok   200  https://s3-us-west-2.amazonaws.com/municipalcodeonline.com-new/magna/resolutions/documents/1712178833_Resolution%202024-01-02.pdf  -> Resolution_2024-01-02.pdf
ok   200  https://s3-us-west-2.amazonaws.com/municipalcodeonline.com-new/magna/resolutions/documents/1730923855_Resolution%202024-10-01%20Approving%202025%20Meeting%20Schedule.pdf  -> Resolution_2024-10-01_Approving_2025_Meeting_Schedule.pdf
ok   200  https://s3-us-west-2.amazonaws.com/municipalcodeonline.com-new/magna/resolutions/documents/1614814962_Resolution%2021-01-01.pdf  -> Resolution_21-01-01.pdf
ok   200  https://s3-us-west-2.amazonaws.com/municipalcodeonline.com-new/magna/resolutions/documents/1631658325_Resolution%2021-03-01.pdf  -> Resolution_21-03-01.pdf
ok   200  https://s3-us-west-2.amazonaws.com/municipalcodeonline.com-new/magna/resolutions/documents/1616780634_Resolution%2021-03-02%202021%20Magna%20General%20Plan.pdf  -> Resolution_21-03-02_2021_Magna_General_Plan.pdf
ok   200  https://s3-us-west-2.amazonaws.com/municipalcodeonline.com-new/magna/plan/documents/1653075924_Resolution%2021-03-02.pdf  -> Resolution_21-03-02.pdf
ok   200  https://s3-us-west-2.amazonaws.com/municipalcodeonline.com-new/magna/resolutions/documents/1616780550_Resolution%2021-03-03%20Aubrey%20Pierce%20to%20remain%20a%20council%20member%20-%20change%20in%20residency.pdf  -> Resolution_21-03-03_Aubrey_Pierce_to_remain_a_council_member_-_change_in_residency.pdf
ok   200  https://s3-us-west-2.amazonaws.com/municipalcodeonline.com-new/magna/resolutions/documents/1649968030_Resolution%2021-04-01.pdf  -> Resolution_21-04-01.pdf
ok   200  https://s3-us-west-2.amazonaws.com/municipalcodeonline.com-new/magna/resolutions/documents/1649968259_Resolution%2021-04-02.pdf  -> Resolution_21-04-02.pdf
ok   200  https://s3-us-west-2.amazonaws.com/municipalcodeonline.com-new/magna/resolutions/documents/1649968555_Resolution%2021-04-03.pdf  -> Resolution_21-04-03.pdf
ok   200  https://s3-us-west-2.amazonaws.com/municipalcodeonline.com-new/magna/resolutions/documents/1649968754_Resolution%2021-04-04.pdf  -> Resolution_21-04-04.pdf
ok   200  https://s3-us-west-2.amazonaws.com/municipalcodeonline.com-new/magna/resolutions/documents/1649106223_Resolution%2021-06-01.pdf  -> Resolution_21-06-01.pdf
ok   200  https://s3-us-west-2.amazonaws.com/municipalcodeonline.com-new/magna/resolutions/documents/1627940038_Resolution%2021-07-01.pdf  -> Resolution_21-07-01.pdf
ok   200  https://s3-us-west-2.amazonaws.com/municipalcodeonline.com-new/magna/resolutions/documents/1649106718_Resolution%2021-07-02.pdf  -> Resolution_21-07-02.pdf
ok   200  https://s3-us-west-2.amazonaws.com/municipalcodeonline.com-new/magna/resolutions/documents/1649106930_Resolution%2021-09-01.pdf  -> Resolution_21-09-01.pdf
ok   200  https://s3-us-west-2.amazonaws.com/municipalcodeonline.com-new/magna/resolutions/documents/1649107501_Resolution%2021-09-02.pdf  -> Resolution_21-09-02.pdf
ok   200  https://s3-us-west-2.amazonaws.com/municipalcodeonline.com-new/magna/resolutions/documents/1649107820_Resolution%2021-09-03.pdf  -> Resolution_21-09-03.pdf
ok   200  https://s3-us-west-2.amazonaws.com/municipalcodeonline.com-new/magna/resolutions/documents/1649108144_Resolution%2021-09-04.pdf  -> Resolution_21-09-04.pdf
ok   200  https://s3-us-west-2.amazonaws.com/municipalcodeonline.com-new/magna/resolutions/documents/1649108317_Resolution%2021-09-05.pdf  -> Resolution_21-09-05.pdf
ok   200  https://s3-us-west-2.amazonaws.com/municipalcodeonline.com-new/magna/resolutions/documents/1649108592_Resolution%2021-09-06.pdf  -> Resolution_21-09-06.pdf
ok   200  https://s3-us-west-2.amazonaws.com/municipalcodeonline.com-new/magna/resolutions/documents/1649969034_Resolution%2021-10-01.pdf  -> Resolution_21-10-01.pdf
ok   200  https://s3-us-west-2.amazonaws.com/municipalcodeonline.com-new/magna/resolutions/documents/1649969156_Resolution%2021-10-02.pdf  -> Resolution_21-10-02.pdf
ok   200  https://s3-us-west-2.amazonaws.com/municipalcodeonline.com-new/magna/resolutions/documents/1649969309_Resolution%2021-10-03.pdf  -> Resolution_21-10-03.pdf
ok   200  https://s3-us-west-2.amazonaws.com/municipalcodeonline.com-new/magna/resolutions/documents/1649969526_Resolution%2021-11-01.pdf  -> Resolution_21-11-01.pdf
ok   200  https://s3-us-west-2.amazonaws.com/municipalcodeonline.com-new/magna/resolutions/documents/1649969730_Resolution%2021-11-02.pdf  -> Resolution_21-11-02.pdf
ok   200  https://s3-us-west-2.amazonaws.com/municipalcodeonline.com-new/magna/resolutions/documents/1649970041_Resolution%2021-12-01.pdf  -> Resolution_21-12-01.pdf
ok   200  https://s3-us-west-2.amazonaws.com/municipalcodeonline.com-new/magna/resolutions/documents/1649970146_Resolution%2021-12-02.pdf  -> Resolution_21-12-02.pdf
ok   200  https://s3-us-west-2.amazonaws.com/municipalcodeonline.com-new/magna/resolutions/documents/1649970317_Resolution%2021-12-03.pdf  -> Resolution_21-12-03.pdf
ok   200  https://s3-us-west-2.amazonaws.com/municipalcodeonline.com-new/magna/resolutions/documents/1649970452_Resolution%2021-12-04.pdf  -> Resolution_21-12-04.pdf
ok   200  https://s3-us-west-2.amazonaws.com/municipalcodeonline.com-new/magna/resolutions/documents/1649970583_Resolution%2021-12-05.pdf  -> Resolution_21-12-05.pdf
ok   200  https://s3-us-west-2.amazonaws.com/municipalcodeonline.com-new/magna/resolutions/documents/1670535212_Resolution%2022-09-03.pdf  -> Resolution_22-09-03.pdf
ok   200  https://s3-us-west-2.amazonaws.com/municipalcodeonline.com-new/magna/ordinances/documents/1579643303_Signed%20and%20Executed%20Ordinance%2018-12-01.pdf  -> Signed_and_Executed_Ordinance_18-12-01.pdf
ok   200  https://s3-us-west-2.amazonaws.com/municipalcodeonline.com-new/magna/ordinances/documents/1579731752_Signed%20Electronic%20Signatures%20Ordinance%20-%20Magna.pdf  -> Signed_Electronic_Signatures_Ordinance_-_Magna.pdf
ok   200  https://s3-us-west-2.amazonaws.com/municipalcodeonline.com-new/magna/ordinances/documents/1687286133_Title%2018%20Magna%20Subdivision%20Ordinance%20-%20As%20Adopted.pdf  -> Title_18_Magna_Subdivision_Ordinance_-_As_Adopted.pdf
ok   200  https://s3-us-west-2.amazonaws.com/municipalcodeonline.com-new/magna/ordinances/documents/1721338642_Title%2018%20Magna%20Subdivision%20Ordinance%20Amended.pdf  -> Title_18_Magna_Subdivision_Ordinance_Amended.pdf
ok   200  https://s3-us-west-2.amazonaws.com/municipalcodeonline.com-new/magna/ordinances/documents/1724882320_Title%2018%20Magna%20Subdivision%20Ordinance%20Amended.pdf  -> Title_18_Magna_Subdivision_Ordinance_Amended__45c249.pdf
ok   200  https://s3-us-west-2.amazonaws.com/municipalcodeonline.com-new/magna/ordinances/documents/1725482192_Title%2018%20Magna%20Subdivision%20Ordinance%20Amendment.pdf  -> Title_18_Magna_Subdivision_Ordinance_Amendment.pdf
ok   200  https://s3-us-west-2.amazonaws.com/municipalcodeonline.com-new/magna/ordinances/documents/1726778804_Title%2018%20Magna%20Subdivision%20Ordinance%20Amendment.pdf  -> Title_18_Magna_Subdivision_Ordinance_Amendment__27c9ed.pdf
ok   200  https://s3-us-west-2.amazonaws.com/municipalcodeonline.com-new/magna/ordinances/documents/1712875745_Title%2019%20Magna%20Zoning%20Ordinance%20-%20As%20Adopted.DOC.pdf  -> Title_19_Magna_Zoning_Ordinance_-_As_Adopted.DOC.pdf
ok   200  https://s3-us-west-2.amazonaws.com/municipalcodeonline.com-new/magna/ordinances/documents/1687286361_Title%2019%20Magna%20Zoning%20Ordinance%20-%20As%20Adopted.pdf  -> Title_19_Magna_Zoning_Ordinance_-_As_Adopted.pdf
