ok   200  https://s3-us-west-2.amazonaws.com/municipalcodeonline.com-new/kearns/resolutions/documents/1724784671_2024-08-01%20Resolution%20Authorizing%20the%20Issuance%20of%20a%20RFP%20for%20Proposals%20for%20a%20Consultant%20to%20Prepare%20an%20IFFP%20Signed.pdf  -> 2024-08-01_Resolution_Authorizing_the_Issuance_of_a_RFP_for_Proposals_for_a_Consultant_to_Prepare_an_IFFP_Signed.pdf
ok   200  https://s3-us-west-2.amazonaws.com/municipalcodeonline.com-new/kearns/resolutions/documents/1721072633_2024-7-01%20Temporary%20Appointment%20of%20Board%20Member%20to%20Utah%20Community%20Renewable%20Energy%20Agency%20Board.pdf  -> 2024-7-01_Temporary_Appointment_of_Board_Member_to_Utah_Community_Renewable_Energy_Agency_Board.pdf
ok   200  https://s3-us-west-2.amazonaws.com/municipalcodeonline.com-new/kearns/resolutions/documents/1721072672_2024-7-02%20Temporary%20Appointment%20of%20Board%20Member%20to%20Wasatch%20Front%20Waste%20and%20Recycling%20Board.pdf  -> 2024-7-02_Temporary_Appointment_of_Board_Member_to_Wasatch_Front_Waste_and_Recycling_Board.pdf
ok   200  https://s3-us-west-2.amazonaws.com/municipalcodeonline.com-new/kearns/ordinances/documents/1724782244_Corrected%20Kearns%2019.48.040.pdf  -> Corrected_Kearns_19.48.040.pdf
ok   200  https://s3-us-west-2.amazonaws.com/municipalcodeonline.com-new/kearns/resolutions/documents/1629403824_Kearns%20-%20Resolution%20Approving%20Community%20Renewable%20Energy%20Program%20Interlocal%20Agreement%20-%20FINAL%20%286-14-2021%29%20%28KE033-001%29%204827-9345-2782%20v.1%204849-8992-3566%20v.2.pdf  -> Kearns_-_Resolution_Approving_Community_Renewable_Energy_Program_Interlocal_Agreement_-_FINAL_(6-14-2021)_(KE033-001)_4827-9345-2782_v.1_4849-8992-3566_v.2.pdf
ok   200  https://s3-us-west-2.amazonaws.com/municipalcodeonline.com-new/kearns/ordinances/documents/1754583321_Kearns%202025-O-03%20Title%202.04.pdf  -> Kearns_2025-O-03_Title_2.04.pdf
ok   200  https://s3-us-west-2.amazonaws.com/municipalcodeonline.com-new/kearns/ordinances/documents/1763586859_Kearns%202025-O-18%20Updating%20Titles%2018%20and%2019%20for%20HB368.pdf  -> Kearns_2025-O-18_Updating_Titles_18_and_19_for_HB368.pdf
ok   200  https://s3-us-west-2.amazonaws.com/municipalcodeonline.com-new/kearns/ordinances/documents/1765313936_Kearns%202025-O-19%20Adopting%20WUI%20%28no%20map%29.pdf  -> Kearns_2025-O-19_Adopting_WUI_(no_map).pdf
ok   200  https://s3-us-west-2.amazonaws.com/municipalcodeonline.com-new/kearns/ordinances/documents/1783366887_Kearns%202026-O-03%20Making%20Community%20Council%20Official%20City%20Committee.pdf  -> Kearns_2026-O-03_Making_Community_Council_Official_City_Committee.pdf
ok   200  https://s3-us-west-2.amazonaws.com/municipalcodeonline.com-new/kearns/ordinances/documents/1781213423_Kearns%202026-O-07%20Amend%20Section%2019.50.020%20Clarifying%20Exemptions%20to%20Landscape%20Requirements.pdf  -> Kearns_2026-O-07_Amend_Section_19.50.020_Clarifying_Exemptions_to_Landscape_Requirements.pdf
ok   200  https://s3-us-west-2.amazonaws.com/municipalcodeonline.com-new/kearns/ordinances/documents/1781291114_Kearns%202026-O-07%20Amending%20Section%2019.50.020%20Landscaping%20Requirements.pdf  -> Kearns_2026-O-07_Amending_Section_19.50.020_Landscaping_Requirements.pdf
ok   200  https://s3-us-west-2.amazonaws.com/municipalcodeonline.com-new/kearns/resolutions/documents/1677857541_Kearns%20Planning%20Commission%20Rules%20of%20Order%20and%20Procedure%20FINAL%20SIGNED.pdf  -> Kearns_Planning_Commission_Rules_of_Order_and_Procedure_FINAL_SIGNED.pdf
ok   200  https://s3-us-west-2.amazonaws.com/municipalcodeonline.com-new/kearns/resolutions/documents/1757431647_Kearns%20R2025-10%20Adopting%20SLCo%20Multi-Jurisdictional%20Hazard%20Plan.pdf  -> Kearns_R2025-10_Adopting_SLCo_Multi-Jurisdictional_Hazard_Plan.pdf
ok   200  https://s3-us-west-2.amazonaws.com/municipalcodeonline.com-new/kearns/resolutions/documents/1757431678_Kearns%20R2025-10%20Attachment%20A%20-%20Salt%20Lake%20County%20Kearns%20Annex.pdf  -> Kearns_R2025-10_Attachment_A_-_Salt_Lake_County_Kearns_Annex.pdf
ok   200  https://s3-us-west-2.amazonaws.com/municipalcodeonline.com-new/kearns/resolutions/documents/1757431702_Kearns%20R2025-10%20Attachment%20B%20-%20SLC%20HMP%20Volume%201%20-%20July%202025%20Revised.pdf  -> Kearns_R2025-10_Attachment_B_-_SLC_HMP_Volume_1_-_July_2025_Revised.pdf
ok   200  https://s3-us-west-2.amazonaws.com/municipalcodeonline.com-new/kearns/resolutions/documents/1757431721_Kearns%20R2025-10%20Attachment%20C%20-%20SLC%20HMP%20Volume%202%20-%20July%202025%20Revised.pdf  -> Kearns_R2025-10_Attachment_C_-_SLC_HMP_Volume_2_-_July_2025_Revised.pdf
ok   200  https://s3-us-west-2.amazonaws.com/municipalcodeonline.com-new/kearns/resolutions/documents/1768512405_Kearns%20R2026-01%20Appointing%20Representative%20to%20MSD%20Board.pdf  -> Kearns_R2026-01_Appointing_Representative_to_MSD_Board.pdf
ok   200  https://s3-us-west-2.amazonaws.com/municipalcodeonline.com-new/kearns/resolutions/documents/1768512445_Kearns%20R2026-02%20Appointing%20Representative%20to%20UPD%20and%20SLVLESA.pdf  -> Kearns_R2026-02_Appointing_Representative_to_UPD_and_SLVLESA.pdf
ok   200  https://s3-us-west-2.amazonaws.com/municipalcodeonline.com-new/kearns/resolutions/documents/1768512774_Kearns%20R2026-02%20Appointing%20Representative%20to%20UPD%20and%20SLVLESA.pdf  -> Kearns_R2026-02_Appointing_Representative_to_UPD_and_SLVLESA__22e0e3.pdf
ok   200  https://s3-us-west-2.amazonaws.com/municipalcodeonline.com-new/kearns/resolutions/documents/1769659747_Kearns%20R2026-03%20Amending%20Appointiments%20to%20UPD%20and%20SLVLESA%20%281-6-2026%29.docx  -> Kearns_R2026-03_Amending_Appointiments_to_UPD_and_SLVLESA_(1-6-2026).docx
ok   200  https://s3-us-west-2.amazonaws.com/municipalcodeonline.com-new/kearns/resolutions/documents/1769659960_Kearns%20R2026-03%20Amending%20Appointiments%20to%20UPD%20and%20SLVLESA%20%281-6-2026%29.pdf  -> Kearns_R2026-03_Amending_Appointiments_to_UPD_and_SLVLESA_(1-6-2026).pdf
ok   200  https://s3-us-west-2.amazonaws.com/municipalcodeonline.com-new/kearns/resolutions/documents/1769659775_Kearns%20R2026-04%20Appointing%20Representative%20to%20WFWRD.pdf  -> Kearns_R2026-04_Appointing_Representative_to_WFWRD.pdf
ok   200  https://s3-us-west-2.amazonaws.com/municipalcodeonline.com-new/kearns/resolutions/documents/1769660011_Kearns%20R2026-05%20Appointing%20Representative%20to%20SSLV%20Mosquito%20Board.pdf  -> Kearns_R2026-05_Appointing_Representative_to_SSLV_Mosquito_Board.pdf
ok   200  https://s3-us-west-2.amazonaws.com/municipalcodeonline.com-new/kearns/resolutions/documents/1769660034_Kearns%20R2026-06%20Appointing%20Representative%20to%20Magna%20Mosquito.pdf  -> Kearns_R2026-06_Appointing_Representative_to_Magna_Mosquito.pdf
ok   200  https://s3-us-west-2.amazonaws.com/municipalcodeonline.com-new/kearns/resolutions/documents/1770839442_Kearns%20R2026-07%20Adopting%20City%20Personnel%20Policy.pdf  -> Kearns_R2026-07_Adopting_City_Personnel_Policy.pdf
ok   200  https://s3-us-west-2.amazonaws.com/municipalcodeonline.com-new/kearns/resolutions/documents/1770839462_Kearns%20R2026-08%20Adopting%20Amended%20Hazard%20Mitigation%20Plan.pdf  -> Kearns_R2026-08_Adopting_Amended_Hazard_Mitigation_Plan.pdf
ok   200  https://s3-us-west-2.amazonaws.com/municipalcodeonline.com-new/kearns/resolutions/documents/1773157645_Kearns%20R2026-09%20Support%20for%20Ped%20Bridge%20over%20RR%20Tracks%20at%205400%20S.pdf  -> Kearns_R2026-09_Support_for_Ped_Bridge_over_RR_Tracks_at_5400_S.pdf
ok   200  https://s3-us-west-2.amazonaws.com/municipalcodeonline.com-new/kearns/resolutions/documents/1773157626_Kearns%20R2026-10%20Appointing%20CM%20Longtin%20as%20UFA%20Alternate.pdf  -> Kearns_R2026-10_Appointing_CM_Longtin_as_UFA_Alternate.pdf
ok   200  https://s3-us-west-2.amazonaws.com/municipalcodeonline.com-new/kearns/resolutions/documents/1773158470_Kearns%20R2026-10%20Appointing%20CM%20Longtin%20as%20UFA%20Alternate.pdf  -> Kearns_R2026-10_Appointing_CM_Longtin_as_UFA_Alternate__3bab38.pdf
ok   200  https://s3-us-west-2.amazonaws.com/municipalcodeonline.com-new/kearns/resolutions/documents/1781204960_Kearns%20R2026-14%20UPD%20ILA%20-%20Traffic%20Car%20and%20Officer.pdf  -> Kearns_R2026-14_UPD_ILA_-_Traffic_Car_and_Officer.pdf
ok   200  https://s3-us-west-2.amazonaws.com/municipalcodeonline.com-new/kearns/ordinances/documents/1611613029_Kearns%20Residential%20Density%20Ordinance%202021-01-01%20APPROVED%20-%20Final.pdf  -> Kearns_Residential_Density_Ordinance_2021-01-01_APPROVED_-_Final.pdf
ok   200  https://s3-us-west-2.amazonaws.com/municipalcodeonline.com-new/kearns/ordinances/documents/1687793822_Kearns%20Title%2018_AdoptedJune2023.pdf  -> Kearns_Title_18_AdoptedJune2023.pdf
ok   200  https://s3-us-west-2.amazonaws.com/municipalcodeonline.com-new/kearns/ordinances/documents/1724783377_Kearns%20Title%2018_AdoptedJune2023.pdf  -> Kearns_Title_18_AdoptedJune2023__75826e.pdf
ok   200  https://s3-us-west-2.amazonaws.com/municipalcodeonline.com-new/kearns/ordinances/documents/1687793869_Kearns%20Title%2019_AdoptedJune2023.pdf  -> Kearns_Title_19_AdoptedJune2023.pdf
ok   200  https://s3-us-west-2.amazonaws.com/municipalcodeonline.com-new/kearns/ordinances/documents/1724783346_Kearns%20Title%2019_AdoptedJune2023.pdf  -> Kearns_Title_19_AdoptedJune2023__956ee6.pdf
ok   200  https://s3-us-west-2.amazonaws.com/municipalcodeonline.com-new/kearns/ordinances/pdf/Ord_COP%20Test.pdf  -> Ord_COP_Test.pdf
ok   200  https://s3-us-west-2.amazonaws.com/municipalcodeonline.com-new/kearns/resolutions/documents/1578953956_Ordinance%2017-02-01%20%28002%29.docx  -> Ordinance_17-02-01_(002).docx
ok   200  https://s3-us-west-2.amazonaws.com/municipalcodeonline.com-new/kearns/ordinances/documents/Ordinance%2017-02-01.pdf  -> Ordinance_17-02-01.pdf
ok   200  https://s3-us-west-2.amazonaws.com/municipalcodeonline.com-new/kearns/resolutions/documents/1578953966_Ordinance%2017-02-01.pdf  -> Ordinance_17-02-01__3cee4c.pdf
ok   200  https://s3-us-west-2.amazonaws.com/municipalcodeonline.com-new/kearns/ordinances/documents/Ordinance%2017-02-02.pdf  -> Ordinance_17-02-02.pdf
ok   200  https://s3-us-west-2.amazonaws.com/municipalcodeonline.com-new/kearns/resolutions/documents/1578954534_Ordinance%2017-02-02.pdf  -> Ordinance_17-02-02__ef59dc.pdf
ok   200  https://s3-us-west-2.amazonaws.com/municipalcodeonline.com-new/kearns/ordinances/documents/Ordinance%2017-02-03.pdf  -> Ordinance_17-02-03.pdf
ok   200  https://s3-us-west-2.amazonaws.com/municipalcodeonline.com-new/kearns/resolutions/documents/1578954701_Ordinance%2017-02-03.pdf  -> Ordinance_17-02-03__91093d.pdf
ok   200  https://s3-us-west-2.amazonaws.com/municipalcodeonline.com-new/kearns/ordinances/documents/1578954997_Ordinance%2017-06-01.pdf  -> Ordinance_17-06-01.pdf
ok   200  https://s3-us-west-2.amazonaws.com/municipalcodeonline.com-new/kearns/ordinances/documents/Ordinance%2017-06-01.pdf  -> Ordinance_17-06-01__1fddb1.pdf
ok   200  https://s3-us-west-2.amazonaws.com/municipalcodeonline.com-new/kearns/ordinances/documents/1578956181_Ordinance%2017-06-02.pdf  -> Ordinance_17-06-02.pdf
ok   200  https://s3-us-west-2.amazonaws.com/municipalcodeonline.com-new/kearns/ordinances/documents/Ordinance%2017-06-02.pdf  -> Ordinance_17-06-02__08c29c.pdf
ok   200  https://s3-us-west-2.amazonaws.com/municipalcodeonline.com-new/kearns/ordinances/documents/Ordinance%2017-06-03.pdf  -> Ordinance_17-06-03.pdf
ok   200  https://s3-us-west-2.amazonaws.com/municipalcodeonline.com-new/kearns/ordinances/documents/Ordinance%2017-09-01.pdf  -> Ordinance_17-09-01.pdf
ok   200  https://s3-us-west-2.amazonaws.com/municipalcodeonline.com-new/kearns/ordinances/documents/Ordinance%2017-10-01.pdf  -> Ordinance_17-10-01.pdf
ok   200  https://s3-us-west-2.amazonaws.com/municipalcodeonline.com-new/kearns/ordinances/documents/Ordinance%2017-11-01.pdf  -> Ordinance_17-11-01.pdf
ok   200  https://s3-us-west-2.amazonaws.com/municipalcodeonline.com-new/kearns/ordinances/documents/1578944417_Ordinance%2018-01-01.docx  -> Ordinance_18-01-01.docx
ok   200  https://s3-us-west-2.amazonaws.com/municipalcodeonline.com-new/kearns/ordinances/documents/1578945547_Ordinance%2018-05-01.docx  -> Ordinance_18-05-01.docx
ok   200  https://s3-us-west-2.amazonaws.com/municipalcodeonline.com-new/kearns/ordinances/documents/1578691418_Ordinance%2018-07-01.pdf  -> Ordinance_18-07-01.pdf
ok   200  https://s3-us-west-2.amazonaws.com/municipalcodeonline.com-new/kearns/ordinances/documents/1578951085_Ordinance%2018-10-01.docx  -> Ordinance_18-10-01.docx
ok   200  https://s3-us-west-2.amazonaws.com/municipalcodeonline.com-new/kearns/ordinances/documents/1738877169_Ordinance%2018-10-01.pdf  -> Ordinance_18-10-01.pdf
ok   200  https://s3-us-west-2.amazonaws.com/municipalcodeonline.com-new/kearns/ordinances/documents/Ordinance%2019-01-01%20final.pdf  -> Ordinance_19-01-01_final.pdf
ok   200  https://s3-us-west-2.amazonaws.com/municipalcodeonline.com-new/kearns/ordinances/documents/Ordinance%2019-01-02%20final.pdf  -> Ordinance_19-01-02_final.pdf
ok   200  https://s3-us-west-2.amazonaws.com/municipalcodeonline.com-new/kearns/ordinances/documents/Ordinance%2019-01-03%20final.pdf  -> Ordinance_19-01-03_final.pdf
ok   200  https://s3-us-west-2.amazonaws.com/municipalcodeonline.com-new/kearns/ordinances/documents/Ordinance%2019-03-02%20final.pdf  -> Ordinance_19-03-02_final.pdf
ok   200  https://s3-us-west-2.amazonaws.com/municipalcodeonline.com-new/kearns/ordinances/documents/Ordinance%2019-04-03.pdf  -> Ordinance_19-04-03.pdf
ok   200  https://s3-us-west-2.amazonaws.com/municipalcodeonline.com-new/kearns/ordinances/documents/1567618156_Ordinance%2019-07-01.pdf  -> Ordinance_19-07-01.pdf
ok   200  https://s3-us-west-2.amazonaws.com/municipalcodeonline.com-new/kearns/resolutions/documents/1578607013_Ordinance%2019-10-01.pdf  -> Ordinance_19-10-01.pdf
ok   200  https://s3-us-west-2.amazonaws.com/municipalcodeonline.com-new/kearns/ordinances/documents/1578614429_Ordinance%2019-10-02.pdf  -> Ordinance_19-10-02.pdf
ok   200  https://s3-us-west-2.amazonaws.com/municipalcodeonline.com-new/kearns/ordinances/documents/1578695894_Ordinance%2019-10-03.docx  -> Ordinance_19-10-03.docx
ok   200  https://s3-us-west-2.amazonaws.com/municipalcodeonline.com-new/kearns/ordinances/documents/1738876049_Ordinance%2019-10-03.pdf  -> Ordinance_19-10-03.pdf
ok   200  https://s3-us-west-2.amazonaws.com/municipalcodeonline.com-new/kearns/ordinances/documents/1578674950_Ordinance%2019-12-01.pdf  -> Ordinance_19-12-01.pdf
ok   200  https://s3-us-west-2.amazonaws.com/municipalcodeonline.com-new/kearns/ordinances/documents/1583439788_Ordinance%2020-02-01.pdf  -> Ordinance_20-02-01.pdf
ok   200  https://s3-us-west-2.amazonaws.com/municipalcodeonline.com-new/kearns/ordinances/documents/1583441048_Ordinance%2020-02-02.pdf  -> Ordinance_20-02-02.pdf
ok   200  https://s3-us-west-2.amazonaws.com/municipalcodeonline.com-new/kearns/resolutions/documents/1597184744_Ordinance%2020-02-02.pdf  -> Ordinance_20-02-02__d98d41.pdf
ok   200  https://s3-us-west-2.amazonaws.com/municipalcodeonline.com-new/kearns/ordinances/documents/1583441097_Ordinance%2020-02-03.pdf  -> Ordinance_20-02-03.pdf
ok   200  https://s3-us-west-2.amazonaws.com/municipalcodeonline.com-new/kearns/resolutions/documents/1587507923_Ordinance%2020-04-01%20Kearns%20Franchise%20Agreement%20with%20Verizon%20-FINAL.pdf  -> Ordinance_20-04-01_Kearns_Franchise_Agreement_with_Verizon_-FINAL.pdf
ok   200  https://s3-us-west-2.amazonaws.com/municipalcodeonline.com-new/kearns/resolutions/documents/1590090666_Ordinance%2020-05-01%20Rocky%20Mountain%20Power%20Franchise%20Agreement%20-%20Final.pdf  -> Ordinance_20-05-01_Rocky_Mountain_Power_Franchise_Agreement_-_Final.pdf
ok   200  https://s3-us-west-2.amazonaws.com/municipalcodeonline.com-new/kearns/ordinances/documents/1590097763_Ordinance%2020-05-02%20Kearns%20Open%20Space%20-%20needs%20Sherries%20signature.pdf  -> Ordinance_20-05-02_Kearns_Open_Space_-_needs_Sherries_signature.pdf
ok   200  https://s3-us-west-2.amazonaws.com/municipalcodeonline.com-new/kearns/resolutions/documents/1597184632_Ordinance%2020-05-02.pdf  -> Ordinance_20-05-02.pdf
ok   200  https://s3-us-west-2.amazonaws.com/municipalcodeonline.com-new/kearns/resolutions/documents/1597255630_Ordinance%2020-07-01%20Land%20Use%20Authority%20for%20Subdivisions.pdf  -> Ordinance_20-07-01_Land_Use_Authority_for_Subdivisions.pdf
ok   200  https://s3-us-west-2.amazonaws.com/municipalcodeonline.com-new/kearns/ordinances/documents/1597422437_Ordinance%2020-07-01.pdf  -> Ordinance_20-07-01.pdf
ok   200  https://s3-us-west-2.amazonaws.com/municipalcodeonline.com-new/kearns/resolutions/documents/1597255597_Ordinance%2020-08-01%20Condtional%20Use%20Ordinance%20Changes.pdf  -> Ordinance_20-08-01_Condtional_Use_Ordinance_Changes.pdf
ok   200  https://s3-us-west-2.amazonaws.com/municipalcodeonline.com-new/kearns/ordinances/documents/1597422412_Ordinance%2020-08-01.pdf  -> Ordinance_20-08-01.pdf
ok   200  https://s3-us-west-2.amazonaws.com/municipalcodeonline.com-new/kearns/ordinances/documents/1597422381_Ordinance%2020-08-02.pdf  -> Ordinance_20-08-02.pdf
ok   200  https://s3-us-west-2.amazonaws.com/municipalcodeonline.com-new/kearns/resolutions/documents/1597255567_Ordinance%2020-08-02.pdf  -> Ordinance_20-08-02__373313.pdf
ok   200  https://s3-us-west-2.amazonaws.com/municipalcodeonline.com-new/kearns/resolutions/documents/1597255532_Ordinance%2020-08-03%20%20Kearns%20Amendment%20to%20PD%20Fee%20Ordinance.pdf  -> Ordinance_20-08-03__Kearns_Amendment_to_PD_Fee_Ordinance.pdf
ok   200  https://s3-us-west-2.amazonaws.com/municipalcodeonline.com-new/kearns/ordinances/documents/1597422319_Ordinance%2020-08-03.pdf  -> Ordinance_20-08-03.pdf
ok   200  https://s3-us-west-2.amazonaws.com/municipalcodeonline.com-new/kearns/plan/documents/1604958212_Ordinance%2020-10-01.pdf  -> Ordinance_20-10-01.pdf
ok   200  https://s3-us-west-2.amazonaws.com/municipalcodeonline.com-new/kearns/ordinances/documents/1611684239_Ordinance%202021-01-01%20adopting%20general%20plan%20-%20final.pdf  -> Ordinance_2021-01-01_adopting_general_plan_-_final.pdf
ok   200  https://s3-us-west-2.amazonaws.com/municipalcodeonline.com-new/kearns/ordinances/documents/1611685435_Ordinance%202021-01-01%20adopting%20general%20plan%20-%20final.pdf  -> Ordinance_2021-01-01_adopting_general_plan_-_final__975116.pdf
ok   200  https://s3-us-west-2.amazonaws.com/municipalcodeonline.com-new/kearns/ordinances/documents/1614111530_Ordinance%202021-02-01.pdf  -> Ordinance_2021-02-01.pdf
ok   200  https://s3-us-west-2.amazonaws.com/municipalcodeonline.com-new/kearns/ordinances/documents/1626443555_Ordinance%202021-06-01.pdf  -> Ordinance_2021-06-01.pdf
ok   200  https://s3-us-west-2.amazonaws.com/municipalcodeonline.com-new/kearns/ordinances/documents/1626375630_Ordinance%202021-06-02.pdf  -> Ordinance_2021-06-02.pdf
ok   200  https://s3-us-west-2.amazonaws.com/municipalcodeonline.com-new/kearns/resolutions/documents/1625171122_Ordinance%202021-06-04.pdf  -> Ordinance_2021-06-04.pdf
ok   200  https://s3-us-west-2.amazonaws.com/municipalcodeonline.com-new/kearns/ordinances/documents/1647548685_Ordinance%202021-08-01.pdf  -> Ordinance_2021-08-01.pdf
ok   200  https://s3-us-west-2.amazonaws.com/municipalcodeonline.com-new/kearns/ordinances/documents/1647554942_Ordinance%202021-08-02.pdf  -> Ordinance_2021-08-02.pdf
ok   200  https://s3-us-west-2.amazonaws.com/municipalcodeonline.com-new/kearns/ordinances/documents/1629402853_Ordinance%202021-08-03.pdf  -> Ordinance_2021-08-03.pdf
ok   200  https://s3-us-west-2.amazonaws.com/municipalcodeonline.com-new/kearns/ordinances/documents/1632783561_Ordinance%202021-09-01.pdf  -> Ordinance_2021-09-01.pdf
ok   200  https://s3-us-west-2.amazonaws.com/municipalcodeonline.com-new/kearns/ordinances/documents/1645737254_Ordinance%202022-02-01.pdf  -> Ordinance_2022-02-01.pdf
ok   200  https://s3-us-west-2.amazonaws.com/municipalcodeonline.com-new/kearns/ordinances/documents/1645738232_Ordinance%202022-02-02%20FINAL%20WITH%20ALL%20SIGNATURES.pdf  -> Ordinance_2022-02-02_FINAL_WITH_ALL_SIGNATURES.pdf
ok   200  https://s3-us-west-2.amazonaws.com/municipalcodeonline.com-new/kearns/ordinances/documents/1645738959_Ordinance%202022-02-03%20FINAL%20WITH%20SIGNATURES.pdf  -> Ordinance_2022-02-03_FINAL_WITH_SIGNATURES.pdf
ok   200  https://s3-us-west-2.amazonaws.com/municipalcodeonline.com-new/kearns/plan/documents/1670542596_Ordinance%202022-09-01.pdf  -> Ordinance_2022-09-01.pdf
ok   200  https://s3-us-west-2.amazonaws.com/municipalcodeonline.com-new/kearns/ordinances/documents/1671058030_Ordinance%202022-11-02.pdf  -> Ordinance_2022-11-02.pdf
ok   200  https://s3-us-west-2.amazonaws.com/municipalcodeonline.com-new/kearns/ordinances/documents/1672957494_Ordinance%202022-11-02.pdf  -> Ordinance_2022-11-02__c1e8cd.pdf
ok   200  https://s3-us-west-2.amazonaws.com/municipalcodeonline.com-new/kearns/ordinances/documents/1718740886_Ordinance%202023-04-01.pdf  -> Ordinance_2023-04-01.pdf
ok   200  https://s3-us-west-2.amazonaws.com/municipalcodeonline.com-new/kearns/ordinances/documents/1718740949_Ordinance%202023-05-01.pdf  -> Ordinance_2023-05-01.pdf
ok   200  https://s3-us-west-2.amazonaws.com/municipalcodeonline.com-new/kearns/ordinances/documents/1687793770_Ordinance%202023-06-01.pdf  -> Ordinance_2023-06-01.pdf
ok   200  https://s3-us-west-2.amazonaws.com/municipalcodeonline.com-new/kearns/ordinances/documents/1701983439_Ordinance%202023-10-02.pdf  -> Ordinance_2023-10-02.pdf
ok   200  https://s3-us-west-2.amazonaws.com/municipalcodeonline.com-new/kearns/ordinances/documents/1701987921_Ordinance%202023-12-02.pdf  -> Ordinance_2023-12-02.pdf
ok   200  https://s3-us-west-2.amazonaws.com/municipalcodeonline.com-new/kearns/ordinances/documents/1705695396_Ordinance%202024-01-02.pdf  -> Ordinance_2024-01-02.pdf
ok   200  https://s3-us-west-2.amazonaws.com/municipalcodeonline.com-new/kearns/ordinances/documents/1718819634_Ordinance%202024-05-01.pdf  -> Ordinance_2024-05-01.pdf
ok   200  https://s3-us-west-2.amazonaws.com/municipalcodeonline.com-new/kearns/ordinances/documents/1718820318_Ordinance%202024-05-02.pdf  -> Ordinance_2024-05-02.pdf
ok   200  https://s3-us-west-2.amazonaws.com/municipalcodeonline.com-new/kearns/ordinances/documents/1718823216_Ordinance%202024-05-03.pdf  -> Ordinance_2024-05-03.pdf
ok   200  https://s3-us-west-2.amazonaws.com/municipalcodeonline.com-new/kearns/ordinances/documents/1718825314_Ordinance%202024-06-01.pdf  -> Ordinance_2024-06-01.pdf
ok   200  https://s3-us-west-2.amazonaws.com/municipalcodeonline.com-new/kearns/ordinances/documents/1718825803_Ordinance%202024-06-02.pdf  -> Ordinance_2024-06-02.pdf
ok   200  https://s3-us-west-2.amazonaws.com/municipalcodeonline.com-new/kearns/ordinances/documents/1718826546_Ordinance%202024-06-03.pdf  -> Ordinance_2024-06-03.pdf
ok   200  https://s3-us-west-2.amazonaws.com/municipalcodeonline.com-new/kearns/resolutions/documents/1732140160_Ordinance%202024-11-01.pdf  -> Ordinance_2024-11-01.pdf
ok   200  https://s3-us-west-2.amazonaws.com/municipalcodeonline.com-new/kearns/ordinances/documents/1754319089_Ordinance%202024-12-01%20Adoption%20of%20an%20Airport%20Overlay%20Zone.pdf  -> Ordinance_2024-12-01_Adoption_of_an_Airport_Overlay_Zone.pdf
ok   200  https://s3-us-west-2.amazonaws.com/municipalcodeonline.com-new/kearns/resolutions/documents/1743021951_Ordinance%202025-O-04%20Compensation%20Adjustments%20Mayor-City%20Manager-Planning%20Commissioners.pdf  -> Ordinance_2025-O-04_Compensation_Adjustments_Mayor-City_Manager-Planning_Commissioners.pdf
ok   200  https://s3-us-west-2.amazonaws.com/municipalcodeonline.com-new/kearns/resolutions/documents/1743022559_Ordinance%202025-O-05%20Questar%20Franchise%20Agreement.pdf  -> Ordinance_2025-O-05_Questar_Franchise_Agreement.pdf
ok   200  https://s3-us-west-2.amazonaws.com/municipalcodeonline.com-new/kearns/ordinances/documents/1745331694_Ordinance%202025-O-07%20Title%2019%20Changes%20-%20equipment%20rentals%20-%20SIGNED.pdf  -> Ordinance_2025-O-07_Title_19_Changes_-_equipment_rentals_-_SIGNED.pdf
ok   200  https://s3-us-west-2.amazonaws.com/municipalcodeonline.com-new/kearns/ordinances/documents/1749574193_Ordinance%202025-O-10%20Updating%20Code%20for%20Infrastructure%20and%20Public%20Improvements.pdf  -> Ordinance_2025-O-10_Updating_Code_for_Infrastructure_and_Public_Improvements.pdf
ok   200  https://s3-us-west-2.amazonaws.com/municipalcodeonline.com-new/kearns/resolutions/documents/1755201883_R2025-08%20Kearns%20Amending%20Purchasing%20Policy%20for%20the%20City.pdf  -> R2025-08_Kearns_Amending_Purchasing_Policy_for_the_City.pdf
ok   200  https://s3-us-west-2.amazonaws.com/municipalcodeonline.com-new/kearns/resolutions/documents/1615397649_Resoluiton%2021-03-01%20Consent%20to%20Reorganize%20the%20WFWRD%20as%20a%20Local%20District.pdf  -> Resoluiton_21-03-01_Consent_to_Reorganize_the_WFWRD_as_a_Local_District.pdf
ok   200  https://s3-us-west-2.amazonaws.com/municipalcodeonline.com-new/kearns/ordinances/documents/Resolution%2017-02-01%20final.pdf  -> Resolution_17-02-01_final.pdf
ok   200  https://s3-us-west-2.amazonaws.com/municipalcodeonline.com-new/kearns/ordinances/documents/Resolution%2017-02-02%20final.pdf  -> Resolution_17-02-02_final.pdf
ok   200  https://s3-us-west-2.amazonaws.com/municipalcodeonline.com-new/kearns/ordinances/documents/Resolution%2017-03-01%20final.pdf  -> Resolution_17-03-01_final.pdf
ok   200  https://s3-us-west-2.amazonaws.com/municipalcodeonline.com-new/kearns/ordinances/documents/Resolution%2017-03-02%20final.pdf  -> Resolution_17-03-02_final.pdf
ok   200  https://s3-us-west-2.amazonaws.com/municipalcodeonline.com-new/kearns/ordinances/documents/Resolution%2017-04-01%20final.pdf  -> Resolution_17-04-01_final.pdf
ok   200  https://s3-us-west-2.amazonaws.com/municipalcodeonline.com-new/kearns/ordinances/documents/Resolution%2017-04-02%20final.pdf  -> Resolution_17-04-02_final.pdf
ok   200  https://s3-us-west-2.amazonaws.com/municipalcodeonline.com-new/kearns/resolutions/documents/1647555388_Resolution%2017-04-02.pdf  -> Resolution_17-04-02.pdf
ok   200  https://s3-us-west-2.amazonaws.com/municipalcodeonline.com-new/kearns/ordinances/documents/Resolution%2017-05-01%20final.pdf  -> Resolution_17-05-01_final.pdf
ok   200  https://s3-us-west-2.amazonaws.com/municipalcodeonline.com-new/kearns/resolutions/documents/1647556156_Resolution%2017-05-01.pdf  -> Resolution_17-05-01.pdf
ok   200  https://s3-us-west-2.amazonaws.com/municipalcodeonline.com-new/kearns/ordinances/documents/Resolution%2017-05-02%20final.pdf  -> Resolution_17-05-02_final.pdf
ok   200  https://s3-us-west-2.amazonaws.com/municipalcodeonline.com-new/kearns/resolutions/documents/1647557307_Resolution%2017-05-02.pdf  -> Resolution_17-05-02.pdf
ok   200  https://s3-us-west-2.amazonaws.com/municipalcodeonline.com-new/kearns/ordinances/documents/Resolution%2017-06-01%20final.pdf  -> Resolution_17-06-01_final.pdf
ok   200  https://s3-us-west-2.amazonaws.com/municipalcodeonline.com-new/kearns/ordinances/documents/Resolution%2017-07-01%20final.pdf  -> Resolution_17-07-01_final.pdf
ok   200  https://s3-us-west-2.amazonaws.com/municipalcodeonline.com-new/kearns/ordinances/documents/Resolution%2017-09-01%20final.pdf  -> Resolution_17-09-01_final.pdf
ok   200  https://s3-us-west-2.amazonaws.com/municipalcodeonline.com-new/kearns/ordinances/documents/Resolution%2017-10-01%20final.pdf  -> Resolution_17-10-01_final.pdf
ok   200  https://s3-us-west-2.amazonaws.com/municipalcodeonline.com-new/kearns/ordinances/documents/Resolution%2017-10-02%20final.pdf  -> Resolution_17-10-02_final.pdf
ok   200  https://s3-us-west-2.amazonaws.com/municipalcodeonline.com-new/kearns/ordinances/documents/Resolution%2017-12-01%20final.pdf  -> Resolution_17-12-01_final.pdf
ok   200  https://s3-us-west-2.amazonaws.com/municipalcodeonline.com-new/kearns/ordinances/documents/Resolution%2017-12-02%20final.pdf  -> Resolution_17-12-02_final.pdf
ok   200  https://s3-us-west-2.amazonaws.com/municipalcodeonline.com-new/kearns/ordinances/documents/Resolution%2017-12-03%20final.pdf  -> Resolution_17-12-03_final.pdf
ok   200  https://s3-us-west-2.amazonaws.com/municipalcodeonline.com-new/kearns/ordinances/documents/Resolution%2017-12-04%20final.pdf  -> Resolution_17-12-04_final.pdf
ok   200  https://s3-us-west-2.amazonaws.com/municipalcodeonline.com-new/kearns/ordinances/documents/Resolution%2018-01-01%20final.pdf  -> Resolution_18-01-01_final.pdf
ok   200  https://s3-us-west-2.amazonaws.com/municipalcodeonline.com-new/kearns/ordinances/documents/Resolution%2018-03-01%20final.pdf  -> Resolution_18-03-01_final.pdf
ok   200  https://s3-us-west-2.amazonaws.com/municipalcodeonline.com-new/kearns/resolutions/documents/1647557564_Resolution%2018-03-01.pdf  -> Resolution_18-03-01.pdf
ok   200  https://s3-us-west-2.amazonaws.com/municipalcodeonline.com-new/kearns/ordinances/documents/Resolution%2018-04-01%20final.pdf  -> Resolution_18-04-01_final.pdf
ok   200  https://s3-us-west-2.amazonaws.com/municipalcodeonline.com-new/kearns/resolutions/documents/1647557815_Resolution%2018-04-01.pdf  -> Resolution_18-04-01.pdf
ok   200  https://s3-us-west-2.amazonaws.com/municipalcodeonline.com-new/kearns/ordinances/documents/Resolution%2018-04-02%20final.pdf  -> Resolution_18-04-02_final.pdf
ok   200  https://s3-us-west-2.amazonaws.com/municipalcodeonline.com-new/kearns/ordinances/documents/Resolution%2018-05-01%20final.pdf  -> Resolution_18-05-01_final.pdf
ok   200  https://s3-us-west-2.amazonaws.com/municipalcodeonline.com-new/kearns/resolutions/documents/1647558050_Resolution%2018-05-01.pdf  -> Resolution_18-05-01.pdf
ok   200  https://s3-us-west-2.amazonaws.com/municipalcodeonline.com-new/kearns/ordinances/documents/Resolution%2018-05-02%20final.pdf  -> Resolution_18-05-02_final.pdf
ok   200  https://s3-us-west-2.amazonaws.com/municipalcodeonline.com-new/kearns/ordinances/documents/Resolution%2018-07-01%20final.pdf  -> Resolution_18-07-01_final.pdf
ok   200  https://s3-us-west-2.amazonaws.com/municipalcodeonline.com-new/kearns/ordinances/documents/Resolution%2018-07-03%20final.pdf  -> Resolution_18-07-03_final.pdf
ok   200  https://s3-us-west-2.amazonaws.com/municipalcodeonline.com-new/kearns/ordinances/documents/Resolution%2018-07-04%20final.pdf  -> Resolution_18-07-04_final.pdf
ok   200  https://s3-us-west-2.amazonaws.com/municipalcodeonline.com-new/kearns/ordinances/documents/Resolution%2018-09-01%20final.pdf  -> Resolution_18-09-01_final.pdf
ok   200  https://s3-us-west-2.amazonaws.com/municipalcodeonline.com-new/kearns/ordinances/documents/Resolution%2018-10-01%20final.pdf  -> Resolution_18-10-01_final.pdf
ok   200  https://s3-us-west-2.amazonaws.com/municipalcodeonline.com-new/kearns/ordinances/documents/Resolution%2018-10-02%20final.pdf  -> Resolution_18-10-02_final.pdf
ok   200  https://s3-us-west-2.amazonaws.com/municipalcodeonline.com-new/kearns/ordinances/documents/Resolution%2018-10-03%20final.pdf  -> Resolution_18-10-03_final.pdf
ok   200  https://s3-us-west-2.amazonaws.com/municipalcodeonline.com-new/kearns/ordinances/documents/Resolution%2018-10-04%20final.pdf  -> Resolution_18-10-04_final.pdf
ok   200  https://s3-us-west-2.amazonaws.com/municipalcodeonline.com-new/kearns/ordinances/documents/Resolution%2018-11-01%20final.pdf  -> Resolution_18-11-01_final.pdf
ok   200  https://s3-us-west-2.amazonaws.com/municipalcodeonline.com-new/kearns/ordinances/documents/Resolution%2018-12-01%20final.pdf  -> Resolution_18-12-01_final.pdf
ok   200  https://s3-us-west-2.amazonaws.com/municipalcodeonline.com-new/kearns/ordinances/documents/Resolution%2018-12-02%20final.pdf  -> Resolution_18-12-02_final.pdf
ok   200  https://s3-us-west-2.amazonaws.com/municipalcodeonline.com-new/kearns/ordinances/documents/Resolution%2019-04-01%20Final.pdf  -> Resolution_19-04-01_Final.pdf
ok   200  https://s3-us-west-2.amazonaws.com/municipalcodeonline.com-new/kearns/ordinances/documents/Resolution%2019-04-02%20Final.pdf  -> Resolution_19-04-02_Final.pdf
ok   200  https://s3-us-west-2.amazonaws.com/municipalcodeonline.com-new/kearns/ordinances/documents/1567618570_Resolution%2019-08-01.pdf  -> Resolution_19-08-01.pdf
ok   200  https://s3-us-west-2.amazonaws.com/municipalcodeonline.com-new/kearns/resolutions/documents/1578602745_Resolution%2019-09-01.pdf  -> Resolution_19-09-01.pdf
ok   200  https://s3-us-west-2.amazonaws.com/municipalcodeonline.com-new/kearns/resolutions/documents/1664909284_Resolution%2019-10-01.pdf  -> Resolution_19-10-01.pdf
ok   200  https://s3-us-west-2.amazonaws.com/municipalcodeonline.com-new/kearns/resolutions/documents/1578676357_Resolution%2019-11-01.pdf  -> Resolution_19-11-01.pdf
ok   200  https://s3-us-west-2.amazonaws.com/municipalcodeonline.com-new/kearns/resolutions/documents/1578940477_Resolution%2019-11-02.pdf  -> Resolution_19-11-02.pdf
ok   200  https://s3-us-west-2.amazonaws.com/municipalcodeonline.com-new/kearns/resolutions/documents/1578942018_Resolution%2019-12-01.pdf  -> Resolution_19-12-01.pdf
ok   200  https://s3-us-west-2.amazonaws.com/municipalcodeonline.com-new/kearns/resolutions/documents/1597184598_Resolution%2020-02-01.pdf  -> Resolution_20-02-01.pdf
ok   200  https://s3-us-west-2.amazonaws.com/municipalcodeonline.com-new/kearns/resolutions/documents/1597184498_Resolution%2020-04-01.pdf  -> Resolution_20-04-01.pdf
ok   200  https://s3-us-west-2.amazonaws.com/municipalcodeonline.com-new/kearns/resolutions/documents/1597184471_Resolution%2020-05-01.pdf  -> Resolution_20-05-01.pdf
ok   200  https://s3-us-west-2.amazonaws.com/municipalcodeonline.com-new/kearns/resolutions/documents/1597871179_Resolution%2020-05-02.pdf  -> Resolution_20-05-02.pdf
ok   200  https://s3-us-west-2.amazonaws.com/municipalcodeonline.com-new/kearns/resolutions/documents/1597184439_Resolution%2020-06-01.pdf  -> Resolution_20-06-01.pdf
ok   200  https://s3-us-west-2.amazonaws.com/municipalcodeonline.com-new/kearns/resolutions/documents/1597184411_Resolution%2020-07-01.pdf  -> Resolution_20-07-01.pdf
ok   200  https://s3-us-west-2.amazonaws.com/municipalcodeonline.com-new/kearns/resolutions/documents/1732139725_Resolution%2020-07-02.pdf  -> Resolution_20-07-02.pdf
ok   200  https://s3-us-west-2.amazonaws.com/municipalcodeonline.com-new/kearns/plan/documents/1604958201_Resolution%2020-10-01.pdf  -> Resolution_20-10-01.pdf
ok   200  https://s3-us-west-2.amazonaws.com/municipalcodeonline.com-new/kearns/resolutions/documents/1607720912_Resolution%2020-11-01.pdf  -> Resolution_20-11-01.pdf
ok   200  https://s3-us-west-2.amazonaws.com/municipalcodeonline.com-new/kearns/resolutions/documents/1607720944_Resolution%2020-11-02.pdf  -> Resolution_20-11-02.pdf
ok   200  https://s3-us-west-2.amazonaws.com/municipalcodeonline.com-new/kearns/resolutions/documents/1607721010_Resolution%2020-11-03.pdf  -> Resolution_20-11-03.pdf
ok   200  https://s3-us-west-2.amazonaws.com/municipalcodeonline.com-new/kearns/resolutions/documents/1632783165_Resolution%202021-09-01.pdf  -> Resolution_2021-09-01.pdf
ok   200  https://s3-us-west-2.amazonaws.com/municipalcodeonline.com-new/kearns/resolutions/documents/1645730982_Resolution%202022-02-01.pdf  -> Resolution_2022-02-01.pdf
ok   200  https://s3-us-west-2.amazonaws.com/municipalcodeonline.com-new/kearns/resolutions/documents/1645732012_Resolution%202022-02-02.pdf  -> Resolution_2022-02-02.pdf
ok   200  https://s3-us-west-2.amazonaws.com/municipalcodeonline.com-new/kearns/resolutions/documents/1648508026_Resolution%202022-03-01.pdf  -> Resolution_2022-03-01.pdf
ok   200  https://s3-us-west-2.amazonaws.com/municipalcodeonline.com-new/kearns/resolutions/documents/1663105113_Resolution%202022-09-01.pdf  -> Resolution_2022-09-01.pdf
ok   200  https://s3-us-west-2.amazonaws.com/municipalcodeonline.com-new/kearns/resolutions/documents/1670543056_Resolution%202022-10-01.pdf  -> Resolution_2022-10-01.pdf
ok   200  https://s3-us-west-2.amazonaws.com/municipalcodeonline.com-new/kearns/resolutions/documents/1670543527_Resolution%202022-10-02.pdf  -> Resolution_2022-10-02.pdf
ok   200  https://s3-us-west-2.amazonaws.com/municipalcodeonline.com-new/kearns/resolutions/documents/1670544098_Resolution%202022-11-01.pdf  -> Resolution_2022-11-01.pdf
ok   200  https://s3-us-west-2.amazonaws.com/municipalcodeonline.com-new/kearns/resolutions/documents/1670544301_Resolution%202022-11-02.pdf  -> Resolution_2022-11-02.pdf
ok   200  https://s3-us-west-2.amazonaws.com/municipalcodeonline.com-new/kearns/resolutions/documents/1671057114_Resolution%202022-11-03.pdf  -> Resolution_2022-11-03.pdf
ok   200  https://s3-us-west-2.amazonaws.com/municipalcodeonline.com-new/kearns/resolutions/documents/1671057279_Resolution%202022-11-04.pdf  -> Resolution_2022-11-04.pdf
ok   200  https://s3-us-west-2.amazonaws.com/municipalcodeonline.com-new/kearns/resolutions/documents/1671057829_Resolution%202022-11-05.pdf  -> Resolution_2022-11-05.pdf
ok   200  https://s3-us-west-2.amazonaws.com/municipalcodeonline.com-new/kearns/resolutions/documents/1681929609_Resolution%202023-01-01.pdf  -> Resolution_2023-01-01.pdf
ok   200  https://s3-us-west-2.amazonaws.com/municipalcodeonline.com-new/kearns/resolutions/documents/1681929821_Resolution%202023-01-02.pdf  -> Resolution_2023-01-02.pdf
ok   200  https://s3-us-west-2.amazonaws.com/municipalcodeonline.com-new/kearns/resolutions/documents/1718742514_Resolution%202023-02-01.pdf  -> Resolution_2023-02-01.pdf
ok   200  https://s3-us-west-2.amazonaws.com/municipalcodeonline.com-new/kearns/resolutions/documents/1718742708_Resolution%202023-03-01.pdf  -> Resolution_2023-03-01.pdf
ok   200  https://s3-us-west-2.amazonaws.com/municipalcodeonline.com-new/kearns/resolutions/documents/1718742931_Resolution%202023-04-01.pdf  -> Resolution_2023-04-01.pdf
ok   200  https://s3-us-west-2.amazonaws.com/municipalcodeonline.com-new/kearns/resolutions/documents/1718743138_Resolution%202023-04-02.pdf  -> Resolution_2023-04-02.pdf
ok   200  https://s3-us-west-2.amazonaws.com/municipalcodeonline.com-new/kearns/resolutions/documents/1718743789_Resolution%202023-04-03.pdf  -> Resolution_2023-04-03.pdf
ok   200  https://s3-us-west-2.amazonaws.com/municipalcodeonline.com-new/kearns/resolutions/documents/1718743893_Resolution%202023-05-01.pdf  -> Resolution_2023-05-01.pdf
ok   200  https://s3-us-west-2.amazonaws.com/municipalcodeonline.com-new/kearns/resolutions/documents/1718744124_Resolution%202023-06-01.pdf  -> Resolution_2023-06-01.pdf
ok   200  https://s3-us-west-2.amazonaws.com/municipalcodeonline.com-new/kearns/resolutions/documents/1695326355_Resolution%202023-06-02%20%28003%29.pdf  -> Resolution_2023-06-02_(003).pdf
ok   200  https://s3-us-west-2.amazonaws.com/municipalcodeonline.com-new/kearns/resolutions/documents/1718744325_Resolution%202023-06-03.pdf  -> Resolution_2023-06-03.pdf
ok   200  https://s3-us-west-2.amazonaws.com/municipalcodeonline.com-new/kearns/resolutions/documents/1718744713_Resolution%202023-09-01.pdf  -> Resolution_2023-09-01.pdf
ok   200  https://s3-us-west-2.amazonaws.com/municipalcodeonline.com-new/kearns/resolutions/documents/1718745045_Resolution%202023-10-01.pdf  -> Resolution_2023-10-01.pdf
ok   200  https://s3-us-west-2.amazonaws.com/municipalcodeonline.com-new/kearns/ordinances/documents/1718745274_Resolution%202023-10-02.pdf  -> Resolution_2023-10-02.pdf
ok   200  https://s3-us-west-2.amazonaws.com/municipalcodeonline.com-new/kearns/resolutions/documents/1718747009_Resolution%202023-11-01.pdf  -> Resolution_2023-11-01.pdf
ok   200  https://s3-us-west-2.amazonaws.com/municipalcodeonline.com-new/kearns/resolutions/documents/1718749142_Resolution%202023-11-02.pdf  -> Resolution_2023-11-02.pdf
ok   200  https://s3-us-west-2.amazonaws.com/municipalcodeonline.com-new/kearns/resolutions/documents/1718813566_Resolution%202023-12-01.pdf  -> Resolution_2023-12-01.pdf
ok   200  https://s3-us-west-2.amazonaws.com/municipalcodeonline.com-new/kearns/resolutions/documents/1718817712_Resolution%202023-12-03.pdf  -> Resolution_2023-12-03.pdf
ok   200  https://s3-us-west-2.amazonaws.com/municipalcodeonline.com-new/kearns/resolutions/documents/1718817914_Resolution%202023-12-04.pdf  -> Resolution_2023-12-04.pdf
ok   200  https://s3-us-west-2.amazonaws.com/municipalcodeonline.com-new/kearns/resolutions/documents/1718818194_Resolution%202023-12-05.pdf  -> Resolution_2023-12-05.pdf
ok   200  https://s3-us-west-2.amazonaws.com/municipalcodeonline.com-new/kearns/resolutions/documents/1718819060_Resolution%202024-02-01.pdf  -> Resolution_2024-02-01.pdf
ok   200  https://s3-us-west-2.amazonaws.com/municipalcodeonline.com-new/kearns/resolutions/documents/1770408756_Resolution%202024-02-02%20Affirming%20Kearns%20Commitment%20to%20UPD.pdf  -> Resolution_2024-02-02_Affirming_Kearns_Commitment_to_UPD.pdf
ok   200  https://s3-us-west-2.amazonaws.com/municipalcodeonline.com-new/kearns/resolutions/documents/1770408838_Resolution%202024-04-01%20Revised%20ILA%20with%20UPD%20and%20other%20entities.pdf  -> Resolution_2024-04-01_Revised_ILA_with_UPD_and_other_entities.pdf
ok   200  https://s3-us-west-2.amazonaws.com/municipalcodeonline.com-new/kearns/resolutions/documents/1770408883_Resolution%202024-05-01%20Appointing%20Mayor%20Bush%20to%20MSD%20Board.pdf  -> Resolution_2024-05-01_Appointing_Mayor_Bush_to_MSD_Board.pdf
ok   200  https://s3-us-west-2.amazonaws.com/municipalcodeonline.com-new/kearns/resolutions/documents/1770408912_Resolution%202024-05-02%20Adopting%20Kearns%202024%20Tentative%20Budget.pdf  -> Resolution_2024-05-02_Adopting_Kearns_2024_Tentative_Budget.pdf
ok   200  https://s3-us-west-2.amazonaws.com/municipalcodeonline.com-new/kearns/resolutions/documents/1770408939_Resolution%202024-05-03%20Authorizing%20recommendations%20on%20voting%20district%20changes%20HB%2035.pdf  -> Resolution_2024-05-03_Authorizing_recommendations_on_voting_district_changes_HB_35.pdf
ok   200  https://s3-us-west-2.amazonaws.com/municipalcodeonline.com-new/kearns/resolutions/documents/1770408976_Resolution%202024-06-01%20Expressing%20Appreciation%20for%20Kayla%20Mauldin.pdf  -> Resolution_2024-06-01_Expressing_Appreciation_for_Kayla_Mauldin.pdf
ok   200  https://s3-us-west-2.amazonaws.com/municipalcodeonline.com-new/kearns/resolutions/documents/1770409004_Resolution%202024-06-02%20Adopting%20amendments%20to%202024%20Budget.pdf  -> Resolution_2024-06-02_Adopting_amendments_to_2024_Budget.pdf
ok   200  https://s3-us-west-2.amazonaws.com/municipalcodeonline.com-new/kearns/resolutions/documents/1770409034_Resolution%202024-06-03%20Adopting%202024-2025%20Fiscal%20Year%20Budget.pdf  -> Resolution_2024-06-03_Adopting_2024-2025_Fiscal_Year_Budget.pdf
ok   200  https://s3-us-west-2.amazonaws.com/municipalcodeonline.com-new/kearns/resolutions/documents/1770409063_Resolution%202024-06-04%20Adopting%202024-2025%20Fiscal%20Year%20Fee%20Schedule.pdf  -> Resolution_2024-06-04_Adopting_2024-2025_Fiscal_Year_Fee_Schedule.pdf
ok   200  https://s3-us-west-2.amazonaws.com/municipalcodeonline.com-new/kearns/resolutions/documents/1770409112_Resolution%202024-08-01%20Authorizing%20RFP%20for%20Impact%20Fee%20Facilities%20Plan%20Consultant.pdf  -> Resolution_2024-08-01_Authorizing_RFP_for_Impact_Fee_Facilities_Plan_Consultant.pdf
ok   200  https://s3-us-west-2.amazonaws.com/municipalcodeonline.com-new/kearns/resolutions/documents/1770409163_Resolution%202024-09-01%20Approving%20Issuance%20of%20Revenue%20Bonds.pdf  -> Resolution_2024-09-01_Approving_Issuance_of_Revenue_Bonds.pdf
ok   200  https://s3-us-west-2.amazonaws.com/municipalcodeonline.com-new/kearns/resolutions/documents/1770409193_Resolution%202024-11-01%20ILA%20with%20MSD%20for%20ARPA%20Funds.pdf  -> Resolution_2024-11-01_ILA_with_MSD_for_ARPA_Funds.pdf
ok   200  https://s3-us-west-2.amazonaws.com/municipalcodeonline.com-new/kearns/resolutions/documents/1770409220_Resolution%202024-11-02%20Approving%202025%20Excess%20Tax%20Rate%20by%20SLVLESA.pdf  -> Resolution_2024-11-02_Approving_2025_Excess_Tax_Rate_by_SLVLESA.pdf
ok   200  https://s3-us-west-2.amazonaws.com/municipalcodeonline.com-new/kearns/resolutions/documents/1614112298_Resolution%2021-02-02.pdf  -> Resolution_21-02-02.pdf
ok   200  https://s3-us-west-2.amazonaws.com/municipalcodeonline.com-new/kearns/ordinances/documents/1647548138_Resolution%2021-07-01.pdf  -> Resolution_21-07-01.pdf
