  [1/104] text minutes/2020/2020-01-06/2020-01-08_planning-commission-regular-meeting.md
  [2/104] text minutes/2020/2020-02-10/2020-02-12_planning-commission-regular-meeting.md
  [3/104] text minutes/2020/2020-02-24/2020-02-26_planning-commission-regular-meeting.md
  [4/104] ocr minutes/2020/2020-03-09/2020-03-11_planning-commission-regular-meeting.md
  [5/104] text minutes/2020/2020-03-23/2020-03-25_planning-commission-regular-meeting.md
  [6/104] text minutes/2020/2020-04-06/2020-04-08_planning-commission-regular-meeting.md
  [7/104] ocr minutes/2020/2020-04-20/2020-04-22_planning-commission-regular-meeting.md
  [8/104] ocr minutes/2020/2020-05-11/2020-05-13_planning-commission-regular-meeting.md
  [9/104] ocr minutes/2020/2020-06-08/2020-06-10_planning-commission-regular-meeting.md
  [10/104] ocr minutes/2020/2020-07-06/2020-07-08_planning-commission-regular-meeting.md
  [11/104] ocr minutes/2020/2020-07-20/2020-07-22_planning-commission-regular-meeting.md
  [12/104] ocr minutes/2020/2020-08-10/2020-08-12_planning-commission-regular-meeting.md
  [13/104] ocr minutes/2020/2020-08-24/2020-08-26_planning-commission-special-meeting.md
  [14/104] ocr minutes/2020/2020-09-07/2020-09-09_planning-commission-regular-meeting.md
  [15/104] ocr minutes/2020/2020-10-12/2020-10-14_planning-commission-regular-meeting.md
  [16/104] text minutes/2020/2020-10-26/2020-10-28_planning-commission-special-meeting.md
  [17/104] text minutes/2020/2020-11-16/2020-11-18_planning-commission-regular-meeting.md
  [18/104] ocr minutes/2020/2020-12-07/2020-12-09_planning-commission-regular-meeting.md
  [19/104] text minutes/2021/2021-01-11/2021-01-13_planning-commission-regular-meeting.md
  [20/104] text minutes/2021/2021-02-08/2021-02-10_planning-commission-special-meeting.md
  [21/104] ocr minutes/2021/2021-02-22/2021-02-24_planning-commission-special-meeting.md
  [22/104] text minutes/2021/2021-03-08/2021-03-10_planning-commission-regular-meeting.md
  [23/104] text minutes/2021/2021-03-22/2021-03-24_planning-commission-regular-meeting.md
  [24/104] ocr minutes/2021/2021-04-12/2021-04-14_planning-commission-regular-meeting.md
  [25/104] ocr minutes/2021/2021-04-26/2021-04-28_planning-commission-work-session.md
  [26/104] ocr minutes/2021/2021-05-24/2021-05-26_planning-commission-special-meeting.md
  [27/104] text minutes/2021/2021-06-07/2021-06-09_planning-commission-regular-meeting.md
  [28/104] text minutes/2021/2021-06-21/2021-06-23_planning-commission-special-meeting.md
  [29/104] ocr minutes/2021/2021-07-12/2021-07-14_planning-commission-regular-meeting.md
  [30/104] text minutes/2021/2021-08-09/2021-08-11_planning-commission-regular-meeting.md
  [31/104] text minutes/2021/2021-08-23/2021-08-25_planning-commission-regular-meeting.md
  [32/104] text minutes/2021/2021-09-13/2021-09-15_planning-commission-regular-meeting.md
  [33/104] text minutes/2021/2021-10-11/2021-10-13_planning-commission-regular-meeting.md
  [34/104] text minutes/2021/2021-11-08/2021-11-10_planning-commission-regular-meeting.md
  [35/104] text minutes/2022/2022-01-10/2022-01-12_planning-commission-regular-meeting.md
  [36/104] text minutes/2022/2022-01-24/2022-01-26_planning-commission-regular-meeting.md
  [37/104] text minutes/2022/2022-02-07/2022-02-09_planning-commission-regular-meeting.md
  [38/104] text minutes/2022/2022-02-21/2022-02-23_planning-commission-regular-meeting.md
  [39/104] text minutes/2022/2022-03-07/2022-03-09_planning-commission-regular-meeting.md
  [40/104] text minutes/2022/2022-04-11/2022-04-13_planning-commission-regular-meeting.md
  [41/104] text minutes/2022/2022-04-25/2022-04-27_planning-commission-regular-meeting.md
  [42/104] text minutes/2022/2022-05-09/2022-05-11_planning-commission-regular-meeting.md
  [43/104] text minutes/2022/2022-06-20/2022-06-22_planning-commission-regular-meeting.md
  [44/104] text minutes/2022/2022-08-08/2022-08-10_planning-commission-regular-meeting.md
  [45/104] text minutes/2022/2022-09-12/2022-09-14_planning-commission-regular-meeting.md
  [46/104] text minutes/2022/2022-09-26/2022-09-28_planning-commission-regular-meeting.md
  [47/104] text minutes/2022/2022-10-10/2022-10-12_planning-commission-regular-meeting.md
  [48/104] text minutes/2022/2022-10-24/2022-10-26_planning-commission-regular-meeting.md
  [49/104] text minutes/2022/2022-12-12/2022-12-14_planning-commission-regular-meeting.md
  [50/104] text minutes/2023/2023-01-23/2023-01-25_planning-commission-regular-meeting.md
  [51/104] text minutes/2023/2023-02-06/2023-02-08_planning-commission-regular-meeting.md
  [52/104] text minutes/2023/2023-03-06/2023-03-08_planning-commission-regular-meeting.md
  [53/104] text minutes/2023/2023-03-20/2023-03-22_planning-commission-regular-meeting.md
  [54/104] text minutes/2023/2023-04-10/2023-04-12_planning-commission-regular-meeting.md
  [55/104] text minutes/2023/2023-05-08/2023-05-10_planning-commission-regular-meeting.md
  [56/104] text minutes/2023/2023-05-22/2023-05-24_planning-commission-regular-meeting.md
  [57/104] text minutes/2023/2023-06-26/2023-06-28_planning-commission-regular-meeting.md
  [58/104] text minutes/2023/2023-08-07/2023-08-09_planning-commission-regular-meeting.md
  [59/104] text minutes/2023/2023-09-11/2023-09-13_planning-commission-regular-meeting.md
  [60/104] text minutes/2023/2023-10-30/2023-11-01_planning-commission-regular-meeting.md
  [61/104] text minutes/2023/2023-11-06/2023-11-08_planning-commission-regular-meeting.md
  [62/104] text minutes/2023/2023-12-11/2023-12-13_planning-commission-regular-meeting.md
  [63/104] text minutes/2024/2024-01-22/2024-01-24_planning-commission-regular-meeting.md
  [64/104] text minutes/2024/2024-02-12/2024-02-15_planning-commission-regular-meeting.md
  [65/104] text minutes/2024/2024-02-26/2024-02-28_planning-commission-regular-meeting.md
  [66/104] text minutes/2024/2024-03-11/2024-03-13_planning-commission-regular-meeting.md
  [67/104] text minutes/2024/2024-04-08/2024-04-10_planning-commission-regular-meeting.md
  [68/104] text minutes/2024/2024-04-22/2024-04-24_planning-commission-regular-meeting.md
  [69/104] text minutes/2024/2024-05-20/2024-05-22_planning-commission-regular-meeting.md
  [70/104] text minutes/2024/2024-06-10/2024-06-12_planning-commission-regular-meeting.md
  [71/104] text minutes/2024/2024-08-12/2024-08-14_planning-commission-regular-meeting.md
  [72/104] UNREC 2024-08-28_planning-commission-regular-meeting.pdf: unrecoverable (corrupt/blank scan)
  [73/104] text minutes/2024/2024-09-09/2024-09-11_planning-commission-regular-meeting.md
  [74/104] text minutes/2024/2024-10-07/2024-10-09_planning-commission-regular-meeting.md
  [75/104] text minutes/2024/2024-10-21/2024-10-23_planning-commission-regular-meeting.md
  [76/104] text minutes/2024/2024-11-11/2024-11-13_planning-commission-regular-meeting.md
  [77/104] text minutes/2024/2024-12-09/2024-12-11_planning-commission-regular-meeting.md
  [78/104] text minutes/2025/2025-01-06/2025-01-08_planning-commission-regular-meeting.md
  [79/104] text minutes/2025/2025-01-20/2025-01-22_planning-commission-regular-meeting.md
  [80/104] text minutes/2025/2025-02-10/2025-02-12_planning-commission-regular-meeting.md
  [81/104] text minutes/2025/2025-02-24/2025-02-26_planning-commission-regular-meeting.md
  [82/104] text minutes/2025/2025-03-10/2025-03-12_planning-commission-regular-meeting.md
  [83/104] text minutes/2025/2025-03-24/2025-03-26_planning-commission-regular-meeting.md
  [84/104] text minutes/2025/2025-04-07/2025-04-09_planning-commission-regular-meeting.md
  [85/104] text minutes/2025/2025-04-21/2025-04-23_planning-commission-regular-meeting.md
  [86/104] text minutes/2025/2025-05-12/2025-05-14_planning-commission-regular-meeting.md
  [87/104] text minutes/2025/2025-06-09/2025-06-11_planning-commission-regular-meeting.md
  [88/104] text minutes/2025/2025-08-11/2025-08-13_planning-commission-regular-meeting.md
  [89/104] text minutes/2025/2025-08-25/2025-08-27_planning-commission-regular-meeting.md
  [90/104] text minutes/2025/2025-09-08/2025-09-10_planning-commission-regular-meeting.md
  [91/104] text minutes/2025/2025-09-22/2025-09-24_planning-commission-regular-meeting.md
  [92/104] text minutes/2025/2025-10-06/2025-10-08_planning-commission-regular-meeting.md
  [93/104] text minutes/2025/2025-10-20/2025-10-22_planning-commission-regular-meeting.md
  [94/104] text minutes/2025/2025-11-10/2025-11-12_planning-commission-regular-meeting.md
  [95/104] text minutes/2025/2025-12-08/2025-12-10_planning-commission-regular-meeting.md
  [96/104] text minutes/2026/2026-01-12/2026-01-14_planning-commission-regular-meeting.md
  [97/104] text minutes/2026/2026-01-26/2026-01-28_planning-commission-regular-meeting.md
  [98/104] text minutes/2026/2026-02-09/2026-02-11_planning-commission-regular-meeting.md
  [99/104] text minutes/2026/2026-03-09/2026-03-11_planning-commission-regular-meeting.md
  [100/104] text minutes/2026/2026-03-23/2026-03-25_planning-commission-regular-meeting.md
  [101/104] text minutes/2026/2026-04-20/2026-04-22_planning-commission-regular-meeting.md
  [102/104] text minutes/2026/2026-05-11/2026-05-13_planning-commission-regular-meeting.md
  [103/104] text minutes/2026/2026-06-08/2026-06-10_planning-commission-regular-meeting.md
  [104/104] text minutes/2026/2026-06-22/2026-06-24_planning-commission-regular-meeting.md
DONE Planning Commission: 103 indexed (16 ocr), 1 unrecoverable
