  [1/151] ocr minutes/2020/2020-01-06/2020-01-07_city-council-regular-meeting.md
  [2/151] ocr minutes/2020/2020-02-03/2020-02-04_city-council-regular-meeting.md
  [3/151] ocr minutes/2020/2020-02-17/2020-02-18_city-council-regular-meeting.md
  [10/151] ocr minutes/2020/2020-05-18/2020-05-19_city-council-regular-meeting.md
  [11/151] ocr minutes/2020/2020-06-01/2020-06-02_city-council-regular-meeting.md
  [14/151] ocr minutes/2020/2020-07-06/2020-07-07_city-council-regular-meeting.md
  [15/151] ocr minutes/2020/2020-07-20/2020-07-21_city-council-regular-meeting.md
  [16/151] ocr minutes/2020/2020-08-03/2020-08-04_city-council-regular-meeting.md
  [17/151] ocr minutes/2020/2020-08-10/2020-08-11_city-council-regular-meeting.md
  [18/151] ocr minutes/2020/2020-08-17/2020-08-18_city-council-regular-meeting.md
  [19/151] ocr minutes/2020/2020-08-31/2020-09-01_city-council-regular-meeting.md
  [20/151] ocr minutes/2020/2020-09-14/2020-09-15_city-council-regular-meeting.md
  [21/151] ocr minutes/2020/2020-10-05/2020-10-06_city-council-regular-meeting.md
  [22/151] ocr minutes/2020/2020-10-19/2020-10-20_city-council-regular-meeting.md
  [23/151] ocr minutes/2020/2020-11-09/2020-11-10_city-council-regular-meeting.md
  [24/151] ocr minutes/2020/2020-11-16/2020-11-17_city-council-regular-meeting.md
  [25/151] ocr minutes/2020/2020-11-30/2020-12-01_city-council-regular-meeting.md
  [26/151] ocr minutes/2020/2020-12-07/2020-12-08_city-council-regular-meeting.md
  [27/151] ocr minutes/2021/2021-01-04/2021-01-05_city-council-regular-meeting.md
  [28/151] ocr minutes/2021/2021-02-01/2021-02-02_city-council-regular-meeting.md
  [29/151] ocr minutes/2021/2021-02-15/2021-02-16_city-council-regular-meeting.md
  [30/151] ocr minutes/2021/2021-03-01/2021-03-02_city-council-regular-meeting.md
  [31/151] ocr minutes/2021/2021-03-15/2021-03-16_city-council-regular-meeting.md
  [32/151] ocr minutes/2021/2021-04-05/2021-04-06_city-council-regular-meeting.md
  [33/151] ocr minutes/2021/2021-04-12/2021-04-15_city-council-budget-meeting.md
  [34/151] ocr minutes/2021/2021-04-19/2021-04-20_city-council-regular-meeting.md
  [35/151] ocr minutes/2021/2021-05-03/2021-05-04_city-council-regular-meeting.md
  [36/151] ocr minutes/2021/2021-05-17/2021-05-18_city-council-regular-meeting.md
  [37/151] text minutes/2021/2021-05-31/2021-06-01_city-council-regular-meeting.md
  [38/151] text minutes/2021/2021-06-14/2021-06-15_city-council-regular-meeting.md
  [39/151] text minutes/2021/2021-06-21/2021-06-22_city-council-regular-meeting.md
  [40/151] text minutes/2021/2021-07-05/2021-07-06_city-council-regular-meeting.md
  [41/151] text minutes/2021/2021-07-19/2021-07-20_city-council-regular-meeting.md
  [42/151] text minutes/2021/2021-08-09/2021-08-10_city-council-regular-meeting.md
  [43/151] text minutes/2021/2021-08-23/2021-08-24_city-council-regular-meeting.md
  [44/151] text minutes/2021/2021-09-06/2021-09-07_city-council-regular-meeting.md
  [45/151] text minutes/2021/2021-09-20/2021-09-21_city-council-regular-meeting.md
  [46/151] text minutes/2021/2021-10-04/2021-10-05_city-council-regular-meeting.md
  [47/151] text minutes/2021/2021-10-18/2021-10-19_city-council-regular-meeting.md
  [48/151] text minutes/2021/2021-11-08/2021-11-09_city-council-regular-meeting.md
  [49/151] text minutes/2021/2021-11-15/2021-11-16_city-council-regular-meeting.md
  [50/151] text minutes/2021/2021-12-06/2021-12-07_city-council-regular-meeting.md
  [51/151] text minutes/2021/2021-12-13/2021-12-14_city-council-regular-meeting.md
  [52/151] ocr minutes/2022/2022-01-03/2022-01-04_city-council-regular-meeting.md
  [53/151] text minutes/2022/2022-01-31/2022-02-01_city-council-regular-meeting.md
  [54/151] text minutes/2022/2022-02-14/2022-02-15_city-council-regular-meeting.md
  [55/151] text minutes/2022/2022-02-28/2022-03-01_city-council-regular-meeting.md
  [56/151] text minutes/2022/2022-03-14/2022-03-15_city-council-regular-meeting.md
  [57/151] text minutes/2022/2022-03-28/2022-03-31_city-council-budget-meeting.md
  [58/151] text minutes/2022/2022-04-04/2022-04-05_city-council-regular-meeting.md
  [59/151] text minutes/2022/2022-04-18/2022-04-19_city-council-regular-meeting.md
  [60/151] text minutes/2022/2022-05-02/2022-05-03_city-council-regular-meeting.md
  [61/151] text minutes/2022/2022-05-09/2022-05-11_city-council-regular-meeting.md
  [62/151] text minutes/2022/2022-05-16/2022-05-17_city-council-regular-meeting.md
  [63/151] text minutes/2022/2022-06-06/2022-06-07_city-council-regular-meeting.md
  [64/151] text minutes/2022/2022-06-20/2022-06-21_city-council-regular-meeting.md
  [65/151] text minutes/2022/2022-07-18/2022-07-19_city-council-regular-meeting.md
  [66/151] text minutes/2022/2022-08-08/2022-08-09_city-council-regular-meeting.md
  [67/151] text minutes/2022/2022-08-15/2022-08-16_city-council-regular-meeting.md
  [68/151] text minutes/2022/2022-08-22/2022-08-23_city-council-regular-meeting.md
  [69/151] text minutes/2022/2022-09-05/2022-09-06_city-council-regular-meeting.md
  [70/151] text minutes/2022/2022-09-19/2022-09-20_city-council-regular-meeting.md
  [71/151] text minutes/2022/2022-10-03/2022-10-04_city-council-regular-meeting.md
  [72/151] text minutes/2022/2022-10-17/2022-10-18_city-council-regular-meeting.md
  [73/151] text minutes/2022/2022-10-31/2022-11-01_city-council-regular-meeting.md
  [74/151] text minutes/2022/2022-11-07/2022-11-08_city-council-regular-meeting.md
  [75/151] text minutes/2022/2022-11-14/2022-11-15_city-council-regular-meeting.md
  [76/151] text minutes/2022/2022-11-28/2022-12-01_city-council-regular-meeting.md
  [77/151] text minutes/2022/2022-12-05/2022-12-06_city-council-regular-meeting.md
  [78/151] text minutes/2023/2023-01-02/2023-01-03_city-council-regular-meeting.md
  [79/151] text minutes/2023/2023-02-06/2023-02-07_city-council-regular-meeting.md
  [80/151] text minutes/2023/2023-02-20/2023-02-21_city-council-regular-meeting.md
  [81/151] text minutes/2023/2023-03-06/2023-03-07_city-council-regular-meeting.md
  [82/151] text minutes/2023/2023-03-20/2023-03-21_city-council-regular-meeting.md
  [83/151] text minutes/2023/2023-04-03/2023-04-04_city-council-regular-meeting.md
  [84/151] text minutes/2023/2023-04-17/2023-04-18_city-council-regular-meeting.md
  [85/151] text minutes/2023/2023-05-01/2023-05-02_city-council-regular-meeting.md
  [86/151] text minutes/2023/2023-05-15/2023-05-16_city-council-regular-meeting.md
  [87/151] text minutes/2023/2023-06-05/2023-06-06_city-council-regular-meeting.md
  [88/151] text minutes/2023/2023-07-17/2023-07-18_city-council-regular-meeting.md
  [89/151] text minutes/2023/2023-08-07/2023-08-08_city-council-regular-meeting.md
  [90/151] text minutes/2023/2023-08-21/2023-08-22_city-council-regular-meeting.md
  [91/151] text minutes/2023/2023-09-04/2023-09-05_city-council-regular-meeting.md
  [92/151] text minutes/2023/2023-09-18/2023-09-19_city-council-regular-meeting.md
  [93/151] text minutes/2023/2023-10-02/2023-10-03_city-council-regular-meeting.md
  [94/151] text minutes/2023/2023-10-16/2023-10-17_city-council-regular-meeting.md
  [95/151] text minutes/2023/2023-11-06/2023-11-07_city-council-regular-meeting.md
  [96/151] text minutes/2023/2023-11-13/2023-11-14_city-council-regular-meeting.md
  [97/151] text minutes/2023/2023-11-27/2023-11-30_city-council-legislative-breakfast.md
  [98/151] text minutes/2023/2023-12-04/2023-12-06_city-council-regular-meeting.md
  [99/151] text minutes/2024/2024-01-01/2024-01-02_city-council-regular-meeting.md
  [100/151] ocr minutes/2024/2024-01-15/2024-01-16_city-council-regular-meeting.md
  [101/151] text minutes/2024/2024-03-25/2024-03-26_city-council-regular-meeting.md
  [102/151] text minutes/2024/2024-04-01/2024-04-02_city-council-regular-meeting.md
  [103/151] text minutes/2024/2024-04-15/2024-04-16_city-council-regular-meeting.md
  [104/151] text minutes/2024/2024-06-03/2024-06-04_city-council-regular-meeting.md
  [105/151] text minutes/2024/2024-07-15/2024-07-16_city-council-regular-meeting.md
  [106/151] text minutes/2024/2024-08-12/2024-08-13_city-council-regular-meeting.md
  [107/151] text minutes/2024/2024-08-19/2024-08-20_city-council-regular-meeting.md
  [108/151] text minutes/2024/2024-09-02/2024-09-03_city-council-regular-meeting.md
  [109/151] text minutes/2024/2024-09-16/2024-09-17_city-council-regular-meeting.md
  [110/151] text minutes/2024/2024-09-30/2024-10-01_city-council-regular-meeting.md
  [111/151] text minutes/2024/2024-10-14/2024-10-15_city-council-regular-meeting.md
  [112/151] text minutes/2024/2024-11-11/2024-11-12_city-council-regular-meeting.md
  [113/151] text minutes/2024/2024-11-18/2024-11-18_city-council-special-meeting.md
  [114/151] text minutes/2024/2024-12-02/2024-12-03_city-council-regular-meeting.md
  [115/151] text minutes/2024/2024-12-09/2024-12-10_city-council-special-meeting.md
  [116/151] text minutes/2024/2024-12-09/2024-12-11_city-council-legislative-breakfast.md
  [117/151] text minutes/2025/2025-01-06/2025-01-07_city-council-regular-meeting.md
  [118/151] text minutes/2025/2025-01-20/2025-01-21_city-council-regular-meeting.md
  [119/151] text minutes/2025/2025-02-03/2025-02-04_city-council-regular-meeting.md
  [120/151] text minutes/2025/2025-02-17/2025-02-18_city-council-regular-meeting.md
  [121/151] text minutes/2025/2025-03-03/2025-03-04_city-council-regular-meeting.md
  [122/151] text minutes/2025/2025-03-17/2025-03-18_city-council-regular-meeting.md
  [123/151] text minutes/2025/2025-03-31/2025-04-01_city-council-regular-meeting.md
  [124/151] text minutes/2025/2025-04-14/2025-04-15_city-council-regular-meeting.md
  [125/151] text minutes/2025/2025-05-05/2025-05-06_city-council-regular-meeting.md
  [126/151] text minutes/2025/2025-05-19/2025-05-20_city-council-regular-meeting.md
  [127/151] text minutes/2025/2025-06-16/2025-06-17_city-council-regular-meeting.md
  [128/151] text minutes/2025/2025-07-14/2025-07-15_city-council-regular-meeting.md
  [129/151] text minutes/2025/2025-07-21/2025-07-22_city-council-regular-meeting.md
  [130/151] text minutes/2025/2025-08-04/2025-08-05_city-council-regular-meeting.md
  [131/151] text minutes/2025/2025-08-18/2025-08-19_city-council-regular-meeting.md
  [132/151] text minutes/2025/2025-08-18/2025-08-19_city-council-truth-in-taxation.md
  [133/151] text minutes/2025/2025-09-01/2025-09-02_city-council-regular-meeting.md
  [134/151] text minutes/2025/2025-09-15/2025-09-16_city-council-regular-meeting.md
  [135/151] text minutes/2025/2025-10-06/2025-10-07_city-council-regular-meeting.md
  [136/151] text minutes/2025/2025-10-20/2025-10-21_city-council-regular-meeting.md
  [137/151] text minutes/2025/2025-11-17/2025-11-18_city-council-regular-meeting.md
  [138/151] text minutes/2025/2025-12-01/2025-12-02_city-council-regular-meeting.md
  [139/151] text minutes/2025/2025-12-08/2025-12-11_city-council-legislative-breakfast.md
  [140/151] text minutes/2026/2026-01-05/2026-01-06_city-council-regular-meeting.md
  [141/151] text minutes/2026/2026-01-19/2026-01-20_city-council-regular-meeting.md
  [142/151] text minutes/2026/2026-02-02/2026-02-03_city-council-regular-meeting.md
  [143/151] text minutes/2026/2026-02-16/2026-02-17_city-council-regular-meeting.md
  [144/151] text minutes/2026/2026-03-02/2026-03-03_city-council-regular-meeting.md
  [145/151] text minutes/2026/2026-03-23/2026-03-24_city-council-regular-meeting.md
  [146/151] text minutes/2026/2026-04-06/2026-04-07_city-council-regular-meeting.md
  [147/151] text minutes/2026/2026-04-20/2026-04-21_city-council-regular-meeting.md
  [148/151] text minutes/2026/2026-05-04/2026-05-05_city-council-regular-meeting.md
  [149/151] text minutes/2026/2026-05-18/2026-05-19_city-council-regular-meeting.md
  [150/151] text minutes/2026/2026-06-01/2026-06-02_city-council-regular-meeting.md
  [151/151] text minutes/2026/2026-06-15/2026-06-16_city-council-regular-meeting.md
DONE City Council: 151 indexed (30 ocr), 0 unrecoverable
