   200     16896 wayback_financialreports/1 5 2015 Expenditures - Kelly Blake_01-07-2015.xls
   200     33280 wayback_financialreports/1 5 2015 Expenditures - Nathan Gregg Caplin_01-13-2015.xls
   200     16896 wayback_financialreports/1 5 2015 Expenditures-Scott P Robison_01-07-2015.xls
   200     28672 wayback_financialreports/1 5 2015 Summary - Cory C Pulsipher_01-07-2015.xls
   200     28672 wayback_financialreports/1 5 2015 Summary - Kelly Blake_01-07-2015.xls
   200     28672 wayback_financialreports/1 5 2015 Summary - Nathan Gregg Caplin_01-13-2015.xls
   200     28672 wayback_financialreports/1 5 2015 Summary-Scott P Robison_01-07-2015.xls
   200     30208 wayback_financialreports/10 28 2014 Contributions - Brent Holloway_10-27-2014.xls
   200     16896 wayback_financialreports/10 28 2014 Contributions - Cory C Pulsipher_10-21-2014.xls
   200     18432 wayback_financialreports/10 28 2014 Contributions - David Miller_10-17-2014.xls
   200     16384 wayback_financialreports/10 28 2014 Contributions - Kim M Hafen_10-17-2014.xls
   200     53248 wayback_financialreports/10 28 2014 Contributions - Paul Van Dam_10-28-2014.xls
   200     17920 wayback_financialreports/10 28 2014 Contributions - Victor Iverson_10-28-2014.xls
   200     17408 wayback_financialreports/10 28 2014 Contrubutions_ LaRene Cox_10-22-2014.xls
   200     24064 wayback_financialreports/10 28 2014 Expenditures - Brock Belnap_10-29-2014.xls
   200     16896 wayback_financialreports/10 28 2014 Expenditures - David A Whitehead_10-22-2014.xls
   200     17408 wayback_financialreports/10 28 2014 Expenditures - Eileen McKell_10-23-2014.xls
   200     16896 wayback_financialreports/10 28 2014 Expenditures - Laura Hesson_10-27-2014.xls
   200     16896 wayback_financialreports/10 28 2014 Expenditures - Peato (Pat) L Ena_10-22-2014.xls
   200     23040 wayback_financialreports/10 28 2014 Expenditures - Victor Iverson_10-28-2014.xls
   200     28672 wayback_financialreports/10 28 2014 Summary - Brent Holloway_10-27-2014.xls
   200     28672 wayback_financialreports/10 28 2014 Summary - Cory C Pulsipher_10-21-2014.xls
   200     28672 wayback_financialreports/10 28 2014 Summary - David Miller_10-17-2014.xls
   200     23040 wayback_financialreports/10 28 2014 Summary - Kim M Hafen_10-17-2014.xls
   200     28672 wayback_financialreports/10 28 2014 Summary - Paul Van Dam_10-28-2014.xls
   200     28672 wayback_financialreports/10 28 2014 Summary - Tom Durrant_10-17-2014.xls
   200     28672 wayback_financialreports/10 28 2014 Summary-Scott P Robison_10-22-2014.xls
   200     16896 wayback_financialreports/4 4 2001 Expenditures - Mark Boyer_04-04-2014.xls
   200     16384 wayback_financialreports/4 4 2014 Contributions - Chet R Hughes_04-04-2014.xls
   200     16384 wayback_financialreports/4 4 2014 Contributions - D Christopher Isom_04-04-2014.xls
   200     18432 wayback_financialreports/4 4 2014 Contributions - David Miller_04-04-2014.xls
   200     18432 wayback_financialreports/4 4 2014 Contributions - Kim M Hafen_04-04-2014.xls
   200     16384 wayback_financialreports/4 4 2014 Contributions - Slade Hughes_04-04-2014.xls
   200     16896 wayback_financialreports/4 4 2014 Contributions - Zachary Renstrom_04-04-2014.xls
   200     16896 wayback_financialreports/4 4 2014 Expenditures - Chris White_04-04-2014.xls
   200     16896 wayback_financialreports/4 4 2014 Expenditures - Daniel D McArthur_04-04-2014.xls
   200     17408 wayback_financialreports/4 4 2014 Expenditures - Greg Aldred_04-04-2014.xls
   200     17408 wayback_financialreports/4 4 2014 Expenditures - Nathan Gregg Caplin_04-04-2014.xls
   200     18432 wayback_financialreports/4 4 2014 Expenditures - Tom Durrant_04-04-2014.xls
   200     28672 wayback_financialreports/4 4 2014 Summary - Brock Belnap_04-04-2014.xls
   200     28672 wayback_financialreports/4 4 2014 Summary - Cory C Pulsipher_04-04-2014.xls
   200     22528 wayback_financialreports/4 4 2014 Summary - David A Whitehead_04-04-2014.xls
   200     24576 wayback_financialreports/4 4 2014 Summary - Kim M Hafen_04-04-2014.xls
   200     22528 wayback_financialreports/4 4 2014 Summary - Russell Shirts_04-04-2014.xls
   200     28672 wayback_financialreports/4 4 2014 Summary - Victor Iverson_04-04-2014.xls
   200     16896 wayback_financialreports/4 4 2014-Expenditures - Hank Kodele_04-04-2014.xls
   200     16384 wayback_financialreports/5 15 2014 Contributions - David S Eves_05-06-2014.xls
   200     16384 wayback_financialreports/5 15 2014 Contributions - Kelly Blake_05-08-2014.xls
   200     18432 wayback_financialreports/5 15 2014 Contributions-LaRene L_05-05-2014. Cox.pdf
   200     16896 wayback_financialreports/5 15 2014 Expenditures - David S Eves_05-06-2014.xls
   200     16896 wayback_financialreports/5 15 2014 Expenditures - Kelly Blake_05-08-2014.xls
   200     18944 wayback_financialreports/5 15 2014 Expenditures-LaRene L_05-05-2014. Cox.pdf
   200     28672 wayback_financialreports/5 15 2014 Summary - David S Eves_05-06-2014.xls
   200     28672 wayback_financialreports/5 15 2014 Summary - Kelly Blake_05-08-2014.xls
   200     30720 wayback_financialreports/5 15 2014 Summary-LaRene L_05-05-2014. Cox.pdf
   200     16384 wayback_financialreports/6 17 2014 Contributions - Russell Shirts_06-11-2014.xls
   200     16384 wayback_financialreports/6 17 2014 Contributions - Chris White_06-17-2014.xls
   200     16384 wayback_financialreports/6 17 2014 Contributions - David B Stirland_06-17-2014.xls
   200     16384 wayback_financialreports/6 17 2014 Contributions - Eileen McKell_06-09-2014.xls
   200     16384 wayback_financialreports/6 17 2014 Contributions - Kim M Hafen_06-09-2014.xls
   200     20992 wayback_financialreports/6 17 2014 Contributions - Paul Van Dam_06-11-2014.xls
   200     16896 wayback_financialreports/6 17 2014 Contributions - Victor Iverson_06-17-2014.xls
   200     29184 wayback_financialreports/6 17 2014 Contributions-Scott P Robison_06-11-2014.xls
   200     16896 wayback_financialreports/6 17 2014 Expenditures - Chris White_06-17-2014.xls
   200     16896 wayback_financialreports/6 17 2014 Expenditures - David B Stirland_06-17-2014.xls
   200     16896 wayback_financialreports/6 17 2014 Expenditures - Eileen McKell_06-09-2014.xls
   200     16896 wayback_financialreports/6 17 2014 Expenditures - Kim M Hafen_06-09-2014.xls
   200     31232 wayback_financialreports/6 17 2014 Expenditures - Nathan Gregg Caplin_06-17-2014.xls
   200     16896 wayback_financialreports/6 17 2014 Expenditures - Russell Shirts_06-11-2014.xls
   200     17920 wayback_financialreports/6 17 2014 Expenditures - Zachary Renstrom_06-11-2014.xls
   200     28672 wayback_financialreports/6 17 2014 Summary - Brent Holloway_06-17-2014.xls
   200     28672 wayback_financialreports/6 17 2014 Summary - Cory C Pulsipher_06-17-2014.xls
   200     28672 wayback_financialreports/6 17 2014 Summary - David Miller_06-18-2014.xls
   200     28672 wayback_financialreports/6 17 2014 Summary - Greg Aldred_05-09-2014.xls
   200     28672 wayback_financialreports/6 17 2014 Summary - Laura Hesson_06-13-2014.xls
   200     28672 wayback_financialreports/6 17 2014 Summary - Paul Van Dam_06-11-2014.xls
   200     28672 wayback_financialreports/6 17 2014 Summary - Tom Durrant_06-10-2014.xls
   200     28672 wayback_financialreports/6 17 2014 Summary-LaRene L_06-10-2014. Cox.pdf
   200     15232 wayback_financialreports/Cal Durfey Expenditures_04-05-2011.pdf
   200      8104 wayback_financialreports/Contributions - Aaron Randall_05-14-2012.pdf
   200     16384 wayback_financialreports/Contributions - Aaron Randall_10-30-2012.xls
   200     32256 wayback_financialreports/Contributions - Alan Gardner_08-24-2012.xls
   200     12422 wayback_financialreports/Contributions - Arlin Hughes_03-08-2011.pdf
   200     16384 wayback_financialreports/Contributions - Barbara Beckstrom_06-15-2012.xls
   200     13606 wayback_financialreports/Contributions - Brock Belnap_04-05-2011.pdf
   200     30208 wayback_financialreports/Contributions - Chris White_06-21-2012.xls
   200     29290 wayback_financialreports/Contributions - Cory Pulsipher_04-05-2011.pdf
   200     16384 wayback_financialreports/Contributions - Craig Seegmiller_08-24-2012.xls
   200     12452 wayback_financialreports/Contributions - David Whitehead_04-05-2011.pdf
   200     16384 wayback_financialreports/Contributions - Debbra Zockoll_08-27-2012.xls
   200      9183 wayback_financialreports/Contributions - Greg Aldred_03-08-2011.pdf
   200     15209 wayback_financialreports/Contributions - James Eardley_03-08-2011.pdf
   200     16384 wayback_financialreports/Contributions - Jerry Olson_06-15-2012.xls
   200      8805 wayback_financialreports/Contributions - Jill Hunt_05-15-2012.pdf
   200     17920 wayback_financialreports/Contributions - Jill Hunt_10-31-2012.xls
   200     53691 wayback_financialreports/Contributions - Rob Tersigni_04-05-2011.pdf
   200      8209 wayback_financialreports/Contributions - Slade Hughes_03-30-2012.pdf
   200     14851 wayback_financialreports/Contributions- Denny Drake_03-08-2011.pdf
   200      4263 wayback_financialreports/County Candidate Summary - Alan Gardner 6 19 2012_06-13-2012.pdf
   200     15872 wayback_financialreports/County Candidate Summary - Alan Gardner_10-29-2012.xls
   200      4133 wayback_financialreports/County Candidate Summary - Barbara Beckstrom_05-09-2012.pdf
   200     27648 wayback_financialreports/County Candidate Summary - Chris White_01-17-2013.xls
   200     27648 wayback_financialreports/County Candidate Summary - Chris White_08-31-2012.xls
   200      4200 wayback_financialreports/County Candidate Summary - Greg Aldred_03-30-2012.pdf
   200     22528 wayback_financialreports/County Candidate Summary - Jerry Olson_06-15-2012.xls
   200      9143 wayback_financialreports/County Candidate Summary - Kevin Brooks_04-05-2011.pdf
   200      9225 wayback_financialreports/County Candidate Summary - Russell Shirts_04-05-2011.pdf
   200      8846 wayback_financialreports/County Candidate Summary - Steven Despain_04-05-2011.pdf
   200     13466 wayback_financialreports/Dale Ure Contributions_03-08-2011.pdf
   200      8161 wayback_financialreports/Expenditures - Aaron Randall_05-14-2012.pdf
   200     16896 wayback_financialreports/Expenditures - Aaron Randall_10-30-2012.xls
   200     33280 wayback_financialreports/Expenditures - Alan Gardner_08-24-2012.xls
   200     14112 wayback_financialreports/Expenditures - Arlin Hughes_03-08-2011.pdf
   200     16384 wayback_financialreports/Expenditures - Barbara Beckstrom_06-15-2012.xls
   200     13947 wayback_financialreports/Expenditures - Brock Belnap_04-05-2011.pdf
   200     30720 wayback_financialreports/Expenditures - Chris White_06-21-2012.xls
   200     29090 wayback_financialreports/Expenditures - Cory Pulsipher_04-05-2011.pdf
   200     16384 wayback_financialreports/Expenditures - Craig Seegmiller_08-24-2012.xls
   200     14493 wayback_financialreports/Expenditures - David Whitehead_04-05-2011.pdf
   200     16384 wayback_financialreports/Expenditures - Debbra Zockoll_08-27-2012.xls
   200     12453 wayback_financialreports/Expenditures - Denny Drake_03-08-2011.pdf
   200     17408 wayback_financialreports/Expenditures - Jerry Olson_01-17-2013.xls
   200     16896 wayback_financialreports/Expenditures - Jerry Olson_08-31-2012.xls
   200     17408 wayback_financialreports/Expenditures - Jill Hunt_06-21-2012.xls
   200     15065 wayback_financialreports/Expenditures - Kevin Brooks_04-05-2011.pdf
   200     14338 wayback_financialreports/Expenditures - Slade Hughes_03-08-2011.pdf
   200     13887 wayback_financialreports/Expenditures- Art Partridge_04-05-2011.pdf
   200     10402 wayback_financialreports/Frank Lojko Local School Board Candidate Summary_03-08-2011.pdf
   200     14654 wayback_financialreports/Kyle Wells Contributions_04-05-2011.pdf
   200     12637 wayback_financialreports/Larry LeBaron Expenditures_04-05-2011.pdf
   200     12584 wayback_financialreports/Laura Hesson Contributions_04-05-2011.pdf
   200     10524 wayback_financialreports/Local School Board Candidate Summary Travis Christiansen_04-05-2011.pdf
   200     28672 wayback_financialreports/Local School Candidate Summary - Aaron D Randall_10-30-2012.xls
   200     28672 wayback_financialreports/Local School Candidate Summary - Barbara Beckstrom_10-31-2012.xls
   200     23040 wayback_financialreports/Local School Candidate Summary - Craig Seegmiller_08-24-2012.xls
   200      4185 wayback_financialreports/Local School Candidate Summary - Debbra Zockoll_05-07-2012.pdf
   200     28672 wayback_financialreports/Local School Candidate Summary - Debbra Zockoll_10-29-2012.xls
   200     28672 wayback_financialreports/Local School Candidate Summary - Jerry Olson_08-31-2012.xls
   200     28672 wayback_financialreports/Local School Candidate Summary - Jill Hunt_10-31-2012.xls
   200     10727 wayback_financialreports/Robert E Allen Local School Board Candidate Summary_04-05-2011.pdf
   200     12751 wayback_financialreports/Wesley Christiansen Contributions_04-05-2011.pdf
