   200     14080 wayback_2010elections/6-15-2010 Robert E Allen Expenditures.pdf
   200     10496 wayback_2010elections/6-15-2010 Travis Christiansen Local School Board Candidate Summary.pdf
   200     12677 wayback_2010elections/6-15-2010 Wesley Christiansen Expenditures.pdf
   200     10429 wayback_2010elections/Cal Durfey Candidate Summary.pdf
   200     15256 wayback_2010elections/Cal Durfey Contributions.pdf
   200     15066 wayback_2010elections/Cal Durfey Expenditures.pdf
   200     10647 wayback_2010elections/Cal Durfey Local School Board Candidate Summary.pdf
   200     12422 wayback_2010elections/Contributions - Arlin Hughes.pdf
   200     13606 wayback_2010elections/Contributions - Brock Belnap.pdf
   200     15428 wayback_2010elections/Contributions - Cory Pulsipher.pdf
   200     12452 wayback_2010elections/Contributions - David Whitehead.pdf
   200     15234 wayback_2010elections/Contributions - Greg Aldred.pdf
   200     15209 wayback_2010elections/Contributions - James Eardley.pdf
   200     14388 wayback_2010elections/Contributions - Kevin Brooks.pdf
   200     12418 wayback_2010elections/Contributions - Kim Hafen.pdf
   200     23327 wayback_2010elections/Contributions - Rob Tersigni.pdf
   200     12414 wayback_2010elections/Contributions - Russell Shirts.pdf
   200     12853 wayback_2010elections/Contributions - Slade Hughes.pdf
   200     14621 wayback_2010elections/Contributions - Steven Despain.pdf
   200     12413 wayback_2010elections/Contributions- Art Partridge.pdf
   200     12507 wayback_2010elections/Contributions- Denny Drake.pdf
   200      9090 wayback_2010elections/County Candidate Summary - Arlin Hughes.pdf
   200      8424 wayback_2010elections/County Candidate Summary - Brock Belnap.pdf
   200      8975 wayback_2010elections/County Candidate Summary - Cory Pulsipher.pdf
   200      9035 wayback_2010elections/County Candidate Summary - David Whitehead.pdf
   200      9133 wayback_2010elections/County Candidate Summary - Greg Aldred.pdf
   200      8969 wayback_2010elections/County Candidate Summary - James Eardley.pdf
   200      8986 wayback_2010elections/County Candidate Summary - Kevin Brooks.pdf
   200      9054 wayback_2010elections/County Candidate Summary - Kim Hafen.pdf
   200      9162 wayback_2010elections/County Candidate Summary - Rob Tersigni.pdf
   200      9149 wayback_2010elections/County Candidate Summary - Russell Shirts.pdf
   200      9173 wayback_2010elections/County Candidate Summary - Slade Hughes.pdf
   200      8846 wayback_2010elections/County Candidate Summary - Steven Despain.pdf
   200      9152 wayback_2010elections/County Candidate Summary- Art Partridge.pdf
   200      8811 wayback_2010elections/County Candidate Summary- Denny Drake.pdf
   200     10395 wayback_2010elections/Dale Ure Candidate Summary.pdf
   200     13466 wayback_2010elections/Dale Ure Contributions.pdf
   200     13052 wayback_2010elections/Dale Ure Expenditures.pdf
   200     10438 wayback_2010elections/Dale Ure Local School Board Candidate Summary.pdf
   200     14112 wayback_2010elections/Expenditures - Arlin Hughes.pdf
   200     13947 wayback_2010elections/Expenditures - Brock Belnap.pdf
   200     16230 wayback_2010elections/Expenditures - Cory Pulsipher.pdf
   200     14493 wayback_2010elections/Expenditures - David Whitehead.pdf
   200     11634 wayback_2010elections/Expenditures - Denny Drake.pdf
   200     16279 wayback_2010elections/Expenditures - Greg Aldred.pdf
   200     14758 wayback_2010elections/Expenditures - James Eardley.pdf
   200     14320 wayback_2010elections/Expenditures - Kevin Brooks.pdf
   200     14920 wayback_2010elections/Expenditures - Kim Hafen.pdf
   200     21795 wayback_2010elections/Expenditures - Rob Tersigni.pdf
   200     13910 wayback_2010elections/Expenditures - Russell Shirts.pdf
   200     14338 wayback_2010elections/Expenditures - Slade Hughes.pdf
   200     13985 wayback_2010elections/Expenditures - Steven Despain.pdf
   200     13887 wayback_2010elections/Expenditures- Art Partridge.pdf
   200     10407 wayback_2010elections/Frank Lojko Candidate Summary.pdf
   200     12643 wayback_2010elections/Frank Lojko Contributions.pdf
   200     12569 wayback_2010elections/Frank Lojko Expenditures.pdf
   200     10615 wayback_2010elections/Frank Lojko Local School Board Candidate Summary.pdf
   200     10516 wayback_2010elections/Kelly Blake Candidate Summary.pdf
   200     12791 wayback_2010elections/Kelly Blake Contributions.pdf
   200     12610 wayback_2010elections/Kelly Blake Expenditures.pdf
   200     10645 wayback_2010elections/Kelly Blake Local School Board Candidate Summary.pdf
   200     10441 wayback_2010elections/Kyle Wells Candidate Summary.pdf
   200     12723 wayback_2010elections/Kyle Wells Contributions.pdf
   200     14222 wayback_2010elections/Kyle Wells Expenditures.pdf
   200     10357 wayback_2010elections/Larry LeBaron Candidate Summary.pdf
   200     12801 wayback_2010elections/Larry LeBaron Contributions.pdf
   200     12637 wayback_2010elections/Larry LeBaron Expenditures.pdf
   200     12584 wayback_2010elections/Laura Hesson Contributions.pdf
   200     14038 wayback_2010elections/Laura Hesson Expenditures.pdf
   200     10570 wayback_2010elections/Laura Hesson Local School Board Candidate Summary.pdf
   200     10524 wayback_2010elections/Local School Board Candidate Summary Travis Christiansen.pdf
   200     10456 wayback_2010elections/Robert E Allen Candidate Summary.pdf
   200     12717 wayback_2010elections/Robert E Allen Contributions.pdf
   200     13800 wayback_2010elections/Robert E Allen Expenditures.pdf
   200     10521 wayback_2010elections/Robert E Allen Local School Board Candidate Summary.pdf
   200     14673 wayback_2010elections/Travis Christiansen Contributions.pdf
   200     14062 wayback_2010elections/Travis Christiansen Expenditures.pdf
   200     10457 wayback_2010elections/Wes Swaney Candidate Summary.pdf
   200     12803 wayback_2010elections/Wes Swaney Contributions.pdf
   200     12624 wayback_2010elections/Wes Swaney Expenditures.pdf
   200     10403 wayback_2010elections/Wesley Christiansen Candidate Summary.pdf
   200     12751 wayback_2010elections/Wesley Christiansen Contributions.pdf
   200     12677 wayback_2010elections/Wesley Christiansen Expenditures.pdf
   200     10432 wayback_2010elections/Wesley Christiansen Local School Board Candidate Summary.pdf
   200     83382 wayback_forms2016/Craig D Seegmiller 10_26_2016 FCR_10-27-2016.pdf
   404         0 wayback_forms2016/(none)
   404         0 wayback_forms2016/(none)
   200     90109 wayback_forms2016/Gil Almquist_Commission C_Financial Campaign Report_6_17_2016_06-24-2016.pdf
   200     56086 wayback_forms2016/Gil Almquist_County Commission Seat C_Final FCR_8_4_2016_08-05-2016.pdf
   200    131158 wayback_forms2016/Greg Aldred 10_26_2016 FCR_11-05-2016.pdf
   404         0 wayback_forms2016/(none)
   200    155646 wayback_forms2016/Josh Warburton 11_1_2016 FCR_11-05-2016.pdf
   404         0 wayback_forms2016/(none)
   200     83870 wayback_forms2016/Kyle Wilson_Local School 1_Financial Campaign Report_6_17_2016_06-24-2016.pdf
   200    111765 wayback_forms2016/Richelle H_10-27-2016. Nelson 10_26_2016 FCR.pdf
   200    652602 wayback_forms2016/Richelle Nelson_Local School 1_Financial Campaign Report 6_15_2016_06-15-2016.pdf
   200     73910 wayback_forms2016/Rick Nelson 11_1_2016 FCR_11-02-2016.pdf
   404         0 wayback_forms2016/(none)
   200    122874 wayback_forms2016/Susi Lafaele_Local School 3_Financial Campaign Report 6_15_2016_07-28-2016.pdf
   200    214575 wayback_forms2016/Susi Lafaele_Local School Board 3_Financial Campaign Report_7_28_2016_FINAL_07-28-2016.pdf
   200    122022 wayback_forms2016/Terry Hutchinson 11_1_2016 FCR_11-02-2016.pdf
   404         0 wayback_forms2016/(none)
   200    144048 wayback_forms2016/Terry L_06-20-2016. Hutchison_Local School Board 3_Financial Campaign Report 6_20_2016.pdf
   200    146415 wayback_forms2016/William Evan Johnson _Local School Board 1_Campaign Expense Report_8_30_2016_08-31-2016.pdf
   200    151508 wayback_forms2018/Dec 10_Robert E Ford_FCR_12-14-2018.pdf
   200     99915 wayback_forms2018/Jan 3 2019_LaRene Cox_Final FCR_01-07-2019.pdf
   200     58517 wayback_forms2018/Jan 3 2019_Laura J Hesson_Final FCR_01-07-2019.pdf
   200     65343 wayback_forms2018/Jan 4 2019_Cory C Pulsipher_Final FCR_01-07-2019.pdf
   200     99508 wayback_forms2018/Jan 5 2019_Kim M Hafen_Final FCR_01-07-2019.pdf
   200     65810 wayback_forms2018/Jan 7 2019_Allen J Davis_Final FCR_01-09-2019.pdf
   200    109867 wayback_forms2018/Jan 7 2019_Brock R Belnap_Final FCR_01-09-2019.pdf
   200     62924 wayback_forms2018/Jan 7 2019_David Stirland_Final FCR_01-09-2019.pdf
   200    132087 wayback_forms2018/Jan 7 2019_Gil Almquist_Final FCR_01-07-2019.pdf
   200     55023 wayback_forms2018/Jan 7 2019_Kelly Wade Blake_Final FCR_01-09-2019.pdf
   200    163826 wayback_forms2018/June 12_Kim M Hafen_FCR_06-13-2018.pdf
   200     48920 wayback_forms2018/June 13_Brock R Belnap_FCR_06-14-2018.pdf
error:<urlopen error [Errno 61] Connection refused>         0 wayback_forms2018/(none)
   200     43243 wayback_forms2018/June 15_Laura J Hesson_FCR_06-15-2018.pdf
   200     61744 wayback_forms2018/June 18_Gregory Brooks_FCR_06-18-2018.pdf
   200    154293 wayback_forms2018/June 19_Allen J Davis_FCR_06-19-2018.pdf
   200    104399 wayback_forms2018/June 19_David Stirling_FCR_06-20-2018.pdf
   200    214606 wayback_forms2018/June 19_Gil Almquist_FCR_06-19-2018.pdf
   200    106830 wayback_forms2018/June 19_LaRene Cox_FCR_06-19-2018.pdf
   200    197185 wayback_forms2018/June 19_Victor Iverson_FCR_06-19-2018.pdf
   200    176725 wayback_forms2018/June 26_Cory Pulsipher_FCR_06-13-2018.pdf
   200     75963 wayback_forms2018/June 26_Kelly W_06-13-2018. Blake_FCR.pdf
   200     73326 wayback_forms2018/Oct 23_2018_Brock R Belnap_FCR_10-23-2018.pdf
   200     72977 wayback_forms2018/Oct 23_2018_Kelly Wade Blake_FCR_10-23-2018.pdf
   200    199834 wayback_forms2018/Oct 23_2018_Kim M Hafen_FCR_10-23-2018.pdf
   200    101252 wayback_forms2018/Oct 23_2018_LaRene Cox_FCR_10-23-2018.pdf
   200     87000 wayback_forms2018/Oct 29_Cory C Pulsipher_FCR_10-30-2018.pdf
   200     66421 wayback_forms2018/Oct 29_Laura Hesson_FCR_10-30-2018.pdf
   200    224389 wayback_forms2018/Oct 29_Robert E Ford_FCR_10-30-2018.pdf
   200    162882 wayback_forms2018/Oct 30_Gil Almquist_FCR_10-31-2018.pdf
   200     84016 wayback_forms2018/Oct 30_Victor Iverson_FCR_10-31-2018.pdf
   200    101401 wayback_forms2020/Attorney_Special 2 Year_Eric Wesley Clarke_October 21 2020_10-21-2020.pdf
error:<urlopen error [Errno 61] Connection refused>         0 wayback_forms2020/(none)
   200    311594 wayback_forms2020/Local School Board 1_Becky Dunn_October 20 2020_10-20-2020.pdf
   200    185248 wayback_forms2020/Local School Board 3_Daniel R, Nielson_December 2020_12-21-2020.pdf
   200     75770 wayback_forms2020/Local School Board 3_Daniel R, Nielson_October 22 2020_10-23-2020.pdf
   200    137520 wayback_forms2020/Local School Board 3_Daniel R_06-17-2020. Nielson_June 23 2020 FCR.pdf
   200     72870 wayback_forms2020/Local School Board 3_Dave Shaw_Write In_October 22 2020_10-24-2020.pdf
   200    116944 wayback_forms2020/Local School Board 3_Terry Lynn Hutchinson_June 23 2020 FCR_06-17-2020.pdf
   200     79009 wayback_forms2020/Local School Board 3_Terry Lynn Hutchinson_October 23 2020_10-28-2020.pdf
   200    259397 wayback_forms2020/Recorder_David Todd Miller_June 23 2020_06-08-2020.pdf
   200    225593 wayback_forms2020/Recorder_Gary L_06-17-2020. Christensen_June 23 2020 FCR.pdf
   200   3383832 wayback_forms2020/Recorder_Gary L_10-28-2020. Christensen_October 23 2020.pdf
   200    769109 wayback_forms2020/Recorder_Gary L_12-16-2020. Christensen_December 15 2020.pdf
   200     98849 wayback_forms2020/Recorder_Johnathan Liddle_June 23 2020_04-20-2020.pdf
   200         0 wayback_forms2020/(none)
   200    159357 wayback_forms2020/Recorder_Michae; R_06-15-2020. Draper_June 23 2020 FCR.pdf
   200    421674 wayback_forms2020/Recorder_Robert Foster_June 23 2020 FCR_06-18-2020.pdf
   200     65893 wayback_forms2020/Treasurer_David Alan Whitehead_June 23 2020 FCR_06-16-2020.pdf
   200     87757 wayback_forms2020/Treasurer_David Whitehead_December 15 2020_12-15-2020.pdf
   200     84089 wayback_forms2020/Treasurer_David Whitehead_October 21 2020_10-21-2020.pdf
   200     54716 wayback_forms2024/06-04-2024-Cynthia Shields-Local School 3-FINAL_06-07-2024.pdf
   200    175928 wayback_forms2024/06-12-2024-Gary L_06-13-2024. Christensen-Recorder.pdf
   200    162509 wayback_forms2024/06-12-2024_Ryan Sullivan-County Clerk_Auditor_06-13-2024.pdf
   200    191322 wayback_forms2024/06-13-2024-Chuck Goode-Commission Seat C_06-13-2024.pdf
   200     81814 wayback_forms2024/06-14-2024-Ron Wade_Local School Board 3_06-15-2024.pdf
   200     41987 wayback_forms2024/06-14-2024-Tom Durrant_Assessor_06-15-2024.pdf
   200     86951 wayback_forms2024/06-18-2024-Adam Snow-Commission C_06-20-2024.pdf
   200    105709 wayback_forms2024/06-18-2024-Craig Seegmiller-Local School 2_06-20-2024.pdf
   200     65899 wayback_forms2024/06-18-2024-David Whitehead-Treasurer_06-20-2024.pdf
   200    161603 wayback_forms2024/06-18-2024-Larry Meyers-Local School 1_06-20-2024.pdf
   200    101467 wayback_forms2024/06-18-2024_Heidi Gunn-Local School 1_06-20-2024.pdf
   200     90025 wayback_forms2024/5th District Court - Keith C_07-10-2024. Barnes.pdf
   200    179351 wayback_forms2024/5th District Juvenile Court - Michael Flemming Leavit_07-10-2024.pdf
   200    188042 wayback_forms2024/Assessor_Durrant_Tom_Rep_01-04-2024.pdf
   200    335636 wayback_forms2024/CLERKAUDITOR-SULLIVAN-RYAN-REPUBLICAN_01-04-2024.pdf
   200   1773958 wayback_forms2024/Commission_Goode_Chuck_Democrat_01-09-2024.pdf
   200   1688561 wayback_forms2024/Commission_Snow_Adam_Republican_01-04-2024.pdf
   200     85317 wayback_forms2024/Justice Court - Ronald L_07-10-2024. Read.pdf
   200   1499579 wayback_forms2024/Local School Board 1_Gunn_Heidi_01-04-2024.pdf
   200   1494203 wayback_forms2024/Local School Board 1_Meyers_Larry_01-09-2024.pdf
   200    980471 wayback_forms2024/Local School Board 2_Seegmiller_Craig_01-04-2024.pdf
   200     32062 wayback_forms2024/Local School Board 3_Shields_Cindi_WITHDRAWAL_06-04-2024.pdf
   200   1486990 wayback_forms2024/Local School Board 3_Wade_Ron_01-05-2024.pdf
   200   1754539 wayback_forms2024/Recorder_Chistensen_Gary_Republican_01-04-2024.pdf
   200    182530 wayback_forms2024/Treasurer_Whitehead_David_REPUB_01-09-2024.pdf
