   200     30208 wayback_financialreports/1 5 2015 Expenditures - Brock Belnap_01-13-2015.xls
   200     16896 wayback_financialreports/1 5 2015 Expenditures - David A Whitehead_01-07-2015.xls
   200     16896 wayback_financialreports/1 5 2015 Expenditures - Kim M Hafen_01-07-2015.xls
   200     57856 wayback_financialreports/1 5 2015 Expenditures - Paul Van Dam_01-08-2015.xls
   200     28672 wayback_financialreports/1 5 2015 Summary - Brock Belnap_01-13-2015.xls
   200     23040 wayback_financialreports/1 5 2015 Summary - David A Whitehead_01-07-2015.xls
   200     23040 wayback_financialreports/1 5 2015 Summary - Kim M Hafen_01-07-2015.xls
   200     28672 wayback_financialreports/1 5 2015 Summary - Paul Van Dam_01-08-2015.xls
   200     28672 wayback_financialreports/1 5 2015 Summary_LaRene Cox_01-07-2015.xls
   200     29696 wayback_financialreports/10 28 2014 Contributions - Brock Belnap_10-29-2014.xls
   200     16384 wayback_financialreports/10 28 2014 Contributions - David A Whitehead_10-22-2014.xls
   200     16384 wayback_financialreports/10 28 2014 Contributions - Eileen McKell_10-23-2014.xls
   200     16384 wayback_financialreports/10 28 2014 Contributions - Laura Hesson_10-27-2014.xls
   200     16384 wayback_financialreports/10 28 2014 Contributions - Peato (Pat) L Ena_10-22-2014.xls
   200     17920 wayback_financialreports/10 28 2014 Contributions - Zachary Renstrom_10-23-2014.xls
   200     16896 wayback_financialreports/10 28 2014 Expeditures_LaRene Cox_10-22-2014.xls
   200     16896 wayback_financialreports/10 28 2014 Expenditures - Chris White_10-28-2014.xls
   200     16896 wayback_financialreports/10 28 2014 Expenditures - David B Stirland_10-22-2014.xls
   200     16896 wayback_financialreports/10 28 2014 Expenditures - Kelly Blake_10-24-2014.xls
   200     33280 wayback_financialreports/10 28 2014 Expenditures - Nathan Gregg Caplin_10-29-2014.xls
   200     16896 wayback_financialreports/10 28 2014 Expenditures - Russell Shirts_10-23-2014.xls
   200     20992 wayback_financialreports/10 28 2014 Expenditures - Zachary Renstrom_10-23-2014.xls
   200     28672 wayback_financialreports/10 28 2014 Summary - Brock Belnap_10-29-2014.xls
   200     23040 wayback_financialreports/10 28 2014 Summary - David A Whitehead_10-22-2014.xls
   200     28672 wayback_financialreports/10 28 2014 Summary - Eileen McKell_10-23-2014.xls
   200     28672 wayback_financialreports/10 28 2014 Summary - Laura Hesson_10-27-2014.xls
   200     28672 wayback_financialreports/10 28 2014 Summary - Peato (Pat) L Ena_10-22-2014.xls
   200     28672 wayback_financialreports/10 28 2014 Summary - Victor Iverson_10-28-2014.xls
   200     28672 wayback_financialreports/10 28 2014 Summary_LaRene Cox_10-22-2014.xls
   200     22528 wayback_financialreports/4 4 2001 Summary - James J Eardley_04-04-2014.xls
   200     16384 wayback_financialreports/4 4 2014 Contributions - Chris White_04-04-2014.xls
   200     16384 wayback_financialreports/4 4 2014 Contributions - Daniel D McArthur_04-04-2014.xls
   200     16384 wayback_financialreports/4 4 2014 Contributions - Greg Aldred_04-04-2014.xls
   200     16384 wayback_financialreports/4 4 2014 Contributions - Mark Boyer_04-04-2014.xls
   200     17920 wayback_financialreports/4 4 2014 Contributions - Tom Durrant_04-04-2014.xls
   200     17408 wayback_financialreports/4 4 2014 Expenditures - Brock Belnap_04-04-2014.xls
   200     17408 wayback_financialreports/4 4 2014 Expenditures - Cory C Pulsipher_04-04-2014.xls
   200     16896 wayback_financialreports/4 4 2014 Expenditures - David A Whitehead_04-04-2014.xls
   200     16896 wayback_financialreports/4 4 2014 Expenditures - James J Eardley_04-04-2014.xls
   200     16896 wayback_financialreports/4 4 2014 Expenditures - Russell Shirts_04-04-2014.xls
   200     17408 wayback_financialreports/4 4 2014 Expenditures - Victor Iverson_04-04-2014.xls
   200     22528 wayback_financialreports/4 4 2014 Summary - Chet R Hughes_04-04-2014.xls
   200     28672 wayback_financialreports/4 4 2014 Summary - D Christopher Isom_04-04-2014.xls
   200     28672 wayback_financialreports/4 4 2014 Summary - David Miller_04-04-2014.xls
   200     22528 wayback_financialreports/4 4 2014 Summary - Mark Boyer_04-04-2014.xls
   200     22528 wayback_financialreports/4 4 2014 Summary - Slade Hughes_04-04-2014.xls
   200     28672 wayback_financialreports/4 4 2014 Summary - Zachary Renstrom_04-04-2014.xls
   200     28672 wayback_financialreports/4 4 2014-Summary - Hank Kodele_04-04-2014.xls
   200     16384 wayback_financialreports/5 15 2014 Contributions - David S Eves_05-08-2014.xls
   200     16384 wayback_financialreports/5 15 2014 Contributions - Laura Hesson_05-09-2014.xls
   200     29184 wayback_financialreports/5 15 2014 Contributions-Scott P Robison_05-06-2014.xls
   200     16896 wayback_financialreports/5 15 2014 Expenditures - David S Eves_05-08-2014.xls
   200     16896 wayback_financialreports/5 15 2014 Expenditures - Laura Hesson_05-09-2014.xls
   200     16896 wayback_financialreports/5 15 2014 Expenditures-Scott P Robison_05-06-2014.xls
   200     28672 wayback_financialreports/5 15 2014 Summary - David S Eves_05-08-2014.xls
   200     28672 wayback_financialreports/5 15 2014 Summary - Laura Hesson_05-09-2014.xls
   200     28672 wayback_financialreports/5 15 2014 Summary-Scott P Robison_05-06-2014.xls
   200     29696 wayback_financialreports/6 17 2014 Contributions - Brent Holloway_06-17-2014.xls
   200     16896 wayback_financialreports/6 17 2014 Contributions - Cory C Pulsipher_06-17-2014.xls
   200     18432 wayback_financialreports/6 17 2014 Contributions - David Miller_06-18-2014.xls
   200     16384 wayback_financialreports/6 17 2014 Contributions - Greg Aldred_05-09-2014.xls
   200     16384 wayback_financialreports/6 17 2014 Contributions - Laura Hesson_06-13-2014.xls
   200     16384 wayback_financialreports/6 17 2014 Contributions - Peato (Pat) L Ena_06-13-2014.xls
   200     16896 wayback_financialreports/6 17 2014 Contributions - Zachary Renstrom_06-11-2014.xls
   200     16896 wayback_financialreports/6 17 2014 Expenditures - Brent Holloway_06-17-2014.xls
   200     17920 wayback_financialreports/6 17 2014 Expenditures - Cory C Pulsipher_06-17-2014.xls
   200     17408 wayback_financialreports/6 17 2014 Expenditures - David Miller_06-18-2014.xls
   200     17920 wayback_financialreports/6 17 2014 Expenditures - Greg Aldred_05-09-2014.xls
   200     16896 wayback_financialreports/6 17 2014 Expenditures - Laura Hesson_06-13-2014.xls
   200     18432 wayback_financialreports/6 17 2014 Expenditures - Paul Van Dam_06-11-2014.xls
   200     19968 wayback_financialreports/6 17 2014 Expenditures - Tom Durrant_06-10-2014.xls
   200     16896 wayback_financialreports/6 17 2014 Expenditures-LaRene L_06-10-2014. Cox.pdf
   200     28672 wayback_financialreports/6 17 2014 Summary - Brock Belnap_06-17-2014.xls
   200     22528 wayback_financialreports/6 17 2014 Summary - David A Whitehead_06-17-2014.xls
   200     28672 wayback_financialreports/6 17 2014 Summary - David S Eves_06-11-2014.xls
   200     28672 wayback_financialreports/6 17 2014 Summary - Kelly Blake_06-17-2014.xls
   200     28672 wayback_financialreports/6 17 2014 Summary - Mark Boyer_05-09-2014.xls
   200     28672 wayback_financialreports/6 17 2014 Summary - Peato (Pat) L Ena_06-13-2014.xls
   200     28672 wayback_financialreports/6 17 2014 Summary - Victor Iverson_06-17-2014.xls
   200     28672 wayback_financialreports/6 17 2014 Summary-Scott P Robison_06-11-2014.xls
   200     10684 wayback_financialreports/Cal Durfey Local School Board Candidate Summary_04-05-2011.pdf
   200     16384 wayback_financialreports/Contributions - Aaron Randall_06-21-2012.xls
   200     11529 wayback_financialreports/Contributions - Alan Gardner 6 19 2012_06-13-2012.pdf
   200     32256 wayback_financialreports/Contributions - Alan Gardner_10-29-2012.xls
   200     16384 wayback_financialreports/Contributions - Barbara Beckstrom_01-17-2013.xls
   200     16384 wayback_financialreports/Contributions - Barbara Beckstrom_08-24-2012.xls
   200     32768 wayback_financialreports/Contributions - Chris White_01-17-2013.xls
   200     30720 wayback_financialreports/Contributions - Chris White_08-31-2012.xls
   200      8076 wayback_financialreports/Contributions - Craig Seegmiller_05-07-2012.pdf
   200     16384 wayback_financialreports/Contributions - Craig Seegmiller_10-29-2012.xls
   200      8050 wayback_financialreports/Contributions - Debbra Zockoll_05-07-2012.pdf
   200     16384 wayback_financialreports/Contributions - Debbra Zockoll_10-29-2012.xls
   200     14425 wayback_financialreports/Contributions - Greg Aldred_03-30-2012.pdf
   200     16896 wayback_financialreports/Contributions - Jerry Olson_01-17-2013.xls
   200     16384 wayback_financialreports/Contributions - Jerry Olson_08-31-2012.xls
   200     17408 wayback_financialreports/Contributions - Jill Hunt_06-21-2012.xls
   200     15899 wayback_financialreports/Contributions - Kevin Brooks_04-05-2011.pdf
   200     12414 wayback_financialreports/Contributions - Russell Shirts_04-05-2011.pdf
   200     14621 wayback_financialreports/Contributions - Steven Despain_04-05-2011.pdf
   200      4094 wayback_financialreports/County Candidate Summary - Aaron Randall_05-14-2012.pdf
   200      4132 wayback_financialreports/County Candidate Summary - Alan Gardner_03-30-2012.pdf
   200     15872 wayback_financialreports/County Candidate Summary - Alan Gardner_12-28-2012.xls
   200     22528 wayback_financialreports/County Candidate Summary - Barbara Beckstrom_06-15-2012.xls
   200      4092 wayback_financialreports/County Candidate Summary - Chris White_03-21-2012.pdf
   200     27648 wayback_financialreports/County Candidate Summary - Chris White_10-29-2012.xls
   200     28672 wayback_financialreports/County Candidate Summary - Greg Aldred_05-01-2012.xls
   200      4080 wayback_financialreports/County Candidate Summary - Jill Hunt_05-15-2012.pdf
   200      9127 wayback_financialreports/County Candidate Summary - Kim Hafen_04-05-2011.pdf
   200      9173 wayback_financialreports/County Candidate Summary - Slade Hughes_03-08-2011.pdf
error:<urlopen error [Errno 61] Connection refused>         0 wayback_financialreports/(none)
   200     13052 wayback_financialreports/Dale Ure Expenditures_03-08-2011.pdf
   200     16384 wayback_financialreports/Expenditures - Aaron Randall_06-21-2012.xls
   200     13669 wayback_financialreports/Expenditures - Alan Gardner 6 19 2012_06-13-2012.pdf
   200     36352 wayback_financialreports/Expenditures - Alan Gardner_10-29-2012.xls
   200     16896 wayback_financialreports/Expenditures - Barbara Beckstrom_01-17-2013.xls
   200     16896 wayback_financialreports/Expenditures - Barbara Beckstrom_08-24-2012.xls
   200     35840 wayback_financialreports/Expenditures - Chris White_01-17-2013.xls
   200     32768 wayback_financialreports/Expenditures - Chris White_08-31-2012.xls
   200      8201 wayback_financialreports/Expenditures - Craig Seegmiller_05-07-2012.pdf
   200     16384 wayback_financialreports/Expenditures - Craig Seegmiller_10-29-2012.xls
   200      8181 wayback_financialreports/Expenditures - Debbra Zockoll_05-07-2012.pdf
   200     16896 wayback_financialreports/Expenditures - Debbra Zockoll_10-29-2012.xls
   200      9137 wayback_financialreports/Expenditures - Greg Aldred_03-30-2012.pdf
   200      8170 wayback_financialreports/Expenditures - Jerry Olson_05-15-2012.pdf
   200     17920 wayback_financialreports/Expenditures - Jill Hunt_01-17-2013.xls
   200     17408 wayback_financialreports/Expenditures - Jill Hunt_08-31-2012.xls
   200     14920 wayback_financialreports/Expenditures - Kim Hafen_04-05-2011.pdf
   200      8327 wayback_financialreports/Expenditures - Slade Hughes_03-30-2012.pdf
   200     12643 wayback_financialreports/Frank Lojko Contributions_03-08-2011.pdf
   200     14164 wayback_financialreports/Kelly Blake Expenditures_03-08-2011.pdf
   200     14913 wayback_financialreports/Kyle Wells Expenditures_04-05-2011.pdf
   200     10353 wayback_financialreports/Larry LeBaron Local School Board Candidate Summary_04-05-2011.pdf
   200     14038 wayback_financialreports/Laura Hesson Expenditures_04-05-2011.pdf
   200     28672 wayback_financialreports/Local School Candidate Summary - Aaron D Randall_01-17-2013.xls
   200     28672 wayback_financialreports/Local School Candidate Summary - Barbara Beckstrom_01-17-2013.xls
   200      4188 wayback_financialreports/Local School Candidate Summary - Craig Seegmiller_05-07-2012.pdf
   200     23040 wayback_financialreports/Local School Candidate Summary - Craig Seegmiller_10-29-2012.xls
   200     23040 wayback_financialreports/Local School Candidate Summary - Debbra Zockoll_06-14-2012.xls
   200     28672 wayback_financialreports/Local School Candidate Summary - Debbra Zockoll_12-28-2012.xls
   200     28672 wayback_financialreports/Local School Candidate Summary - Jill Hunt_01-17-2013.xls
   200     12717 wayback_financialreports/Robert E Allen Contributions_04-05-2011.pdf
   200     14673 wayback_financialreports/Travis Christiansen Contributions_04-05-2011.pdf
   200     12677 wayback_financialreports/Wesley Christiansen Expenditures_04-05-2011.pdf
