   200    134740 live_wp/Gil-Almquist-Financial-012026.pdf
   200    197905 live_wp/Victor-Iverson-Financial-012026.pdf
   200     80448 live_wp/K.-Adam-Snow-2.pdf
   200     81135 live_wp/Jerry-Jaeger-012026.pdf
   200    113992 live_wp/Ryan-Sullivan.pdf
   200     92402 live_wp/Nate-Brooksby-2.pdf
   200    139593 live_wp/Tom-Durrant.pdf
   200     72121 live_wp/Gary-L-Christensen.pdf
   200    109089 live_wp/David-Whitehead.pdf
   200     71278 live_wp/Craig-Seegmiller-Financial-012026.pdf
   200     72478 live_wp/Ronald-M-Wade-2.pdf
   200    108184 live_wp/LaRene-Cox-Financial-012026.pdf
   200    108732 live_wp/Burke-Staheli.pdf
   200    101821 live_wp/N.-Craig-Hammer-2.pdf
   200    288233 live_wp/2022-Gil-Almquist.pdf
   200    511281 live_wp/2018-Gil-Almquist.pdf
   200    142125 live_wp/2016-Gil-Almquist.pdf
   200    697838 live_wp/2022-Victor-Iverson.pdf
   200    283289 live_wp/2018-Victor-Iverson.pdf
   200    328975 live_wp/2014-Victor-Iverson.pdf
   200     73481 live_outpost/Chuck Goode_Commission Seat C_Final_01-14-2025.pdf
   200   1953307 live_outpost/Chuck Goode_Commission Seat C_FCR_10-30-2024.pdf
   200    191322 live_outpost/06-13-2024-Chuck Goode-Commission Seat C_06-13-2024.pdf
   200    227925 live_outpost/Adam Snow - Commission Seat C-Final_01-06-2025.pdf
   200   1039443 live_outpost/Adam Snow _ Commsssion Seat C_FCR_10-29-2024.pdf
   200     86951 live_outpost/06-18-2024-Adam Snow-Commission C_06-20-2024.pdf
   200   1351327 live_wp/2024-Adam-Snow.pdf
   200    314866 live_wp/2022-Adam-Snow.pdf
   200    122577 live_outpost/Ryan Sullivan_ClerkAuditor_FINAL_12-12-2024.pdf
   200   1011083 live_outpost/Ryan Sullivan_ClerkAuditor-FCR_10-29-2024.pdf
   200    162509 live_outpost/06-12-2024_Ryan Sullivan-County Clerk_Auditor_06-13-2024.pdf
   200   1200256 live_wp/2024-Ryan-Sullivan.pdf
   200    287317 live_wp/2020-Tom-Durrant.pdf
   200    952929 live_outpost/Tom Durrant_Assessor_FCR_10-26-2024.pdf
   200     41987 live_outpost/06-14-2024-Tom Durrant_Assessor_06-15-2024.pdf
   200   1089994 live_wp/2024-Tom-Durrant.pdf
   200    417218 live_wp/2014-Tom-Durrant.pdf
   200     70622 live_outpost/Gary L_01-08-2025. Christensen_Recorder_Final.pdf
   200    175928 live_outpost/06-12-2024-Gary L_06-13-2024. Christensen-Recorder.pdf
   200   1162445 live_wp/2024-Gary-Christensen.pdf
   200   1510315 live_wp/2020-Gary-Christensen.pdf
   200     86883 live_outpost/David Whitehead_Treasurer_Final_01-08-2025.pdf
   200   1106935 live_outpost/David Whitehead_Treasurer_FCR_10-26-2024.pdf
   200     65899 live_outpost/06-18-2024-David Whitehead-Treasurer_06-20-2024.pdf
   200   1257046 live_wp/2024-David-Whitehead.pdf
   200    241882 live_wp/2020-David-Whitehead.pdf
   200    489373 live_wp/2014-David-Whitehead.pdf
   200     98663 live_wp/2011-David-Whitehead.pdf
   200    230767 live_wp/2010-David-Whitehead.pdf
   200    107960 live_wp/2006-David-Whitehead.pdf
   200    109736 live_outpost/Larry Meyers_Local School 1_Final_01-08-2025.pdf
   200   1646434 live_outpost/Larry Meyers_Local School 1_FCR_10-26-2024.pdf
   200    161603 live_outpost/06-18-2024-Larry Meyers-Local School 1_06-20-2024.pdf
   200     87907 live_outpost/Hedi Gunn_Local School 1_Final_01-06-2025.pdf
   200   1394077 live_outpost/Heidi Gunn_Local School 1_FCR_10-26-2024.pdf
   200    101467 live_outpost/06-18-2024_Heidi Gunn-Local School 1_06-20-2024.pdf
   200   1581444 live_wp/2024-Heidi-Gunn.pdf
   200    111805 live_outpost/Craig Seegmiller_Local School 2_FINAL_12-07-2024.pdf
   200   1115043 live_outpost/Craig Seegmiller_Local School 2_FCR_10-26-2024.pdf
   200    105709 live_outpost/06-18-2024-Craig Seegmiller-Local School 2_06-20-2024.pdf
   200   1329769 live_wp/2024-Craig-Seegmiller.pdf
   200    601778 live_wp/2020-Craig-Seegmiller.pdf
   200    215310 live_wp/2016-Craig-Seegmiller.pdf
   200   1206735 live_wp/2012-2013-Craig-Seegmiller.pdf
   200     46241 live_outpost/Ron Wade_Local School 3_FINALpdf_12-12-2024.pdf
   200   1020169 live_outpost/Ron Wade_Local School 3_FCR_10-29-2024.pdf
   200     81814 live_outpost/06-14-2024-Ron Wade_Local School Board 3_06-15-2024.pdf
   200     54716 live_outpost/06-04-2024-Cynthia Shields-Local School 3-FINAL_06-07-2024.pdf
   200    157490 live_wp/2022-LaRene-Cox.pdf
   200    310107 live_wp/2018-LaRene-Cox.pdf
   200     84968 live_wp/2022-Burke-Staheli.pdf
   200     15256 wayback_2010elections/6-15-2010 Cal Durfey Contributions.pdf
   200     15066 wayback_2010elections/6-15-2010 Cal Durfey Expenditures.pdf
   200     10425 wayback_2010elections/6-15-2010 Cal Durfey Local School Board Candidate Summary.pdf
   200     13606 wayback_2010elections/6-15-2010 Contributions - Brock Belnap.pdf
   200     25436 wayback_2010elections/6-15-2010 Contributions - Cory Pulsipher.pdf
   200     12268 wayback_2010elections/6-15-2010 Contributions - David Whitehead.pdf
   200      9183 wayback_2010elections/6-15-2010 Contributions - Greg Aldred.pdf
   200     15209 wayback_2010elections/6-15-2010 Contributions - James Eardley.pdf
   200     12418 wayback_2010elections/6-15-2010 Contributions - Kim Hafen.pdf
   200     53691 wayback_2010elections/6-15-2010 Contributions - Rob Tersigni.pdf
   200     12414 wayback_2010elections/6-15-2010 Contributions - Russell Shirts.pdf
   200     12507 wayback_2010elections/6-15-2010 Contributions- Denny Drake.pdf
   200      8456 wayback_2010elections/6-15-2010 County Candidate Summary - Brock Belnap.pdf
   200      9038 wayback_2010elections/6-15-2010 County Candidate Summary - Cory Pulsipher.pdf
   200      9068 wayback_2010elections/6-15-2010 County Candidate Summary - David Whitehead.pdf
   200      9183 wayback_2010elections/6-15-2010 County Candidate Summary - Greg Aldred.pdf
   200      9007 wayback_2010elections/6-15-2010 County Candidate Summary - James Eardley.pdf
   200      9065 wayback_2010elections/6-15-2010 County Candidate Summary - Kevin Brooks.pdf
   200      9085 wayback_2010elections/6-15-2010 County Candidate Summary - Kim Hafen.pdf
   200      9229 wayback_2010elections/6-15-2010 County Candidate Summary - Rob Tersigni.pdf
   200      9180 wayback_2010elections/6-15-2010 County Candidate Summary - Russell Shirts.pdf
   200      9179 wayback_2010elections/6-15-2010 County Candidate Summary- Art Partridge.pdf
   200      8811 wayback_2010elections/6-15-2010 County Candidate Summary- Denny Drake.pdf
   200     13466 wayback_2010elections/6-15-2010 Dale Ure Contributions.pdf
   200     13052 wayback_2010elections/6-15-2010 Dale Ure Expenditures.pdf
   200     10389 wayback_2010elections/6-15-2010 Dale Ure Local School Board Candidate Summary.pdf
   200     13947 wayback_2010elections/6-15-2010 Expenditures - Brock Belnap.pdf
   200     22969 wayback_2010elections/6-15-2010 Expenditures - Cory Pulsipher.pdf
   200     14493 wayback_2010elections/6-15-2010 Expenditures - David Whitehead.pdf
   200     11634 wayback_2010elections/6-15-2010 Expenditures - Denny Drake.pdf
   200     16360 wayback_2010elections/6-15-2010 Expenditures - Greg Aldred.pdf
   200     14758 wayback_2010elections/6-15-2010 Expenditures - James Eardley.pdf
   200     14711 wayback_2010elections/6-15-2010 Expenditures - Kevin Brooks.pdf
   200     14920 wayback_2010elections/6-15-2010 Expenditures - Kim Hafen.pdf
   200     34154 wayback_2010elections/6-15-2010 Expenditures - Rob Tersigni.pdf
   200     13910 wayback_2010elections/6-15-2010 Expenditures - Russell Shirts.pdf
   200     13887 wayback_2010elections/6-15-2010 Expenditures- Art Partridge.pdf
   200     12643 wayback_2010elections/6-15-2010 Frank Lojko Contributions.pdf
   200     12569 wayback_2010elections/6-15-2010 Frank Lojko Expenditures.pdf
   200     10402 wayback_2010elections/6-15-2010 Frank Lojko Local School Board Candidate Summary.pdf
   200     12791 wayback_2010elections/6-15-2010 Kelly Blake Contributions.pdf
   200     14164 wayback_2010elections/6-15-2010 Kelly Blake Expenditures.pdf
   200     10587 wayback_2010elections/6-15-2010 Kelly Blake Local School Board Candidate Summary.pdf
   200     15116 wayback_2010elections/6-15-2010 Kevin Brooks.pdf
   200     14654 wayback_2010elections/6-15-2010 Kyle Wells Contributions.pdf
   200     14913 wayback_2010elections/6-15-2010 Kyle Wells Expenditures.pdf
   200     10647 wayback_2010elections/6-15-2010 Kyle Wells Local School Board Candidate Summary.pdf
   200     12637 wayback_2010elections/6-15-2010 Larry LeBaron Expenditures.pdf
   200     10353 wayback_2010elections/6-15-2010 Larry LeBaron Local School Board Candidate Summary.pdf
