   200     16896 wayback_financialreports/5 15 2014 Expenditures - Eileen McKell_05-14-2014.xls
   200     16896 wayback_financialreports/5 15 2014 Expenditures - Peato (Pat) L Ena_05-12-2014~2.xls
   200     30720 wayback_financialreports/5 15 2014 Summary - Brent Holloway_05-05-2014~2.xls
   200     28672 wayback_financialreports/5 15 2014 Summary - Eileen McKell_05-14-2014~3.xls
   200     28672 wayback_financialreports/5 15 2014 Summary - Peato (Pat) L Ena_05-12-2014~2.xls
   200     16384 wayback_financialreports/6 17 2014 Contributions - Mark Boyer_05-09-2014~3.xls
   200     25088 wayback_financialreports/6 17 2014 Contributions - Brock Belnap_06-17-2014~2.xls
   200     16384 wayback_financialreports/6 17 2014 Contributions - David A Whitehead_06-17-2014~3.xls
   200     16384 wayback_financialreports/6 17 2014 Contributions - David S Eves_06-11-2014~2.xls
   200     16384 wayback_financialreports/6 17 2014 Contributions - Kelly Blake_06-17-2014~3.xls
   200     30720 wayback_financialreports/6 17 2014 Contributions - Nathan Gregg Caplin_06-17-2014~2.xls
   200     18432 wayback_financialreports/6 17 2014 Contributions - Tom Durrant_06-10-2014~3.xls
   200     16384 wayback_financialreports/6 17 2014 Contributions-LaRene L_06-10-2014. Cox~2.pdf
   200     24064 wayback_financialreports/6 17 2014 Expenditures - Brock Belnap_06-17-2014~2.xls
   200     16896 wayback_financialreports/6 17 2014 Expenditures - David A Whitehead_06-17-2014.xls
   200     16896 wayback_financialreports/6 17 2014 Expenditures - David S Eves_06-11-2014~2.xls
   200     16896 wayback_financialreports/6 17 2014 Expenditures - Kelly Blake_06-17-2014.xls
   200     17408 wayback_financialreports/6 17 2014 Expenditures - Mark Boyer_05-09-2014~2.xls
   200     16896 wayback_financialreports/6 17 2014 Expenditures - Peato (Pat) L Ena_06-13-2014.xls
   200     17920 wayback_financialreports/6 17 2014 Expenditures - Victor Iverson_06-17-2014~2.xls
   200     16896 wayback_financialreports/6 17 2014 Expenditures-Scott P Robison_06-11-2014.xls
   200     28672 wayback_financialreports/6 17 2014 Summary - Chris White_06-17-2014~2.xls
   200     28672 wayback_financialreports/6 17 2014 Summary - David B Stirland_06-17-2014.xls
   200     28672 wayback_financialreports/6 17 2014 Summary - Eileen McKell_06-09-2014~2.xls
   200     22528 wayback_financialreports/6 17 2014 Summary - Kim M Hafen_06-09-2014.xls
   200     28672 wayback_financialreports/6 17 2014 Summary - Nathan Gregg Caplin_06-17-2014~2.xls
   200     22528 wayback_financialreports/6 17 2014 Summary - Russell Shirts_06-11-2014.xls
   200     28672 wayback_financialreports/6 17 2014 Summary - Zachary Renstrom_06-11-2014~2.xls
   200     15301 wayback_financialreports/Cal Durfey Contributions_04-05-2011.pdf
   200     16384 wayback_financialreports/Contributions - Aaron Randall_01-17-2013~2.xls
   200     16384 wayback_financialreports/Contributions - Aaron Randall_08-30-2012.xls
   200      9659 wayback_financialreports/Contributions - Alan Gardner_03-30-2012~2.pdf
   200     32256 wayback_financialreports/Contributions - Alan Gardner_12-28-2012.xls
   200      8067 wayback_financialreports/Contributions - Barbara Beckstrom_05-09-2012~2.pdf
   200     16384 wayback_financialreports/Contributions - Barbara Beckstrom_10-31-2012.xls
   200      8553 wayback_financialreports/Contributions - Chris White_03-21-2012~2.pdf
   200     32768 wayback_financialreports/Contributions - Chris White_10-29-2012.xls
   200     16384 wayback_financialreports/Contributions - Craig Seegmiller_06-13-2012~2.xls
   200     16384 wayback_financialreports/Contributions - Craig Seegmiller_12-28-2012.xls
   200     16384 wayback_financialreports/Contributions - Debbra Zockoll_06-14-2012~2.xls
   200     16384 wayback_financialreports/Contributions - Debbra Zockoll_12-28-2012.xls
   200     33792 wayback_financialreports/Contributions - Greg Aldred_05-01-2012~2.xls
   200      8039 wayback_financialreports/Contributions - Jerry Olson_05-15-2012.pdf
   200     17920 wayback_financialreports/Contributions - Jill Hunt_01-17-2013~2.xls
   200     17408 wayback_financialreports/Contributions - Jill Hunt_08-31-2012.xls
   200     12418 wayback_financialreports/Contributions - Kim Hafen_04-05-2011~2.pdf
   200     12853 wayback_financialreports/Contributions - Slade Hughes_03-08-2011.pdf
   200     12413 wayback_financialreports/Contributions- Art Partridge_04-05-2011~2.pdf
   200     28672 wayback_financialreports/County Candidate Summary - Aaron Randall_06-21-2012.xls
   200     15872 wayback_financialreports/County Candidate Summary - Alan Gardner_08-24-2012~2.xls
   200      9090 wayback_financialreports/County Candidate Summary - Arlin Hughes_03-08-2011.pdf
   200      9274 wayback_financialreports/County Candidate Summary - Brock Belnap_04-05-2011~2.pdf
   200     27648 wayback_financialreports/County Candidate Summary - Chris White_06-21-2012.xls
   200      9107 wayback_financialreports/County Candidate Summary - David Whitehead_04-05-2011~2.pdf
   200      4100 wayback_financialreports/County Candidate Summary - Jerry Olson_05-15-2012.pdf
   200     28672 wayback_financialreports/County Candidate Summary - Jill Hunt_06-21-2012~2.xls
   200      9229 wayback_financialreports/County Candidate Summary - Rob Tersigni_04-05-2011.pdf
   200      4189 wayback_financialreports/County Candidate Summary - Slade Hughes_03-30-2012~2.pdf
   200      9226 wayback_financialreports/County Candidate Summary- Art Partridge_04-05-2011~2.pdf
   200      8976 wayback_financialreports/County Candidate Summary- Denny Drake_03-08-2011.pdf
   200     16896 wayback_financialreports/Expenditures - Aaron Randall_01-17-2013~2.xls
   200     16384 wayback_financialreports/Expenditures - Aaron Randall_08-30-2012.xls
   200      9143 wayback_financialreports/Expenditures - Alan Gardner_03-30-2012~2.pdf
   200     36352 wayback_financialreports/Expenditures - Alan Gardner_12-28-2012.xls
   200      8191 wayback_financialreports/Expenditures - Barbara Beckstrom_05-09-2012~2.pdf
   200     16896 wayback_financialreports/Expenditures - Barbara Beckstrom_10-31-2012.xls
   200      8436 wayback_financialreports/Expenditures - Chris White_03-21-2012~2.pdf
   200     35328 wayback_financialreports/Expenditures - Chris White_10-29-2012.xls
   200     16384 wayback_financialreports/Expenditures - Craig Seegmiller_06-13-2012~2.xls
   200     16896 wayback_financialreports/Expenditures - Craig Seegmiller_12-28-2012.xls
   200     16384 wayback_financialreports/Expenditures - Debbra Zockoll_06-14-2012~2.xls
   200     16896 wayback_financialreports/Expenditures - Debbra Zockoll_12-28-2012.xls
   200     17920 wayback_financialreports/Expenditures - Greg Aldred_05-01-2012~2.xls
   200     16384 wayback_financialreports/Expenditures - Jerry Olson_06-15-2012.xls
   200      8687 wayback_financialreports/Expenditures - Jill Hunt_05-15-2012~2.pdf
   200     17920 wayback_financialreports/Expenditures - Jill Hunt_10-31-2012.xls
   200     13910 wayback_financialreports/Expenditures - Russell Shirts_04-05-2011~2.pdf
   200     13985 wayback_financialreports/Expenditures - Steven Despain_04-05-2011.pdf
   200     12569 wayback_financialreports/Frank Lojko Expenditures_03-08-2011~2.pdf
   200     10587 wayback_financialreports/Kelly Blake Local School Board Candidate Summary_03-08-2011.pdf
   200     10647 wayback_financialreports/Kyle Wells Local School Board Candidate Summary_04-05-2011~2.pdf
   200     12801 wayback_financialreports/Larry LeBaronContributions_04-05-2011.pdf
   200     10592 wayback_financialreports/Laura Hesson Local School Board Candidate Summary_04-05-2011~2.pdf
   200     28672 wayback_financialreports/Local School Candidate Summary - Aaron D Randall_08-30-2012.xls
   200     28672 wayback_financialreports/Local School Candidate Summary - Barbara Beckstrom_08-24-2012~2.xls
   200     22528 wayback_financialreports/Local School Candidate Summary - Craig Seegmiller_06-13-2012.xls
   200     28672 wayback_financialreports/Local School Candidate Summary - Craig Seegmiller_12-28-2012~2.xls
   200     23040 wayback_financialreports/Local School Candidate Summary - Debbra Zockoll_08-27-2012.xls
   200     28672 wayback_financialreports/Local School Candidate Summary - Jerry Olson_01-17-2013~2.xls
