   200     14699 wayback_clerkpdf2008/Alan Dean Gardner Contributions October 28 2008.pdf
   200     15549 wayback_clerkpdf2008/Alan Dean Gardner Expenditures October 28 2008.pdf
   200      7577 wayback_clerkpdf2008/Carole Morris Contributions.pdf
   200      8422 wayback_clerkpdf2008/Carole Morris Expenditure.pdf
   200      7414 wayback_clerkpdf2008/Craig Seegmiller Contributions.pdf
   200      8289 wayback_clerkpdf2008/Craig Seegmiller Expenditures.pdf
   200     29696 wayback_financialreports/1 5 2015 Contributions - Brock Belnap_01-13-2015.xls
   200     16896 wayback_financialreports/1 5 2015 Contributions - Chris White_01-08-2015.xls
   200     16896 wayback_financialreports/1 5 2015 Contributions - Cory C Pulsipher_01-07-2015.xls
   200     16896 wayback_financialreports/1 5 2015 Contributions - David B Stirland_01-07-2015.xls
   200     16384 wayback_financialreports/1 5 2015 Contributions - Kelly Blake_01-07-2015.xls
   200     16384 wayback_financialreports/1 5 2015 Contributions - Kim M Hafen_01-07-2015.xls
   200     16384 wayback_financialreports/1 5 2015 Contributions - Laura Hesson_01-07-2015.xls
   200     31232 wayback_financialreports/1 5 2015 Contributions - Nathan Gregg Caplin_01-13-2015.xls
   200     69120 wayback_financialreports/1 5 2015 Contributions - Paul Van Dam_01-08-2015.xls
   200     18944 wayback_financialreports/1 5 2015 Contributions - Tom Durrant_01-07-2015.xls
   200     29184 wayback_financialreports/1 5 2015 Contributions-Scott P Robison_01-07-2015.xls
   200     17408 wayback_financialreports/1 5 2015 Contrubutions_ LaRene Cox_01-07-2015.xls
   200     17408 wayback_financialreports/1 5 2015 Expeditures_LaRene Cox_01-07-2015.xls
error:<urlopen error [Errno 61] Connection refused>         0 wayback_financialreports/(none)
   200     17408 wayback_financialreports/1 5 2015 Expenditures - Chris White_01-08-2015.xls
   200     33280 wayback_financialreports/1 5 2015 Expenditures - Cory C Pulsipher_01-07-2015.xls
error:<urlopen error [Errno 61] Connection refused>         0 wayback_financialreports/(none)
   200     16896 wayback_financialreports/1 5 2015 Expenditures - David B Stirland_01-07-2015.xls
   200     16896 wayback_financialreports/1 5 2015 Expenditures - Kelly Blake_01-07-2015~2.xls
   200     16896 wayback_financialreports/1 5 2015 Expenditures - Kim M Hafen_01-07-2015~2.xls
   200     16896 wayback_financialreports/1 5 2015 Expenditures - Laura Hesson_01-07-2015.xls
   200     33280 wayback_financialreports/1 5 2015 Expenditures - Nathan Gregg Caplin_01-13-2015~2.xls
   200     57856 wayback_financialreports/1 5 2015 Expenditures - Paul Van Dam_01-08-2015~2.xls
   200     19968 wayback_financialreports/1 5 2015 Expenditures - Tom Durrant_01-07-2015.xls
   200     16896 wayback_financialreports/1 5 2015 Expenditures-Scott P Robison_01-07-2015~2.xls
   200     28672 wayback_financialreports/1 5 2015 Summary - Brock Belnap_01-13-2015~2.xls
   200     28672 wayback_financialreports/1 5 2015 Summary - Chris White_01-08-2015.xls
   200     28672 wayback_financialreports/1 5 2015 Summary - Cory C Pulsipher_01-07-2015~2.xls
   200     23040 wayback_financialreports/1 5 2015 Summary - David A Whitehead_01-07-2015~2.xls
   200     28672 wayback_financialreports/1 5 2015 Summary - David B Stirland_01-07-2015.xls
   200     28672 wayback_financialreports/1 5 2015 Summary - Kelly Blake_01-07-2015~2.xls
   200     23040 wayback_financialreports/1 5 2015 Summary - Kim M Hafen_01-07-2015~2.xls
   200     28672 wayback_financialreports/1 5 2015 Summary - Laura Hesson_01-07-2015.xls
   200     28672 wayback_financialreports/1 5 2015 Summary - Nathan Gregg Caplin_01-13-2015~2.xls
   200     28672 wayback_financialreports/1 5 2015 Summary - Paul Van Dam_01-08-2015~2.xls
   200     28672 wayback_financialreports/1 5 2015 Summary - Tom Durrant_01-07-2015.xls
   200     28672 wayback_financialreports/1 5 2015 Summary-Scott P Robison_01-07-2015~2.xls
   200     28672 wayback_financialreports/1 5 2015 Summary_LaRene Cox_01-07-2015~2.xls
   200     16384 wayback_financialreports/10 28 2014 Contributions - Russell Shirts_10-23-2014.xls
   200     30208 wayback_financialreports/10 28 2014 Contributions - Brent Holloway_10-27-2014~2.xls
   200     29696 wayback_financialreports/10 28 2014 Contributions - Brock Belnap_10-29-2014~2.xls
   200     16896 wayback_financialreports/10 28 2014 Contributions - Chris White_10-28-2014.xls
   200     16896 wayback_financialreports/10 28 2014 Contributions - Cory C Pulsipher_10-21-2014~2.xls
   200     16384 wayback_financialreports/10 28 2014 Contributions - David A Whitehead_10-22-2014~2.xls
   200     16896 wayback_financialreports/10 28 2014 Contributions - David B Stirland_10-22-2014.xls
   200     18432 wayback_financialreports/10 28 2014 Contributions - David Miller_10-17-2014~2.xls
   200     16384 wayback_financialreports/10 28 2014 Contributions - Eileen McKell_10-23-2014~2.xls
   200     16384 wayback_financialreports/10 28 2014 Contributions - Kelly Blake_10-24-2014.xls
   200     16384 wayback_financialreports/10 28 2014 Contributions - Kim M Hafen_10-17-2014~2.xls
   200     16384 wayback_financialreports/10 28 2014 Contributions - Laura Hesson_10-27-2014~2.xls
   200     31232 wayback_financialreports/10 28 2014 Contributions - Nathan Gregg Caplin_10-29-2014.xls
   200     53248 wayback_financialreports/10 28 2014 Contributions - Paul Van Dam_10-28-2014~2.xls
   200     16384 wayback_financialreports/10 28 2014 Contributions - Peato (Pat) L Ena_10-22-2014~2.xls
   200     18944 wayback_financialreports/10 28 2014 Contributions - Tom Durrant_10-17-2014.xls
error:<urlopen error [Errno 61] Connection refused>         0 wayback_financialreports/(none)
   200     17920 wayback_financialreports/10 28 2014 Contributions - Zachary Renstrom_10-23-2014~2.xls
   200     29184 wayback_financialreports/10 28 2014 Contributions-Scott P Robison_10-22-2014.xls
   200     17408 wayback_financialreports/10 28 2014 Contrubutions_ LaRene Cox_10-22-2014~2.xls
   200     16896 wayback_financialreports/10 28 2014 Expeditures_LaRene Cox_10-22-2014~2.xls
   200     17408 wayback_financialreports/10 28 2014 Expenditures - Brent Holloway_10-27-2014.xls
   200     24064 wayback_financialreports/10 28 2014 Expenditures - Brock Belnap_10-29-2014~2.xls
   200     16896 wayback_financialreports/10 28 2014 Expenditures - Chris White_10-28-2014~2.xls
   200     32768 wayback_financialreports/10 28 2014 Expenditures - Cory C Pulsipher_10-21-2014.xls
   200     16896 wayback_financialreports/10 28 2014 Expenditures - David A Whitehead_10-22-2014~2.xls
   200     16896 wayback_financialreports/10 28 2014 Expenditures - David B Stirland_10-22-2014~2.xls
   200     18432 wayback_financialreports/10 28 2014 Expenditures - David Miller_10-17-2014.xls
   200     17408 wayback_financialreports/10 28 2014 Expenditures - Eileen McKell_10-23-2014~2.xls
   200     16896 wayback_financialreports/10 28 2014 Expenditures - Kelly Blake_10-24-2014~2.xls
   200     16896 wayback_financialreports/10 28 2014 Expenditures - Kim M Hafen_10-17-2014.xls
   200     16896 wayback_financialreports/10 28 2014 Expenditures - Laura Hesson_10-27-2014~2.xls
   200     33280 wayback_financialreports/10 28 2014 Expenditures - Nathan Gregg Caplin_10-29-2014~2.xls
   200     41984 wayback_financialreports/10 28 2014 Expenditures - Paul Van Dam_10-28-2014.xls
   200     16896 wayback_financialreports/10 28 2014 Expenditures - Peato (Pat) L Ena_10-22-2014~2.xls
   200     16896 wayback_financialreports/10 28 2014 Expenditures - Russell Shirts_10-23-2014~2.xls
   200     19968 wayback_financialreports/10 28 2014 Expenditures - Tom Durrant_10-17-2014.xls
   200     23040 wayback_financialreports/10 28 2014 Expenditures - Victor Iverson_10-28-2014~2.xls
   200     20992 wayback_financialreports/10 28 2014 Expenditures - Zachary Renstrom_10-23-2014~2.xls
   200     16896 wayback_financialreports/10 28 2014 Expenditures-Scott P Robison_10-22-2014.xls
   200     28672 wayback_financialreports/10 28 2014 Summary - Brent Holloway_10-27-2014~2.xls
   200     28672 wayback_financialreports/10 28 2014 Summary - Brock Belnap_10-29-2014~2.xls
   200     28672 wayback_financialreports/10 28 2014 Summary - Chris White_10-28-2014.xls
   200     28672 wayback_financialreports/10 28 2014 Summary - Cory C Pulsipher_10-21-2014~2.xls
   200     23040 wayback_financialreports/10 28 2014 Summary - David A Whitehead_10-22-2014~2.xls
   200     28672 wayback_financialreports/10 28 2014 Summary - David B Stirland_10-22-2014.xls
   200     28672 wayback_financialreports/10 28 2014 Summary - David Miller_10-17-2014~2.xls
   200     28672 wayback_financialreports/10 28 2014 Summary - Eileen McKell_10-23-2014~2.xls
   200     28672 wayback_financialreports/10 28 2014 Summary - Kelly Blake_10-24-2014.xls
   200     23040 wayback_financialreports/10 28 2014 Summary - Kim M Hafen_10-17-2014~2.xls
   200     28672 wayback_financialreports/10 28 2014 Summary - Laura Hesson_10-27-2014~2.xls
   200     28672 wayback_financialreports/10 28 2014 Summary - Nathan Gregg Caplin_10-29-2014.xls
   200     28672 wayback_financialreports/10 28 2014 Summary - Paul Van Dam_10-28-2014~2.xls
   200     28672 wayback_financialreports/10 28 2014 Summary - Peato (Pat) L Ena_10-22-2014~2.xls
   200     23040 wayback_financialreports/10 28 2014 Summary - Russell Shirts_10-23-2014.xls
   200     28672 wayback_financialreports/10 28 2014 Summary - Tom Durrant_10-17-2014~2.xls
   200     28672 wayback_financialreports/10 28 2014 Summary - Victor Iverson_10-28-2014~2.xls
   200     28672 wayback_financialreports/10 28 2014 Summary - Zachary Renstrom_10-23-2014.xls
   200     28672 wayback_financialreports/10 28 2014 Summary-Scott P Robison_10-22-2014~2.xls
   200     28672 wayback_financialreports/10 28 2014 Summary_LaRene Cox_10-22-2014~2.xls
   200     16384 wayback_financialreports/4 4 2014 Contributions - Russell Shirts_04-04-2014.xls
   200     16896 wayback_financialreports/4 4 2001 Expenditures - Mark Boyer_04-04-2014~2.xls
   200     22528 wayback_financialreports/4 4 2001 Summary - James J Eardley_04-04-2014~2.xls
   200     16896 wayback_financialreports/4 4 2014 Contributions - Brock Belnap_04-04-2014.xls
   200     16384 wayback_financialreports/4 4 2014 Contributions - Chet R Hughes_04-04-2014~2.xls
   200     16384 wayback_financialreports/4 4 2014 Contributions - Chris White_04-04-2014~2.xls
   200     16896 wayback_financialreports/4 4 2014 Contributions - Cory C Pulsipher_04-04-2014.xls
   200     16384 wayback_financialreports/4 4 2014 Contributions - D Christopher Isom_04-04-2014~2.xls
   200     16384 wayback_financialreports/4 4 2014 Contributions - Daniel D McArthur_04-04-2014~2.xls
   200     16384 wayback_financialreports/4 4 2014 Contributions - David A Whitehead_04-04-2014.xls
   200     18432 wayback_financialreports/4 4 2014 Contributions - David Miller_04-04-2014~2.xls
   200     16384 wayback_financialreports/4 4 2014 Contributions - Greg Aldred_04-04-2014~2.xls
   200     16384 wayback_financialreports/4 4 2014 Contributions - James J Eardley_04-04-2014.xls
   200     18432 wayback_financialreports/4 4 2014 Contributions - Kim M Hafen_04-04-2014~2.xls
   200     16384 wayback_financialreports/4 4 2014 Contributions - Mark Boyer_04-04-2014~2.xls
   200     16896 wayback_financialreports/4 4 2014 Contributions - Nathan Grergg Caplin_04-04-2014.xls
   200     16384 wayback_financialreports/4 4 2014 Contributions - Slade Hughes_04-04-2014~2.xls
   200     17920 wayback_financialreports/4 4 2014 Contributions - Tom Durrant_04-04-2014~2.xls
   200     16896 wayback_financialreports/4 4 2014 Contributions - Victor Iverson_04-04-2014.xls
   200     16896 wayback_financialreports/4 4 2014 Contributions - Zachary Renstrom_04-04-2014~2.xls
   200     17408 wayback_financialreports/4 4 2014 Expenditures - Brock Belnap_04-04-2014~2.xls
   200     16896 wayback_financialreports/4 4 2014 Expenditures - Chet R Hughes_04-04-2014.xls
   200     16896 wayback_financialreports/4 4 2014 Expenditures - Chris White_04-04-2014~2.xls
   200     17408 wayback_financialreports/4 4 2014 Expenditures - Cory C Pulsipher_04-04-2014~2.xls
   200     16896 wayback_financialreports/4 4 2014 Expenditures - D Christopher Isom_04-04-2014.xls
   200     16896 wayback_financialreports/4 4 2014 Expenditures - Daniel D McArthur_04-04-2014~2.xls
   200     16896 wayback_financialreports/4 4 2014 Expenditures - David A Whitehead_04-04-2014~2.xls
   200     17408 wayback_financialreports/4 4 2014 Expenditures - David Miller_04-04-2014.xls
   200     17408 wayback_financialreports/4 4 2014 Expenditures - Greg Aldred_04-04-2014~2.xls
   200     16896 wayback_financialreports/4 4 2014 Expenditures - James J Eardley_04-04-2014~2.xls
   200     18944 wayback_financialreports/4 4 2014 Expenditures - Kim M Hafen_04-04-2014.xls
   200     17408 wayback_financialreports/4 4 2014 Expenditures - Nathan Gregg Caplin_04-04-2014~2.xls
   200     16896 wayback_financialreports/4 4 2014 Expenditures - Russell Shirts_04-04-2014~2.xls
   200     16896 wayback_financialreports/4 4 2014 Expenditures - Slade Hughes_04-04-2014.xls
   200     18432 wayback_financialreports/4 4 2014 Expenditures - Tom Durrant_04-04-2014~2.xls
   200     17408 wayback_financialreports/4 4 2014 Expenditures - Victor Iverson_04-04-2014~2.xls
   200     17408 wayback_financialreports/4 4 2014 Expenditures - Zachary Renstrom_04-04-2014.xls
   200     28672 wayback_financialreports/4 4 2014 Summary - Brock Belnap_04-04-2014~2.xls
   200     22528 wayback_financialreports/4 4 2014 Summary - Chet R Hughes_04-04-2014~2.xls
   200     28672 wayback_financialreports/4 4 2014 Summary - Chris White_04-04-2014.xls
   200     28672 wayback_financialreports/4 4 2014 Summary - Cory C Pulsipher_04-04-2014~2.xls
   200     28672 wayback_financialreports/4 4 2014 Summary - D Christopher Isom_04-04-2014~2.xls
   200     28672 wayback_financialreports/4 4 2014 Summary - Daniel D McArthur_04-04-2014.xls
   200     22528 wayback_financialreports/4 4 2014 Summary - David A Whitehead_04-04-2014~2.xls
   200     28672 wayback_financialreports/4 4 2014 Summary - David Miller_04-04-2014~2.xls
   200     22528 wayback_financialreports/4 4 2014 Summary - Greg Aldred_04-04-2014.xls
   200     24576 wayback_financialreports/4 4 2014 Summary - Kim M Hafen_04-04-2014~2.xls
   200     22528 wayback_financialreports/4 4 2014 Summary - Mark Boyer_04-04-2014~2.xls
   200     28672 wayback_financialreports/4 4 2014 Summary - Nathan Gregg Caplin_04-04-2014.xls
   200     22528 wayback_financialreports/4 4 2014 Summary - Russell Shirts_04-04-2014~2.xls
   200     22528 wayback_financialreports/4 4 2014 Summary - Slade Hughes_04-04-2014~2.xls
   200     28672 wayback_financialreports/4 4 2014 Summary - Tom Durrant_04-04-2014.xls
   200     28672 wayback_financialreports/4 4 2014 Summary - Victor Iverson_04-04-2014~2.xls
   200     28672 wayback_financialreports/4 4 2014 Summary - Zachary Renstrom_04-04-2014~2.xls
   200     16384 wayback_financialreports/4 4 2014-Contributions - Hank Kodele_04-04-2014.xls
   200     16896 wayback_financialreports/4 4 2014-Expenditures - Hank Kodele_04-04-2014~2.xls
   200     28672 wayback_financialreports/4 4 2014-Summary - Hank Kodele_04-04-2014~2.xls
   200     31744 wayback_financialreports/5 15 2014 Contributions - Brent Holloway_05-05-2014.xls
   200     16384 wayback_financialreports/5 15 2014 Contributions - David S Eves_05-06-2014~2.xls
   200     16384 wayback_financialreports/5 15 2014 Contributions - David S Eves_05-08-2014~2.xls
   200     16384 wayback_financialreports/5 15 2014 Contributions - Eileen McKell_05-14-2014.xls
   200     16384 wayback_financialreports/5 15 2014 Contributions - Kelly Blake_05-08-2014~2.xls
   200     16384 wayback_financialreports/5 15 2014 Contributions - Laura Hesson_05-09-2014~2.xls
   200     16384 wayback_financialreports/5 15 2014 Contributions - Peato (Pat) L Ena_05-12-2014.xls
   200     18432 wayback_financialreports/5 15 2014 Contributions-LaRene L_05-05-2014. Cox~2.pdf
   200     29184 wayback_financialreports/5 15 2014 Contributions-Scott P Robison_05-06-2014~2.xls
   200     18944 wayback_financialreports/5 15 2014 Expenditures - Brent Holloway_05-05-2014.xls
   200     16896 wayback_financialreports/5 15 2014 Expenditures - David S Eves_05-06-2014~2.xls
   200     16896 wayback_financialreports/5 15 2014 Expenditures - David S Eves_05-08-2014~2.xls
   200     16896 wayback_financialreports/5 15 2014 Expenditures - Eileen McKell_05-14-2014.xls
   200     16896 wayback_financialreports/5 15 2014 Expenditures - Kelly Blake_05-08-2014~2.xls
   200     16896 wayback_financialreports/5 15 2014 Expenditures - Laura Hesson_05-09-2014~2.xls
   200     16896 wayback_financialreports/5 15 2014 Expenditures - Peato (Pat) L Ena_05-12-2014~2.xls
   200     18944 wayback_financialreports/5 15 2014 Expenditures-LaRene L_05-05-2014. Cox~2.pdf
   200     16896 wayback_financialreports/5 15 2014 Expenditures-Scott P Robison_05-06-2014~2.xls
   200     30720 wayback_financialreports/5 15 2014 Summary - Brent Holloway_05-05-2014.xls
   200     28672 wayback_financialreports/5 15 2014 Summary - David S Eves_05-06-2014~2.xls
   200     28672 wayback_financialreports/5 15 2014 Summary - David S Eves_05-08-2014~2.xls
   200     28672 wayback_financialreports/5 15 2014 Summary - Eileen McKell_05-14-2014~2.xls
   200     28672 wayback_financialreports/5 15 2014 Summary - Kelly Blake_05-08-2014~2.xls
   200     28672 wayback_financialreports/5 15 2014 Summary - Laura Hesson_05-09-2014~2.xls
   200     28672 wayback_financialreports/5 15 2014 Summary - Peato (Pat) L Ena_05-12-2014.xls
   200     30720 wayback_financialreports/5 15 2014 Summary-LaRene L_05-05-2014. Cox~2.pdf
   200     28672 wayback_financialreports/5 15 2014 Summary-Scott P Robison_05-06-2014~2.xls
   200     16384 wayback_financialreports/6 17 2014 Contributions - Mark Boyer_05-09-2014~2.xls
   200     16384 wayback_financialreports/6 17 2014 Contributions - Russell Shirts_06-11-2014~2.xls
   200     29696 wayback_financialreports/6 17 2014 Contributions - Brent Holloway_06-17-2014~2.xls
   200     25088 wayback_financialreports/6 17 2014 Contributions - Brock Belnap_06-17-2014.xls
   200     16384 wayback_financialreports/6 17 2014 Contributions - Chris White_06-17-2014~2.xls
   200     16896 wayback_financialreports/6 17 2014 Contributions - Cory C Pulsipher_06-17-2014~2.xls
   200     16384 wayback_financialreports/6 17 2014 Contributions - David A Whitehead_06-17-2014~2.xls
   200     16384 wayback_financialreports/6 17 2014 Contributions - David B Stirland_06-17-2014~2.xls
   200     18432 wayback_financialreports/6 17 2014 Contributions - David Miller_06-18-2014~2.xls
   200     16384 wayback_financialreports/6 17 2014 Contributions - David S Eves_06-11-2014.xls
   200     16384 wayback_financialreports/6 17 2014 Contributions - Eileen McKell_06-09-2014~2.xls
   200     16384 wayback_financialreports/6 17 2014 Contributions - Greg Aldred_05-09-2014~2.xls
   200     16384 wayback_financialreports/6 17 2014 Contributions - Kelly Blake_06-17-2014~2.xls
   200     16384 wayback_financialreports/6 17 2014 Contributions - Kim M Hafen_06-09-2014~2.xls
   200     16384 wayback_financialreports/6 17 2014 Contributions - Laura Hesson_06-13-2014~2.xls
   200     30720 wayback_financialreports/6 17 2014 Contributions - Nathan Gregg Caplin_06-17-2014.xls
   200     20992 wayback_financialreports/6 17 2014 Contributions - Paul Van Dam_06-11-2014~2.xls
   200     16384 wayback_financialreports/6 17 2014 Contributions - Peato (Pat) L Ena_06-13-2014~2.xls
   200     18432 wayback_financialreports/6 17 2014 Contributions - Tom Durrant_06-10-2014~2.xls
   200     16896 wayback_financialreports/6 17 2014 Contributions - Victor Iverson_06-17-2014~2.xls
   200     16896 wayback_financialreports/6 17 2014 Contributions - Zachary Renstrom_06-11-2014~2.xls
   200     16384 wayback_financialreports/6 17 2014 Contributions-LaRene L_06-10-2014. Cox.pdf
   200     29184 wayback_financialreports/6 17 2014 Contributions-Scott P Robison_06-11-2014~2.xls
   200     16896 wayback_financialreports/6 17 2014 Expenditures - Brent Holloway_06-17-2014~2.xls
   200     24064 wayback_financialreports/6 17 2014 Expenditures - Brock Belnap_06-17-2014~2.xls
   200     16896 wayback_financialreports/6 17 2014 Expenditures - Chris White_06-17-2014~2.xls
   200     17920 wayback_financialreports/6 17 2014 Expenditures - Cory C Pulsipher_06-17-2014~2.xls
   200     16896 wayback_financialreports/6 17 2014 Expenditures - David A Whitehead_06-17-2014~2.xls
   200     16896 wayback_financialreports/6 17 2014 Expenditures - David B Stirland_06-17-2014~2.xls
   200     17408 wayback_financialreports/6 17 2014 Expenditures - David Miller_06-18-2014~2.xls
   200     16896 wayback_financialreports/6 17 2014 Expenditures - David S Eves_06-11-2014~3.xls
   200     16896 wayback_financialreports/6 17 2014 Expenditures - Eileen McKell_06-09-2014~2.xls
   200     17920 wayback_financialreports/6 17 2014 Expenditures - Greg Aldred_05-09-2014~2.xls
   200     16896 wayback_financialreports/6 17 2014 Expenditures - Kelly Blake_06-17-2014~2.xls
   200     16896 wayback_financialreports/6 17 2014 Expenditures - Kim M Hafen_06-09-2014~2.xls
   200     16896 wayback_financialreports/6 17 2014 Expenditures - Laura Hesson_06-13-2014~2.xls
   200     17408 wayback_financialreports/6 17 2014 Expenditures - Mark Boyer_05-09-2014~3.xls
   200     31232 wayback_financialreports/6 17 2014 Expenditures - Nathan Gregg Caplin_06-17-2014~2.xls
   200     18432 wayback_financialreports/6 17 2014 Expenditures - Paul Van Dam_06-11-2014~2.xls
   200     16896 wayback_financialreports/6 17 2014 Expenditures - Peato (Pat) L Ena_06-13-2014~2.xls
   200     16896 wayback_financialreports/6 17 2014 Expenditures - Russell Shirts_06-11-2014~2.xls
   200     19968 wayback_financialreports/6 17 2014 Expenditures - Tom Durrant_06-10-2014~2.xls
   200     17920 wayback_financialreports/6 17 2014 Expenditures - Victor Iverson_06-17-2014~3.xls
   200     17920 wayback_financialreports/6 17 2014 Expenditures - Zachary Renstrom_06-11-2014~2.xls
   200     16896 wayback_financialreports/6 17 2014 Expenditures-LaRene L_06-10-2014. Cox~2.pdf
   200     16896 wayback_financialreports/6 17 2014 Expenditures-Scott P Robison_06-11-2014~2.xls
   200     28672 wayback_financialreports/6 17 2014 Summary - Brent Holloway_06-17-2014~2.xls
   200     28672 wayback_financialreports/6 17 2014 Summary - Brock Belnap_06-17-2014~2.xls
   200     28672 wayback_financialreports/6 17 2014 Summary - Chris White_06-17-2014~3.xls
   200     28672 wayback_financialreports/6 17 2014 Summary - Cory C Pulsipher_06-17-2014~2.xls
   200     22528 wayback_financialreports/6 17 2014 Summary - David A Whitehead_06-17-2014~2.xls
   200     28672 wayback_financialreports/6 17 2014 Summary - David B Stirland_06-17-2014~2.xls
   200     28672 wayback_financialreports/6 17 2014 Summary - David Miller_06-18-2014~2.xls
   200     28672 wayback_financialreports/6 17 2014 Summary - David S Eves_06-11-2014~2.xls
   200     28672 wayback_financialreports/6 17 2014 Summary - Eileen McKell_06-09-2014~3.xls
   200     28672 wayback_financialreports/6 17 2014 Summary - Greg Aldred_05-09-2014~2.xls
   200     28672 wayback_financialreports/6 17 2014 Summary - Kelly Blake_06-17-2014~2.xls
   200     22528 wayback_financialreports/6 17 2014 Summary - Kim M Hafen_06-09-2014~2.xls
   200     28672 wayback_financialreports/6 17 2014 Summary - Laura Hesson_06-13-2014~2.xls
   200     28672 wayback_financialreports/6 17 2014 Summary - Mark Boyer_05-09-2014~2.xls
   200     28672 wayback_financialreports/6 17 2014 Summary - Nathan Gregg Caplin_06-17-2014~3.xls
   200     28672 wayback_financialreports/6 17 2014 Summary - Paul Van Dam_06-11-2014~2.xls
   200     28672 wayback_financialreports/6 17 2014 Summary - Peato (Pat) L Ena_06-13-2014~2.xls
   200     22528 wayback_financialreports/6 17 2014 Summary - Russell Shirts_06-11-2014~2.xls
   200     28672 wayback_financialreports/6 17 2014 Summary - Tom Durrant_06-10-2014~2.xls
   200     28672 wayback_financialreports/6 17 2014 Summary - Victor Iverson_06-17-2014~2.xls
   200     28672 wayback_financialreports/6 17 2014 Summary - Zachary Renstrom_06-11-2014~3.xls
   200     28672 wayback_financialreports/6 17 2014 Summary-LaRene L_06-10-2014. Cox~2.pdf
   200     28672 wayback_financialreports/6 17 2014 Summary-Scott P Robison_06-11-2014~2.xls
   200     15301 wayback_financialreports/Cal Durfey Contributions_04-05-2011~2.pdf
   200     15232 wayback_financialreports/Cal Durfey Expenditures_04-05-2011~2.pdf
   200     10684 wayback_financialreports/Cal Durfey Local School Board Candidate Summary_04-05-2011~2.pdf
   200     16384 wayback_financialreports/Contributions - Aaron Randall_01-17-2013~3.xls
   200      8104 wayback_financialreports/Contributions - Aaron Randall_05-14-2012~2.pdf
   200     16384 wayback_financialreports/Contributions - Aaron Randall_06-21-2012~2.xls
   200     16384 wayback_financialreports/Contributions - Aaron Randall_08-30-2012~2.xls
   200     16384 wayback_financialreports/Contributions - Aaron Randall_10-30-2012~2.xls
   200     11529 wayback_financialreports/Contributions - Alan Gardner 6 19 2012_06-13-2012~2.pdf
   200      9659 wayback_financialreports/Contributions - Alan Gardner_03-30-2012~3.pdf
   200     32256 wayback_financialreports/Contributions - Alan Gardner_08-24-2012~2.xls
   200     32256 wayback_financialreports/Contributions - Alan Gardner_10-29-2012~2.xls
   200     32256 wayback_financialreports/Contributions - Alan Gardner_12-28-2012~2.xls
   200     12422 wayback_financialreports/Contributions - Arlin Hughes_03-08-2011~2.pdf
   200     16384 wayback_financialreports/Contributions - Barbara Beckstrom_01-17-2013~2.xls
   200      8067 wayback_financialreports/Contributions - Barbara Beckstrom_05-09-2012~3.pdf
   200     16384 wayback_financialreports/Contributions - Barbara Beckstrom_06-15-2012~2.xls
   200     16384 wayback_financialreports/Contributions - Barbara Beckstrom_08-24-2012~2.xls
   200     16384 wayback_financialreports/Contributions - Barbara Beckstrom_10-31-2012~2.xls
   200     13606 wayback_financialreports/Contributions - Brock Belnap_04-05-2011~2.pdf
   200     32768 wayback_financialreports/Contributions - Chris White_01-17-2013~2.xls
   200      8553 wayback_financialreports/Contributions - Chris White_03-21-2012~3.pdf
   200     30208 wayback_financialreports/Contributions - Chris White_06-21-2012~2.xls
   200     30720 wayback_financialreports/Contributions - Chris White_08-31-2012~2.xls
   200     32768 wayback_financialreports/Contributions - Chris White_10-29-2012~2.xls
   200     29290 wayback_financialreports/Contributions - Cory Pulsipher_04-05-2011~2.pdf
   200      8076 wayback_financialreports/Contributions - Craig Seegmiller_05-07-2012~2.pdf
   200     16384 wayback_financialreports/Contributions - Craig Seegmiller_06-13-2012~3.xls
   200     16384 wayback_financialreports/Contributions - Craig Seegmiller_08-24-2012~2.xls
   200     16384 wayback_financialreports/Contributions - Craig Seegmiller_10-29-2012~2.xls
   200     16384 wayback_financialreports/Contributions - Craig Seegmiller_12-28-2012~2.xls
   200     12452 wayback_financialreports/Contributions - David Whitehead_04-05-2011~2.pdf
   200      8050 wayback_financialreports/Contributions - Debbra Zockoll_05-07-2012~2.pdf
   200     16384 wayback_financialreports/Contributions - Debbra Zockoll_06-14-2012~3.xls
   200     16384 wayback_financialreports/Contributions - Debbra Zockoll_08-27-2012~2.xls
   200     16384 wayback_financialreports/Contributions - Debbra Zockoll_10-29-2012~2.xls
   200     16384 wayback_financialreports/Contributions - Debbra Zockoll_12-28-2012~2.xls
   200      9183 wayback_financialreports/Contributions - Greg Aldred_03-08-2011~2.pdf
   200     14425 wayback_financialreports/Contributions - Greg Aldred_03-30-2012~2.pdf
   200     33792 wayback_financialreports/Contributions - Greg Aldred_05-01-2012~3.xls
   200     15209 wayback_financialreports/Contributions - James Eardley_03-08-2011~2.pdf
   200     16896 wayback_financialreports/Contributions - Jerry Olson_01-17-2013~2.xls
   200      8039 wayback_financialreports/Contributions - Jerry Olson_05-15-2012~2.pdf
   200     16384 wayback_financialreports/Contributions - Jerry Olson_06-15-2012~2.xls
   200     16384 wayback_financialreports/Contributions - Jerry Olson_08-31-2012~2.xls
   200     17920 wayback_financialreports/Contributions - Jill Hunt_01-17-2013~3.xls
   200      8805 wayback_financialreports/Contributions - Jill Hunt_05-15-2012~2.pdf
   200     17408 wayback_financialreports/Contributions - Jill Hunt_06-21-2012~2.xls
   200     17408 wayback_financialreports/Contributions - Jill Hunt_08-31-2012~2.xls
   200     17920 wayback_financialreports/Contributions - Jill Hunt_10-31-2012~2.xls
   200     15899 wayback_financialreports/Contributions - Kevin Brooks_04-05-2011~2.pdf
   200     12418 wayback_financialreports/Contributions - Kim Hafen_04-05-2011~3.pdf
   200     53691 wayback_financialreports/Contributions - Rob Tersigni_04-05-2011~2.pdf
   200     12414 wayback_financialreports/Contributions - Russell Shirts_04-05-2011~2.pdf
   200     12853 wayback_financialreports/Contributions - Slade Hughes_03-08-2011~2.pdf
   200      8209 wayback_financialreports/Contributions - Slade Hughes_03-30-2012~2.pdf
   200     14621 wayback_financialreports/Contributions - Steven Despain_04-05-2011~2.pdf
   200     12413 wayback_financialreports/Contributions- Art Partridge_04-05-2011~3.pdf
   200     14851 wayback_financialreports/Contributions- Denny Drake_03-08-2011~2.pdf
   200      4094 wayback_financialreports/County Candidate Summary - Aaron Randall_05-14-2012~2.pdf
   200     28672 wayback_financialreports/County Candidate Summary - Aaron Randall_06-21-2012~2.xls
   200      4263 wayback_financialreports/County Candidate Summary - Alan Gardner 6 19 2012_06-13-2012~2.pdf
   200      4132 wayback_financialreports/County Candidate Summary - Alan Gardner_03-30-2012~2.pdf
   200     15872 wayback_financialreports/County Candidate Summary - Alan Gardner_08-24-2012~3.xls
   200     15872 wayback_financialreports/County Candidate Summary - Alan Gardner_10-29-2012~2.xls
   200     15872 wayback_financialreports/County Candidate Summary - Alan Gardner_12-28-2012~2.xls
   200      9090 wayback_financialreports/County Candidate Summary - Arlin Hughes_03-08-2011~2.pdf
   200      4133 wayback_financialreports/County Candidate Summary - Barbara Beckstrom_05-09-2012~2.pdf
   200     22528 wayback_financialreports/County Candidate Summary - Barbara Beckstrom_06-15-2012~2.xls
   200      9274 wayback_financialreports/County Candidate Summary - Brock Belnap_04-05-2011~3.pdf
