scanned         1805  wayback_forms2016/Becky Dunn 10_31_2016 FCR_11-01-2016.pdf
scanned         1859  wayback_forms2016/Becky Dunn_Local School 1_Financial Campaign Report_6_17_2016_06-24-2016.pdf
scanned         1115  wayback_forms2016/Craig D Seegmiller 10_26_2016 FCR_10-27-2016.pdf
scanned         2044  wayback_forms2016/Dean Cox 10_26_2016 FCR_10-27-2016.pdf
text            3729  wayback_forms2016/Dean Cox_Commission Seat C_Financial Campaign Report 6_14_2016_06-15-2016.pdf
scanned         1256  wayback_forms2016/Debbra Zockoll 10_26_2016 FCR_10-27-2016.pdf
scanned         1306  wayback_forms2016/Debbra Zockoll_Local School 3 _Financial Campaign Report 6_14_2016_06-15-2016.pdf
text            1175  wayback_forms2016/Evan_Johnson_Local School 1_Campaign_Financial_Report_6_13_2016_06-13-2016.pdf
scanned         4516  wayback_forms2016/Gil Almquist_Commission C_Financial Campaign Report_6_17_2016_06-24-2016.pdf
text            5617  wayback_forms2016/Gil Almquist_County Commission Seat C_Final FCR_8_4_2016_08-05-2016.pdf
scanned         1647  wayback_forms2016/Greg Aldred 10_26_2016 FCR_11-05-2016.pdf
scanned         6299  wayback_forms2016/Josh Warburton 11_1_2016 FCR_11-05-2016.pdf
text            1956  wayback_forms2016/Kyle Wilson_Local School 1_Financial Campaign Report_6_17_2016_06-24-2016.pdf
scanned         1452  wayback_forms2016/Richelle H_10-27-2016. Nelson 10_26_2016 FCR.pdf
scanned         1250  wayback_forms2016/Richelle Nelson_Local School 1_Financial Campaign Report 6_15_2016_06-15-2016.pdf
scanned         1301  wayback_forms2016/Rick Nelson 11_1_2016 FCR_11-02-2016.pdf
scanned         1354  wayback_forms2016/Susi Lafaele_Local School 3_Financial Campaign Report 6_15_2016_07-28-2016.pdf
scanned         1282  wayback_forms2016/Susi Lafaele_Local School Board 3_Financial Campaign Report_7_28_2016_FINAL_07-28-2016.pdf
scanned         1312  wayback_forms2016/Terry Hutchinson 11_1_2016 FCR_11-02-2016.pdf
scanned         1275  wayback_forms2016/Terry L_06-20-2016. Hutchison_Local School Board 3_Financial Campaign Report 6_20_2016.pdf
scanned         1112  wayback_forms2016/William Evan Johnson _Local School Board 1_Campaign Expense Report_8_30_2016_08-31-2016.pdf
scanned         1420  wayback_forms2018/Dec 10_Robert E Ford_FCR_12-14-2018.pdf
scanned         1202  wayback_forms2018/Jan 3 2019_LaRene Cox_Final FCR_01-07-2019.pdf
scanned         1203  wayback_forms2018/Jan 3 2019_Laura J Hesson_Final FCR_01-07-2019.pdf
scanned         1336  wayback_forms2018/Jan 4 2019_Cory C Pulsipher_Final FCR_01-07-2019.pdf
scanned         1228  wayback_forms2018/Jan 5 2019_Kim M Hafen_Final FCR_01-07-2019.pdf
scanned         1098  wayback_forms2018/Jan 7 2019_Allen J Davis_Final FCR_01-09-2019.pdf
scanned         1246  wayback_forms2018/Jan 7 2019_Brock R Belnap_Final FCR_01-09-2019.pdf
scanned         1401  wayback_forms2018/Jan 7 2019_David Stirland_Final FCR_01-09-2019.pdf
scanned         1335  wayback_forms2018/Jan 7 2019_Gil Almquist_Final FCR_01-07-2019.pdf
scanned         1361  wayback_forms2018/Jan 7 2019_Kelly Wade Blake_Final FCR_01-09-2019.pdf
scanned         1419  wayback_forms2018/June 12_Kim M Hafen_FCR_06-13-2018.pdf
scanned         1353  wayback_forms2018/June 13_Brock R Belnap_FCR_06-14-2018.pdf
scanned         1205  wayback_forms2018/June 15_Laura J Hesson_FCR_06-15-2018.pdf
scanned         1218  wayback_forms2018/June 18_Gregory Brooks_FCR_06-18-2018.pdf
scanned         1830  wayback_forms2018/June 19_Allen J Davis_FCR_06-19-2018.pdf
scanned         1230  wayback_forms2018/June 19_David Stirling_FCR_06-20-2018.pdf
scanned         3348  wayback_forms2018/June 19_Gil Almquist_FCR_06-19-2018.pdf
scanned         1221  wayback_forms2018/June 19_LaRene Cox_FCR_06-19-2018.pdf
scanned         1500  wayback_forms2018/June 19_Victor Iverson_FCR_06-19-2018.pdf
scanned         1709  wayback_forms2018/June 26_Cory Pulsipher_FCR_06-13-2018.pdf
scanned         1367  wayback_forms2020/Assessor_Tom Durrant_December 17 2020_12-17-2020.pdf
scanned         1425  wayback_forms2020/Assessor_Tom Durrant_June 23 2020 FCR_06-15-2020.pdf
scanned         1329  wayback_forms2020/Assessor_Tom Durrant_October 22 2020_10-23-2020.pdf
scanned         1383  wayback_forms2020/Commission C_Douglas Wulfefnstein_June 23 2020_FCR_05-06-2020.pdf
scanned         1113  wayback_forms2020/Commission C_Slade Hughes_June 23 2020_04-20-2020.pdf
scanned         1484  wayback_forms2020/Commission Seat C_Dean J_06-15-2020. Cox_June 23 2020 FCR.pdf
scanned         1558  wayback_forms2020/Commission Seat C_Dean J_10-21-2020. Cox_October 20 2020.pdf
scanned         1487  wayback_forms2020/Commission Seat C_Dean J_12-17-2020. Cox_December 17 2020.pdf
scanned         1419  wayback_forms2020/Local School Board 1_Becky Dunn_June 23 2020 FCR_06-16-2020.pdf
scanned         1297  wayback_forms2020/Local School Board 1_Becky Dunn_Year End 2020_11-07-2020.pdf
scanned         1514  wayback_forms2020/Local School Board 1_Sadie Lee Pulsipher_WRITE In_October 29 2020_11-07-2020.pdf
scanned         1561  wayback_forms2020/Local School Board 2_Craig Seegmiller_December 15 2020_12-15-2020.pdf
scanned         1509  wayback_forms2020/Local School Board 2_Craig Seegmiller_June 23 2020 FCR_06-16-2020.pdf
scanned         1460  wayback_forms2020/Local School Board 2_Craig Seegmiller_October 20 2020_10-21-2020.pdf
scanned         2122  wayback_forms2020/Local School Board 2_Larry Meyers_Write In_October 26 2020_10-27-2020.pdf

56 sidecars (partial run, manifest NOT rewritten)
