text             279  wayback_2010elections/6-15-2010 Cal Durfey Contributions.pdf
text             209  wayback_2010elections/6-15-2010 Cal Durfey Expenditures.pdf
text             236  wayback_2010elections/6-15-2010 Cal Durfey Local School Board Candidate Summary.pdf
text             110  wayback_2010elections/6-15-2010 Contributions - Brock Belnap.pdf
text            1891  wayback_2010elections/6-15-2010 Contributions - Cory Pulsipher.pdf
text              83  wayback_2010elections/6-15-2010 Contributions - David Whitehead.pdf
text             245  wayback_2010elections/6-15-2010 Contributions - Greg Aldred.pdf
text             196  wayback_2010elections/6-15-2010 Contributions - James Eardley.pdf
text              81  wayback_2010elections/6-15-2010 Contributions - Kim Hafen.pdf
text            5434  wayback_2010elections/6-15-2010 Contributions - Rob Tersigni.pdf
text              81  wayback_2010elections/6-15-2010 Contributions - Russell Shirts.pdf
text              79  wayback_2010elections/6-15-2010 Contributions- Denny Drake.pdf
text             197  wayback_2010elections/6-15-2010 County Candidate Summary - Brock Belnap.pdf
text             260  wayback_2010elections/6-15-2010 County Candidate Summary - Cory Pulsipher.pdf
text             239  wayback_2010elections/6-15-2010 County Candidate Summary - David Whitehead.pdf
text             245  wayback_2010elections/6-15-2010 County Candidate Summary - Greg Aldred.pdf
text             245  wayback_2010elections/6-15-2010 County Candidate Summary - James Eardley.pdf
text             232  wayback_2010elections/6-15-2010 County Candidate Summary - Kevin Brooks.pdf
text             237  wayback_2010elections/6-15-2010 County Candidate Summary - Kim Hafen.pdf
text             247  wayback_2010elections/6-15-2010 County Candidate Summary - Rob Tersigni.pdf
text             243  wayback_2010elections/6-15-2010 County Candidate Summary - Russell Shirts.pdf
text             245  wayback_2010elections/6-15-2010 County Candidate Summary- Art Partridge.pdf
text             206  wayback_2010elections/6-15-2010 County Candidate Summary- Denny Drake.pdf
text              97  wayback_2010elections/6-15-2010 Dale Ure Contributions.pdf
text              89  wayback_2010elections/6-15-2010 Dale Ure Expenditures.pdf
text             221  wayback_2010elections/6-15-2010 Dale Ure Local School Board Candidate Summary.pdf
text             126  wayback_2010elections/6-15-2010 Expenditures - Brock Belnap.pdf
text            1631  wayback_2010elections/6-15-2010 Expenditures - Cory Pulsipher.pdf
text             195  wayback_2010elections/6-15-2010 Expenditures - David Whitehead.pdf
text             139  wayback_2010elections/6-15-2010 Expenditures - Denny Drake.pdf
text             763  wayback_2010elections/6-15-2010 Expenditures - Greg Aldred.pdf
text             224  wayback_2010elections/6-15-2010 Expenditures - James Eardley.pdf
text             251  wayback_2010elections/6-15-2010 Expenditures - Kevin Brooks.pdf
text             280  wayback_2010elections/6-15-2010 Expenditures - Kim Hafen.pdf
text            2192  wayback_2010elections/6-15-2010 Expenditures - Rob Tersigni.pdf
text             135  wayback_2010elections/6-15-2010 Expenditures - Russell Shirts.pdf
text             128  wayback_2010elections/6-15-2010 Expenditures- Art Partridge.pdf
text              81  wayback_2010elections/6-15-2010 Frank Lojko Contributions.pdf
text              85  wayback_2010elections/6-15-2010 Frank Lojko Expenditures.pdf
text             221  wayback_2010elections/6-15-2010 Frank Lojko Local School Board Candidate Summary.pdf
text              81  wayback_2010elections/6-15-2010 Kelly Blake Contributions.pdf
text             125  wayback_2010elections/6-15-2010 Kelly Blake Expenditures.pdf
text             239  wayback_2010elections/6-15-2010 Kelly Blake Local School Board Candidate Summary.pdf
text             333  wayback_2010elections/6-15-2010 Kevin Brooks.pdf
text             130  wayback_2010elections/6-15-2010 Kyle Wells Contributions.pdf
text             172  wayback_2010elections/6-15-2010 Kyle Wells Expenditures.pdf
text             244  wayback_2010elections/6-15-2010 Kyle Wells Local School Board Candidate Summary.pdf
text              88  wayback_2010elections/6-15-2010 Larry LeBaron Expenditures.pdf
text             224  wayback_2010elections/6-15-2010 Larry LeBaron Local School Board Candidate Summary.pdf
text              82  wayback_2010elections/6-15-2010 Laura Hesson Contributions.pdf
text             128  wayback_2010elections/6-15-2010 Laura Hesson Expenditures.pdf
text             239  wayback_2010elections/6-15-2010 Laura Hesson Local School Board Candidate Summary.pdf
text              83  wayback_2010elections/6-15-2010 Robert E Allen Contributions.pdf
text             129  wayback_2010elections/6-15-2010 Robert E Allen Expenditures.pdf
text             226  wayback_2010elections/6-15-2010 Robert E Allen Local School Board Candidate Summary.pdf
text             158  wayback_2010elections/6-15-2010 Travis Christiansen Contributions.pdf
text              93  wayback_2010elections/6-15-2010 Travis Christiansen Expenditures.pdf
text             242  wayback_2010elections/6-15-2010 Travis Christiansen Local School Board Candidate Summary.pdf
text              80  wayback_2010elections/6-15-2010 Wes Swaney Contributions.pdf
text             220  wayback_2010elections/6-15-2010 Wes Swaney Local School Board Candidate Summary.pdf
text              89  wayback_2010elections/6-15-2010 Wesley Christiansen Contributions.pdf
text              93  wayback_2010elections/6-15-2010 Wesley Christiansen Expenditures.pdf
text             229  wayback_2010elections/6-15-2010 Wesley Christiansen Local School Board Candidate Summary.pdf
text             236  wayback_2010elections/Cal Durfey Candidate Summary.pdf
text             279  wayback_2010elections/Cal Durfey Contributions.pdf
text             209  wayback_2010elections/Cal Durfey Expenditures.pdf
text             273  wayback_2010elections/Cal Durfey Local School Board Candidate Summary.pdf
text              80  wayback_2010elections/Contributions - Arlin Hughes.pdf
text             110  wayback_2010elections/Contributions - Brock Belnap.pdf
text             264  wayback_2010elections/Contributions - Cory Pulsipher.pdf
text              83  wayback_2010elections/Contributions - David Whitehead.pdf
text             243  wayback_2010elections/Contributions - Greg Aldred.pdf
text             196  wayback_2010elections/Contributions - James Eardley.pdf
text             226  wayback_2010elections/Contributions - Kevin Brooks.pdf
text              81  wayback_2010elections/Contributions - Kim Hafen.pdf
text            1493  wayback_2010elections/Contributions - Rob Tersigni.pdf
text              81  wayback_2010elections/Contributions - Russell Shirts.pdf
text              90  wayback_2010elections/Contributions - Slade Hughes.pdf
text             171  wayback_2010elections/Contributions - Steven Despain.pdf
text              83  wayback_2010elections/Contributions- Art Partridge.pdf
text              79  wayback_2010elections/Contributions- Denny Drake.pdf
text             215  wayback_2010elections/County Candidate Summary - Arlin Hughes.pdf
text             179  wayback_2010elections/County Candidate Summary - Brock Belnap.pdf
text             222  wayback_2010elections/County Candidate Summary - Cory Pulsipher.pdf
text             212  wayback_2010elections/County Candidate Summary - David Whitehead.pdf
text             216  wayback_2010elections/County Candidate Summary - Greg Aldred.pdf
text             218  wayback_2010elections/County Candidate Summary - James Eardley.pdf
text             207  wayback_2010elections/County Candidate Summary - Kevin Brooks.pdf
text             210  wayback_2010elections/County Candidate Summary - Kim Hafen.pdf
text             211  wayback_2010elections/County Candidate Summary - Rob Tersigni.pdf
text             216  wayback_2010elections/County Candidate Summary - Russell Shirts.pdf
text             219  wayback_2010elections/County Candidate Summary - Slade Hughes.pdf
text             209  wayback_2010elections/County Candidate Summary - Steven Despain.pdf
text             218  wayback_2010elections/County Candidate Summary- Art Partridge.pdf
text             206  wayback_2010elections/County Candidate Summary- Denny Drake.pdf
text             221  wayback_2010elections/Dale Ure Candidate Summary.pdf
text              97  wayback_2010elections/Dale Ure Contributions.pdf
text              89  wayback_2010elections/Dale Ure Expenditures.pdf
text             256  wayback_2010elections/Dale Ure Local School Board Candidate Summary.pdf
text             127  wayback_2010elections/Expenditures - Arlin Hughes.pdf
text             126  wayback_2010elections/Expenditures - Brock Belnap.pdf
text             711  wayback_2010elections/Expenditures - Cory Pulsipher.pdf
text             195  wayback_2010elections/Expenditures - David Whitehead.pdf
text             139  wayback_2010elections/Expenditures - Denny Drake.pdf
text             692  wayback_2010elections/Expenditures - Greg Aldred.pdf
text             224  wayback_2010elections/Expenditures - James Eardley.pdf
text             179  wayback_2010elections/Expenditures - Kevin Brooks.pdf
text             280  wayback_2010elections/Expenditures - Kim Hafen.pdf
text             914  wayback_2010elections/Expenditures - Rob Tersigni.pdf
text             135  wayback_2010elections/Expenditures - Russell Shirts.pdf
text             134  wayback_2010elections/Expenditures - Slade Hughes.pdf
text             146  wayback_2010elections/Expenditures - Steven Despain.pdf
text             128  wayback_2010elections/Expenditures- Art Partridge.pdf
text             221  wayback_2010elections/Frank Lojko Candidate Summary.pdf
text              81  wayback_2010elections/Frank Lojko Contributions.pdf
text              85  wayback_2010elections/Frank Lojko Expenditures.pdf
text             259  wayback_2010elections/Frank Lojko Local School Board Candidate Summary.pdf
text             222  wayback_2010elections/Kelly Blake Candidate Summary.pdf
text              81  wayback_2010elections/Kelly Blake Contributions.pdf
text              85  wayback_2010elections/Kelly Blake Expenditures.pdf
text             275  wayback_2010elections/Kelly Blake Local School Board Candidate Summary.pdf
text             223  wayback_2010elections/Kyle Wells Candidate Summary.pdf
text              81  wayback_2010elections/Kyle Wells Contributions.pdf
text             137  wayback_2010elections/Kyle Wells Expenditures.pdf
text             224  wayback_2010elections/Larry LeBaron Candidate Summary.pdf
text              84  wayback_2010elections/Larry LeBaron Contributions.pdf
text              88  wayback_2010elections/Larry LeBaron Expenditures.pdf
text              82  wayback_2010elections/Laura Hesson Contributions.pdf
text             128  wayback_2010elections/Laura Hesson Expenditures.pdf
text             272  wayback_2010elections/Laura Hesson Local School Board Candidate Summary.pdf
text             299  wayback_2010elections/Local School Board Candidate Summary Travis Christiansen.pdf
text             226  wayback_2010elections/Robert E Allen Candidate Summary.pdf
text              83  wayback_2010elections/Robert E Allen Contributions.pdf
text             129  wayback_2010elections/Robert E Allen Expenditures.pdf
text             261  wayback_2010elections/Robert E Allen Local School Board Candidate Summary.pdf
text             158  wayback_2010elections/Travis Christiansen Contributions.pdf
text             126  wayback_2010elections/Travis Christiansen Expenditures.pdf
text             220  wayback_2010elections/Wes Swaney Candidate Summary.pdf
text              80  wayback_2010elections/Wes Swaney Contributions.pdf
text              84  wayback_2010elections/Wes Swaney Expenditures.pdf
text             229  wayback_2010elections/Wesley Christiansen Candidate Summary.pdf
text              89  wayback_2010elections/Wesley Christiansen Contributions.pdf
text              93  wayback_2010elections/Wesley Christiansen Expenditures.pdf
text             262  wayback_2010elections/Wesley Christiansen Local School Board Candidate Summary.pdf
text            2039  wayback_clerkpdf2008/Alan Dean Gardner Contributions October 28 2008.pdf
text            2531  wayback_clerkpdf2008/Alan Dean Gardner Expenditures October 28 2008.pdf
text              97  wayback_clerkpdf2008/Carole Morris Contributions.pdf
text             121  wayback_clerkpdf2008/Carole Morris Expenditure.pdf
text             100  wayback_clerkpdf2008/Craig Seegmiller Contributions.pdf
text             124  wayback_clerkpdf2008/Craig Seegmiller Expenditures.pdf

150 sidecars (partial run, manifest NOT rewritten)
