spreadsheet     1130  wayback_financialreports/1 12 2015 Contributions - Brent Holloway_12-15-2014.xls
spreadsheet      175  wayback_financialreports/1 12 2015 Contributions - Eileen McKell_12-15-2014.xls
spreadsheet      170  wayback_financialreports/1 12 2015 Contributions - Russell Shirts_12-15-2014.xls
spreadsheet      950  wayback_financialreports/1 12 2015 Contributions - Zachary Renstrom_12-15-2014.xls
spreadsheet      841  wayback_financialreports/1 12 2015 Expenditures - Brent Holloway_12-15-2014.xls
spreadsheet      414  wayback_financialreports/1 12 2015 Expenditures - Eileen McKell_12-15-2014.xls
spreadsheet      217  wayback_financialreports/1 12 2015 Expenditures - Russell Shirts_12-15-2014.xls
spreadsheet     1171  wayback_financialreports/1 12 2015 Expenditures - Zachary Renstrom_12-15-2014.xls
spreadsheet      304  wayback_financialreports/1 12 2015 Summary - Brent Holloway_12-15-2014.xls
spreadsheet      308  wayback_financialreports/1 12 2015 Summary - Eileen McKell_12-15-2014.xls
spreadsheet      286  wayback_financialreports/1 12 2015 Summary - Russell Shirts_12-15-2014.xls
spreadsheet      336  wayback_financialreports/1 12 2015 Summary - Zachary Renstrom_12-15-2014.xls
spreadsheet     3578  wayback_financialreports/1 5 2015 Contributions - Brock Belnap_01-13-2015.xls
spreadsheet      359  wayback_financialreports/1 5 2015 Contributions - Chris White_01-08-2015.xls
spreadsheet      452  wayback_financialreports/1 5 2015 Contributions - Cory C Pulsipher_01-07-2015.xls
spreadsheet      173  wayback_financialreports/1 5 2015 Contributions - David A Whitehead_01-07-2015.xls
spreadsheet      228  wayback_financialreports/1 5 2015 Contributions - David B Stirland_01-07-2015.xls
spreadsheet      173  wayback_financialreports/1 5 2015 Contributions - Kelly Blake_01-07-2015.xls
spreadsheet      181  wayback_financialreports/1 5 2015 Contributions - Kim M Hafen_01-07-2015.xls
spreadsheet      174  wayback_financialreports/1 5 2015 Contributions - Laura Hesson_01-07-2015.xls
spreadsheet     5835  wayback_financialreports/1 5 2015 Contributions - Nathan Gregg Caplin_01-13-2015.xls
spreadsheet    10679  wayback_financialreports/1 5 2015 Contributions - Paul Van Dam_01-08-2015.xls
spreadsheet     1189  wayback_financialreports/1 5 2015 Contributions - Tom Durrant_01-07-2015.xls
spreadsheet      176  wayback_financialreports/1 5 2015 Contributions-Scott P Robison_01-07-2015.xls
spreadsheet      594  wayback_financialreports/1 5 2015 Contrubutions_ LaRene Cox_01-07-2015.xls
spreadsheet      430  wayback_financialreports/1 5 2015 Expeditures_LaRene Cox_01-07-2015.xls
spreadsheet     2669  wayback_financialreports/1 5 2015 Expenditures - Brock Belnap_01-13-2015.xls
spreadsheet      391  wayback_financialreports/1 5 2015 Expenditures - Chris White_01-08-2015.xls
spreadsheet     1140  wayback_financialreports/1 5 2015 Expenditures - Cory C Pulsipher_01-07-2015.xls
spreadsheet      220  wayback_financialreports/1 5 2015 Expenditures - David A Whitehead_01-07-2015.xls
spreadsheet      239  wayback_financialreports/1 5 2015 Expenditures - David B Stirland_01-07-2015.xls
spreadsheet      209  wayback_financialreports/1 5 2015 Expenditures - Kelly Blake_01-07-2015.xls
spreadsheet      209  wayback_financialreports/1 5 2015 Expenditures - Kelly Blake_01-07-2015~2.xls
spreadsheet      213  wayback_financialreports/1 5 2015 Expenditures - Kim M Hafen_01-07-2015.xls
spreadsheet      213  wayback_financialreports/1 5 2015 Expenditures - Kim M Hafen_01-07-2015~2.xls
spreadsheet      237  wayback_financialreports/1 5 2015 Expenditures - Laura Hesson_01-07-2015.xls
spreadsheet     3367  wayback_financialreports/1 5 2015 Expenditures - Nathan Gregg Caplin_01-13-2015.xls
spreadsheet     3367  wayback_financialreports/1 5 2015 Expenditures - Nathan Gregg Caplin_01-13-2015~2.xls
spreadsheet     7146  wayback_financialreports/1 5 2015 Expenditures - Paul Van Dam_01-08-2015.xls
spreadsheet     7146  wayback_financialreports/1 5 2015 Expenditures - Paul Van Dam_01-08-2015~2.xls
spreadsheet     1221  wayback_financialreports/1 5 2015 Expenditures - Tom Durrant_01-07-2015.xls
spreadsheet      242  wayback_financialreports/1 5 2015 Expenditures-Scott P Robison_01-07-2015.xls
spreadsheet      242  wayback_financialreports/1 5 2015 Expenditures-Scott P Robison_01-07-2015~2.xls
spreadsheet      337  wayback_financialreports/1 5 2015 Summary - Brock Belnap_01-13-2015.xls
spreadsheet      337  wayback_financialreports/1 5 2015 Summary - Brock Belnap_01-13-2015~2.xls
spreadsheet      317  wayback_financialreports/1 5 2015 Summary - Chris White_01-08-2015.xls
spreadsheet      325  wayback_financialreports/1 5 2015 Summary - Cory C Pulsipher_01-07-2015.xls
spreadsheet      325  wayback_financialreports/1 5 2015 Summary - Cory C Pulsipher_01-07-2015~2.xls
spreadsheet      289  wayback_financialreports/1 5 2015 Summary - David A Whitehead_01-07-2015.xls
spreadsheet      289  wayback_financialreports/1 5 2015 Summary - David A Whitehead_01-07-2015~2.xls
spreadsheet      298  wayback_financialreports/1 5 2015 Summary - David B Stirland_01-07-2015.xls
spreadsheet      284  wayback_financialreports/1 5 2015 Summary - Kelly Blake_01-07-2015.xls
spreadsheet      284  wayback_financialreports/1 5 2015 Summary - Kelly Blake_01-07-2015~2.xls
spreadsheet      287  wayback_financialreports/1 5 2015 Summary - Kim M Hafen_01-07-2015.xls
spreadsheet      287  wayback_financialreports/1 5 2015 Summary - Kim M Hafen_01-07-2015~2.xls
spreadsheet      292  wayback_financialreports/1 5 2015 Summary - Laura Hesson_01-07-2015.xls
spreadsheet      335  wayback_financialreports/1 5 2015 Summary - Nathan Gregg Caplin_01-13-2015.xls
spreadsheet      335  wayback_financialreports/1 5 2015 Summary - Nathan Gregg Caplin_01-13-2015~2.xls
spreadsheet      347  wayback_financialreports/1 5 2015 Summary - Paul Van Dam_01-08-2015.xls
spreadsheet      347  wayback_financialreports/1 5 2015 Summary - Paul Van Dam_01-08-2015~2.xls
spreadsheet      330  wayback_financialreports/1 5 2015 Summary - Tom Durrant_01-07-2015.xls
spreadsheet      288  wayback_financialreports/1 5 2015 Summary-Scott P Robison_01-07-2015.xls
spreadsheet      288  wayback_financialreports/1 5 2015 Summary-Scott P Robison_01-07-2015~2.xls
spreadsheet      307  wayback_financialreports/1 5 2015 Summary_LaRene Cox_01-07-2015.xls
spreadsheet      307  wayback_financialreports/1 5 2015 Summary_LaRene Cox_01-07-2015~2.xls
spreadsheet      801  wayback_financialreports/10 28 2014 Contributions - Brent Holloway_10-27-2014.xls
spreadsheet      801  wayback_financialreports/10 28 2014 Contributions - Brent Holloway_10-27-2014~2.xls
spreadsheet     3578  wayback_financialreports/10 28 2014 Contributions - Brock Belnap_10-29-2014.xls
spreadsheet     3578  wayback_financialreports/10 28 2014 Contributions - Brock Belnap_10-29-2014~2.xls
spreadsheet      359  wayback_financialreports/10 28 2014 Contributions - Chris White_10-28-2014.xls
spreadsheet      452  wayback_financialreports/10 28 2014 Contributions - Cory C Pulsipher_10-21-2014.xls
spreadsheet      452  wayback_financialreports/10 28 2014 Contributions - Cory C Pulsipher_10-21-2014~2.xls
spreadsheet      173  wayback_financialreports/10 28 2014 Contributions - David A Whitehead_10-22-2014.xls
spreadsheet      173  wayback_financialreports/10 28 2014 Contributions - David A Whitehead_10-22-2014~2.xls
spreadsheet      228  wayback_financialreports/10 28 2014 Contributions - David B Stirland_10-22-2014.xls
spreadsheet     1078  wayback_financialreports/10 28 2014 Contributions - David Miller_10-17-2014.xls
spreadsheet     1078  wayback_financialreports/10 28 2014 Contributions - David Miller_10-17-2014~2.xls
spreadsheet      175  wayback_financialreports/10 28 2014 Contributions - Eileen McKell_10-23-2014.xls
spreadsheet      175  wayback_financialreports/10 28 2014 Contributions - Eileen McKell_10-23-2014~2.xls
spreadsheet      173  wayback_financialreports/10 28 2014 Contributions - Kelly Blake_10-24-2014.xls
spreadsheet      181  wayback_financialreports/10 28 2014 Contributions - Kim M Hafen_10-17-2014.xls
spreadsheet      181  wayback_financialreports/10 28 2014 Contributions - Kim M Hafen_10-17-2014~2.xls
spreadsheet      174  wayback_financialreports/10 28 2014 Contributions - Laura Hesson_10-27-2014.xls
spreadsheet      174  wayback_financialreports/10 28 2014 Contributions - Laura Hesson_10-27-2014~2.xls
spreadsheet     5835  wayback_financialreports/10 28 2014 Contributions - Nathan Gregg Caplin_10-29-2014.xls
spreadsheet    10090  wayback_financialreports/10 28 2014 Contributions - Paul Van Dam_10-28-2014.xls
spreadsheet    10090  wayback_financialreports/10 28 2014 Contributions - Paul Van Dam_10-28-2014~2.xls
spreadsheet      177  wayback_financialreports/10 28 2014 Contributions - Peato (Pat) L Ena_10-22-2014.xls
spreadsheet      177  wayback_financialreports/10 28 2014 Contributions - Peato (Pat) L Ena_10-22-2014~2.xls
spreadsheet      170  wayback_financialreports/10 28 2014 Contributions - Russell Shirts_10-23-2014.xls
spreadsheet     1189  wayback_financialreports/10 28 2014 Contributions - Tom Durrant_10-17-2014.xls
spreadsheet      670  wayback_financialreports/10 28 2014 Contributions - Victor Iverson_10-28-2014.xls
spreadsheet      800  wayback_financialreports/10 28 2014 Contributions - Zachary Renstrom_10-23-2014.xls
spreadsheet      800  wayback_financialreports/10 28 2014 Contributions - Zachary Renstrom_10-23-2014~2.xls
spreadsheet      176  wayback_financialreports/10 28 2014 Contributions-Scott P Robison_10-22-2014.xls
spreadsheet      507  wayback_financialreports/10 28 2014 Contrubutions_ LaRene Cox_10-22-2014.xls
spreadsheet      507  wayback_financialreports/10 28 2014 Contrubutions_ LaRene Cox_10-22-2014~2.xls
spreadsheet      357  wayback_financialreports/10 28 2014 Expeditures_LaRene Cox_10-22-2014.xls
spreadsheet      357  wayback_financialreports/10 28 2014 Expeditures_LaRene Cox_10-22-2014~2.xls
spreadsheet      595  wayback_financialreports/10 28 2014 Expenditures - Brent Holloway_10-27-2014.xls
spreadsheet     1929  wayback_financialreports/10 28 2014 Expenditures - Brock Belnap_10-29-2014.xls
spreadsheet     1929  wayback_financialreports/10 28 2014 Expenditures - Brock Belnap_10-29-2014~2.xls
spreadsheet      251  wayback_financialreports/10 28 2014 Expenditures - Chris White_10-28-2014.xls
spreadsheet      251  wayback_financialreports/10 28 2014 Expenditures - Chris White_10-28-2014~2.xls
spreadsheet     1051  wayback_financialreports/10 28 2014 Expenditures - Cory C Pulsipher_10-21-2014.xls
spreadsheet      220  wayback_financialreports/10 28 2014 Expenditures - David A Whitehead_10-22-2014.xls
spreadsheet      220  wayback_financialreports/10 28 2014 Expenditures - David A Whitehead_10-22-2014~2.xls
spreadsheet      239  wayback_financialreports/10 28 2014 Expenditures - David B Stirland_10-22-2014.xls
spreadsheet      239  wayback_financialreports/10 28 2014 Expenditures - David B Stirland_10-22-2014~2.xls
spreadsheet      898  wayback_financialreports/10 28 2014 Expenditures - David Miller_10-17-2014.xls
spreadsheet      414  wayback_financialreports/10 28 2014 Expenditures - Eileen McKell_10-23-2014.xls
spreadsheet      414  wayback_financialreports/10 28 2014 Expenditures - Eileen McKell_10-23-2014~2.xls
spreadsheet      209  wayback_financialreports/10 28 2014 Expenditures - Kelly Blake_10-24-2014.xls
spreadsheet      209  wayback_financialreports/10 28 2014 Expenditures - Kelly Blake_10-24-2014~2.xls
spreadsheet      213  wayback_financialreports/10 28 2014 Expenditures - Kim M Hafen_10-17-2014.xls
spreadsheet      210  wayback_financialreports/10 28 2014 Expenditures - Laura Hesson_10-27-2014.xls
spreadsheet      210  wayback_financialreports/10 28 2014 Expenditures - Laura Hesson_10-27-2014~2.xls
spreadsheet     3367  wayback_financialreports/10 28 2014 Expenditures - Nathan Gregg Caplin_10-29-2014.xls
spreadsheet     3367  wayback_financialreports/10 28 2014 Expenditures - Nathan Gregg Caplin_10-29-2014~2.xls
spreadsheet     5824  wayback_financialreports/10 28 2014 Expenditures - Paul Van Dam_10-28-2014.xls
spreadsheet      213  wayback_financialreports/10 28 2014 Expenditures - Peato (Pat) L Ena_10-22-2014.xls
spreadsheet      213  wayback_financialreports/10 28 2014 Expenditures - Peato (Pat) L Ena_10-22-2014~2.xls
spreadsheet      217  wayback_financialreports/10 28 2014 Expenditures - Russell Shirts_10-23-2014.xls
spreadsheet      217  wayback_financialreports/10 28 2014 Expenditures - Russell Shirts_10-23-2014~2.xls
spreadsheet     1221  wayback_financialreports/10 28 2014 Expenditures - Tom Durrant_10-17-2014.xls
spreadsheet     1523  wayback_financialreports/10 28 2014 Expenditures - Victor Iverson_10-28-2014.xls
spreadsheet     1523  wayback_financialreports/10 28 2014 Expenditures - Victor Iverson_10-28-2014~2.xls
spreadsheet     1045  wayback_financialreports/10 28 2014 Expenditures - Zachary Renstrom_10-23-2014.xls
spreadsheet     1045  wayback_financialreports/10 28 2014 Expenditures - Zachary Renstrom_10-23-2014~2.xls
spreadsheet      242  wayback_financialreports/10 28 2014 Expenditures-Scott P Robison_10-22-2014.xls
spreadsheet      280  wayback_financialreports/10 28 2014 Summary - Brent Holloway_10-27-2014.xls
spreadsheet      280  wayback_financialreports/10 28 2014 Summary - Brent Holloway_10-27-2014~2.xls
spreadsheet      314  wayback_financialreports/10 28 2014 Summary - Brock Belnap_10-29-2014.xls
spreadsheet      314  wayback_financialreports/10 28 2014 Summary - Brock Belnap_10-29-2014~2.xls
spreadsheet      294  wayback_financialreports/10 28 2014 Summary - Chris White_10-28-2014.xls
spreadsheet      300  wayback_financialreports/10 28 2014 Summary - Cory C Pulsipher_10-21-2014.xls
spreadsheet      300  wayback_financialreports/10 28 2014 Summary - Cory C Pulsipher_10-21-2014~2.xls
spreadsheet      272  wayback_financialreports/10 28 2014 Summary - David A Whitehead_10-22-2014.xls
spreadsheet      272  wayback_financialreports/10 28 2014 Summary - David A Whitehead_10-22-2014~2.xls
spreadsheet      282  wayback_financialreports/10 28 2014 Summary - David B Stirland_10-22-2014.xls
spreadsheet      292  wayback_financialreports/10 28 2014 Summary - David Miller_10-17-2014.xls
spreadsheet      292  wayback_financialreports/10 28 2014 Summary - David Miller_10-17-2014~2.xls
spreadsheet      288  wayback_financialreports/10 28 2014 Summary - Eileen McKell_10-23-2014.xls
spreadsheet      288  wayback_financialreports/10 28 2014 Summary - Eileen McKell_10-23-2014~2.xls
spreadsheet      268  wayback_financialreports/10 28 2014 Summary - Kelly Blake_10-24-2014.xls
spreadsheet      270  wayback_financialreports/10 28 2014 Summary - Kim M Hafen_10-17-2014.xls
spreadsheet      270  wayback_financialreports/10 28 2014 Summary - Kim M Hafen_10-17-2014~2.xls
spreadsheet      269  wayback_financialreports/10 28 2014 Summary - Laura Hesson_10-27-2014.xls
spreadsheet      269  wayback_financialreports/10 28 2014 Summary - Laura Hesson_10-27-2014~2.xls
spreadsheet      316  wayback_financialreports/10 28 2014 Summary - Nathan Gregg Caplin_10-29-2014.xls
spreadsheet      307  wayback_financialreports/10 28 2014 Summary - Paul Van Dam_10-28-2014.xls
spreadsheet      307  wayback_financialreports/10 28 2014 Summary - Paul Van Dam_10-28-2014~2.xls
spreadsheet      273  wayback_financialreports/10 28 2014 Summary - Peato (Pat) L Ena_10-22-2014.xls
spreadsheet      273  wayback_financialreports/10 28 2014 Summary - Peato (Pat) L Ena_10-22-2014~2.xls
spreadsheet      269  wayback_financialreports/10 28 2014 Summary - Russell Shirts_10-23-2014.xls
spreadsheet      312  wayback_financialreports/10 28 2014 Summary - Tom Durrant_10-17-2014.xls
spreadsheet      312  wayback_financialreports/10 28 2014 Summary - Tom Durrant_10-17-2014~2.xls
spreadsheet      302  wayback_financialreports/10 28 2014 Summary - Victor Iverson_10-28-2014.xls
spreadsheet      302  wayback_financialreports/10 28 2014 Summary - Victor Iverson_10-28-2014~2.xls
spreadsheet      307  wayback_financialreports/10 28 2014 Summary - Zachary Renstrom_10-23-2014.xls
spreadsheet      269  wayback_financialreports/10 28 2014 Summary-Scott P Robison_10-22-2014.xls
spreadsheet      269  wayback_financialreports/10 28 2014 Summary-Scott P Robison_10-22-2014~2.xls
spreadsheet      281  wayback_financialreports/10 28 2014 Summary_LaRene Cox_10-22-2014.xls
spreadsheet      281  wayback_financialreports/10 28 2014 Summary_LaRene Cox_10-22-2014~2.xls
spreadsheet      379  wayback_financialreports/4 4 2001 Expenditures - Mark Boyer_04-04-2014.xls
spreadsheet      379  wayback_financialreports/4 4 2001 Expenditures - Mark Boyer_04-04-2014~2.xls
spreadsheet      241  wayback_financialreports/4 4 2001 Summary - James J Eardley_04-04-2014.xls
spreadsheet      204  wayback_financialreports/4 4 2014 Contributions - Chet R Hughes_04-04-2014.xls
spreadsheet      205  wayback_financialreports/4 4 2014 Contributions - Chris White_04-04-2014.xls
spreadsheet      183  wayback_financialreports/4 4 2014 Contributions - D Christopher Isom_04-04-2014.xls
spreadsheet      215  wayback_financialreports/4 4 2014 Contributions - Daniel D McArthur_04-04-2014.xls
spreadsheet     1040  wayback_financialreports/4 4 2014 Contributions - David Miller_04-04-2014.xls
spreadsheet      184  wayback_financialreports/4 4 2014 Contributions - Greg Aldred_04-04-2014.xls
spreadsheet      191  wayback_financialreports/4 4 2014 Contributions - Kim M Hafen_04-04-2014.xls
spreadsheet      183  wayback_financialreports/4 4 2014 Contributions - Mark Boyer_04-04-2014.xls
spreadsheet      180  wayback_financialreports/4 4 2014 Contributions - Russell Shirts_04-04-2014.xls
spreadsheet      185  wayback_financialreports/4 4 2014 Contributions - Slade Hughes_04-04-2014.xls
spreadsheet      909  wayback_financialreports/4 4 2014 Contributions - Tom Durrant_04-04-2014.xls
spreadsheet      309  wayback_financialreports/4 4 2014 Contributions - Zachary Renstrom_04-04-2014.xls
spreadsheet      573  wayback_financialreports/4 4 2014 Expenditures - Brock Belnap_04-04-2014.xls
spreadsheet      233  wayback_financialreports/4 4 2014 Expenditures - Chris White_04-04-2014.xls
spreadsheet      508  wayback_financialreports/4 4 2014 Expenditures - Cory C Pulsipher_04-04-2014.xls
spreadsheet      323  wayback_financialreports/4 4 2014 Expenditures - Daniel D McArthur_04-04-2014.xls
spreadsheet      230  wayback_financialreports/4 4 2014 Expenditures - David A Whitehead_04-04-2014.xls
spreadsheet      535  wayback_financialreports/4 4 2014 Expenditures - Greg Aldred_04-04-2014.xls
spreadsheet      278  wayback_financialreports/4 4 2014 Expenditures - James J Eardley_04-04-2014.xls
spreadsheet      617  wayback_financialreports/4 4 2014 Expenditures - Nathan Gregg Caplin_04-04-2014.xls
spreadsheet      227  wayback_financialreports/4 4 2014 Expenditures - Russell Shirts_04-04-2014.xls
spreadsheet      974  wayback_financialreports/4 4 2014 Expenditures - Tom Durrant_04-04-2014.xls
spreadsheet      620  wayback_financialreports/4 4 2014 Expenditures - Victor Iverson_04-04-2014.xls
spreadsheet      242  wayback_financialreports/4 4 2014 Summary - Brock Belnap_04-04-2014.xls
spreadsheet      239  wayback_financialreports/4 4 2014 Summary - Chet R Hughes_04-04-2014.xls
spreadsheet      247  wayback_financialreports/4 4 2014 Summary - Cory C Pulsipher_04-04-2014.xls
spreadsheet      237  wayback_financialreports/4 4 2014 Summary - D Christopher Isom_04-04-2014.xls
spreadsheet      237  wayback_financialreports/4 4 2014 Summary - David A Whitehead_04-04-2014.xls
spreadsheet      240  wayback_financialreports/4 4 2014 Summary - David Miller_04-04-2014.xls
spreadsheet      235  wayback_financialreports/4 4 2014 Summary - Kim M Hafen_04-04-2014.xls
spreadsheet      243  wayback_financialreports/4 4 2014 Summary - Mark Boyer_04-04-2014.xls
spreadsheet      234  wayback_financialreports/4 4 2014 Summary - Russell Shirts_04-04-2014.xls
spreadsheet      239  wayback_financialreports/4 4 2014 Summary - Slade Hughes_04-04-2014.xls
spreadsheet      251  wayback_financialreports/4 4 2014 Summary - Victor Iverson_04-04-2014.xls
spreadsheet      252  wayback_financialreports/4 4 2014 Summary - Zachary Renstrom_04-04-2014.xls
spreadsheet      308  wayback_financialreports/4 4 2014-Expenditures - Hank Kodele_04-04-2014.xls
spreadsheet      236  wayback_financialreports/4 4 2014-Summary - Hank Kodele_04-04-2014.xls
spreadsheet      180  wayback_financialreports/5 15 2014 Contributions - David S Eves_05-06-2014.xls
spreadsheet      180  wayback_financialreports/5 15 2014 Contributions - David S Eves_05-08-2014.xls
spreadsheet      173  wayback_financialreports/5 15 2014 Contributions - Kelly Blake_05-08-2014.xls
spreadsheet      177  wayback_financialreports/5 15 2014 Contributions - Laura Hesson_05-09-2014.xls
spreadsheet      173  wayback_financialreports/5 15 2014 Contributions-LaRene L_05-05-2014. Cox.pdf
spreadsheet      176  wayback_financialreports/5 15 2014 Contributions-Scott P Robison_05-06-2014.xls
spreadsheet      216  wayback_financialreports/5 15 2014 Expenditures - David S Eves_05-06-2014.xls
spreadsheet      216  wayback_financialreports/5 15 2014 Expenditures - David S Eves_05-08-2014.xls
spreadsheet      209  wayback_financialreports/5 15 2014 Expenditures - Kelly Blake_05-08-2014.xls
spreadsheet      210  wayback_financialreports/5 15 2014 Expenditures - Laura Hesson_05-09-2014.xls
spreadsheet      210  wayback_financialreports/5 15 2014 Expenditures-LaRene L_05-05-2014. Cox.pdf
spreadsheet      212  wayback_financialreports/5 15 2014 Expenditures-Scott P Robison_05-06-2014.xls
spreadsheet      234  wayback_financialreports/5 15 2014 Summary - David S Eves_05-06-2014.xls
spreadsheet      234  wayback_financialreports/5 15 2014 Summary - David S Eves_05-08-2014.xls
spreadsheet      234  wayback_financialreports/5 15 2014 Summary - Kelly Blake_05-08-2014.xls
spreadsheet      235  wayback_financialreports/5 15 2014 Summary - Laura Hesson_05-09-2014.xls
spreadsheet      228  wayback_financialreports/5 15 2014 Summary-LaRene L_05-05-2014. Cox.pdf
spreadsheet      230  wayback_financialreports/5 15 2014 Summary-Scott P Robison_05-06-2014.xls
spreadsheet      218  wayback_financialreports/6 17 2014 Contributions - Brent Holloway_06-17-2014.xls
spreadsheet      195  wayback_financialreports/6 17 2014 Contributions - Chris White_06-17-2014.xls
spreadsheet      452  wayback_financialreports/6 17 2014 Contributions - Cory C Pulsipher_06-17-2014.xls
spreadsheet      177  wayback_financialreports/6 17 2014 Contributions - David B Stirland_06-17-2014.xls
spreadsheet     1030  wayback_financialreports/6 17 2014 Contributions - David Miller_06-18-2014.xls
spreadsheet      175  wayback_financialreports/6 17 2014 Contributions - Eileen McKell_06-09-2014.xls
spreadsheet      184  wayback_financialreports/6 17 2014 Contributions - Greg Aldred_05-09-2014.xls
spreadsheet      181  wayback_financialreports/6 17 2014 Contributions - Kim M Hafen_06-09-2014.xls
spreadsheet      174  wayback_financialreports/6 17 2014 Contributions - Laura Hesson_06-13-2014.xls
spreadsheet     1699  wayback_financialreports/6 17 2014 Contributions - Paul Van Dam_06-11-2014.xls
spreadsheet      177  wayback_financialreports/6 17 2014 Contributions - Peato (Pat) L Ena_06-13-2014.xls
spreadsheet      170  wayback_financialreports/6 17 2014 Contributions - Russell Shirts_06-11-2014.xls
spreadsheet      259  wayback_financialreports/6 17 2014 Contributions - Victor Iverson_06-17-2014.xls
spreadsheet      359  wayback_financialreports/6 17 2014 Contributions - Zachary Renstrom_06-11-2014.xls
spreadsheet      176  wayback_financialreports/6 17 2014 Contributions-Scott P Robison_06-11-2014.xls
spreadsheet      220  wayback_financialreports/6 17 2014 Expenditures - Brent Holloway_06-17-2014.xls
spreadsheet      223  wayback_financialreports/6 17 2014 Expenditures - Chris White_06-17-2014.xls
spreadsheet      775  wayback_financialreports/6 17 2014 Expenditures - Cory C Pulsipher_06-17-2014.xls
spreadsheet      213  wayback_financialreports/6 17 2014 Expenditures - David B Stirland_06-17-2014.xls
spreadsheet      563  wayback_financialreports/6 17 2014 Expenditures - David Miller_06-18-2014.xls
spreadsheet      243  wayback_financialreports/6 17 2014 Expenditures - Eileen McKell_06-09-2014.xls
spreadsheet      744  wayback_financialreports/6 17 2014 Expenditures - Greg Aldred_05-09-2014.xls
spreadsheet      213  wayback_financialreports/6 17 2014 Expenditures - Kim M Hafen_06-09-2014.xls
spreadsheet      210  wayback_financialreports/6 17 2014 Expenditures - Laura Hesson_06-13-2014.xls
spreadsheet     3045  wayback_financialreports/6 17 2014 Expenditures - Nathan Gregg Caplin_06-17-2014.xls
spreadsheet      865  wayback_financialreports/6 17 2014 Expenditures - Paul Van Dam_06-11-2014.xls
spreadsheet      217  wayback_financialreports/6 17 2014 Expenditures - Russell Shirts_06-11-2014.xls
spreadsheet     1221  wayback_financialreports/6 17 2014 Expenditures - Tom Durrant_06-10-2014.xls
spreadsheet      646  wayback_financialreports/6 17 2014 Expenditures - Zachary Renstrom_06-11-2014.xls
spreadsheet      210  wayback_financialreports/6 17 2014 Expenditures-LaRene L_06-10-2014. Cox.pdf
spreadsheet      254  wayback_financialreports/6 17 2014 Summary - Brent Holloway_06-17-2014.xls
spreadsheet      278  wayback_financialreports/6 17 2014 Summary - Brock Belnap_06-17-2014.xls
spreadsheet      276  wayback_financialreports/6 17 2014 Summary - Cory C Pulsipher_06-17-2014.xls
spreadsheet      254  wayback_financialreports/6 17 2014 Summary - David A Whitehead_06-17-2014.xls
spreadsheet      262  wayback_financialreports/6 17 2014 Summary - David Miller_06-18-2014.xls
spreadsheet      251  wayback_financialreports/6 17 2014 Summary - David S Eves_06-11-2014.xls
spreadsheet      272  wayback_financialreports/6 17 2014 Summary - Greg Aldred_05-09-2014.xls
spreadsheet      251  wayback_financialreports/6 17 2014 Summary - Kelly Blake_06-17-2014.xls
spreadsheet      252  wayback_financialreports/6 17 2014 Summary - Laura Hesson_06-13-2014.xls
spreadsheet      269  wayback_financialreports/6 17 2014 Summary - Mark Boyer_05-09-2014.xls
spreadsheet      274  wayback_financialreports/6 17 2014 Summary - Paul Van Dam_06-11-2014.xls
spreadsheet      256  wayback_financialreports/6 17 2014 Summary - Peato (Pat) L Ena_06-13-2014.xls
spreadsheet      270  wayback_financialreports/6 17 2014 Summary - Tom Durrant_06-10-2014.xls
spreadsheet      272  wayback_financialreports/6 17 2014 Summary - Victor Iverson_06-17-2014.xls
spreadsheet      244  wayback_financialreports/6 17 2014 Summary-LaRene L_06-10-2014. Cox.pdf
spreadsheet      246  wayback_financialreports/6 17 2014 Summary-Scott P Robison_06-11-2014.xls
text             243  wayback_financialreports/Cal Durfey Expenditures_04-05-2011.pdf
text             321  wayback_financialreports/Cal Durfey Local School Board Candidate Summary_04-05-2011.pdf
text             100  wayback_financialreports/Contributions - Aaron Randall_05-14-2012.pdf
spreadsheet      156  wayback_financialreports/Contributions - Aaron Randall_06-21-2012.xls
spreadsheet      189  wayback_financialreports/Contributions - Aaron Randall_10-30-2012.xls
text            1251  wayback_financialreports/Contributions - Alan Gardner 6 19 2012_06-13-2012.pdf
spreadsheet     1128  wayback_financialreports/Contributions - Alan Gardner_08-24-2012.xls
spreadsheet     1128  wayback_financialreports/Contributions - Alan Gardner_10-29-2012.xls
text              80  wayback_financialreports/Contributions - Arlin Hughes_03-08-2011.pdf
spreadsheet      195  wayback_financialreports/Contributions - Barbara Beckstrom_01-17-2013.xls
spreadsheet      147  wayback_financialreports/Contributions - Barbara Beckstrom_06-15-2012.xls
spreadsheet      175  wayback_financialreports/Contributions - Barbara Beckstrom_08-24-2012.xls
text             110  wayback_financialreports/Contributions - Brock Belnap_04-05-2011.pdf
spreadsheet     1352  wayback_financialreports/Contributions - Chris White_01-17-2013.xls
spreadsheet      588  wayback_financialreports/Contributions - Chris White_06-21-2012.xls
spreadsheet      827  wayback_financialreports/Contributions - Chris White_08-31-2012.xls
text            2886  wayback_financialreports/Contributions - Cory Pulsipher_04-05-2011.pdf
text              86  wayback_financialreports/Contributions - Craig Seegmiller_05-07-2012.pdf
spreadsheet      146  wayback_financialreports/Contributions - Craig Seegmiller_08-24-2012.xls
spreadsheet      146  wayback_financialreports/Contributions - Craig Seegmiller_10-29-2012.xls
text              83  wayback_financialreports/Contributions - David Whitehead_04-05-2011.pdf
text              84  wayback_financialreports/Contributions - Debbra Zockoll_05-07-2012.pdf
spreadsheet      144  wayback_financialreports/Contributions - Debbra Zockoll_08-27-2012.xls
spreadsheet      144  wayback_financialreports/Contributions - Debbra Zockoll_10-29-2012.xls
text             245  wayback_financialreports/Contributions - Greg Aldred_03-08-2011.pdf
text            1288  wayback_financialreports/Contributions - Greg Aldred_03-30-2012.pdf
text             196  wayback_financialreports/Contributions - James Eardley_03-08-2011.pdf
spreadsheet      298  wayback_financialreports/Contributions - Jerry Olson_01-17-2013.xls
spreadsheet      141  wayback_financialreports/Contributions - Jerry Olson_06-15-2012.xls
spreadsheet      141  wayback_financialreports/Contributions - Jerry Olson_08-31-2012.xls
text             424  wayback_financialreports/Contributions - Jill Hunt_05-15-2012.pdf
spreadsheet      520  wayback_financialreports/Contributions - Jill Hunt_06-21-2012.xls
spreadsheet      936  wayback_financialreports/Contributions - Jill Hunt_10-31-2012.xls
text             588  wayback_financialreports/Contributions - Kevin Brooks_04-05-2011.pdf
text            5434  wayback_financialreports/Contributions - Rob Tersigni_04-05-2011.pdf
text              81  wayback_financialreports/Contributions - Russell Shirts_04-05-2011.pdf
text              94  wayback_financialreports/Contributions - Slade Hughes_03-30-2012.pdf
text             171  wayback_financialreports/Contributions - Steven Despain_04-05-2011.pdf
text             182  wayback_financialreports/Contributions- Denny Drake_03-08-2011.pdf
text             205  wayback_financialreports/County Candidate Summary - Aaron Randall_05-14-2012.pdf
text             266  wayback_financialreports/County Candidate Summary - Alan Gardner 6 19 2012_06-13-2012.pdf
text             216  wayback_financialreports/County Candidate Summary - Alan Gardner_03-30-2012.pdf
spreadsheet      335  wayback_financialreports/County Candidate Summary - Alan Gardner_10-29-2012.xls
text             211  wayback_financialreports/County Candidate Summary - Barbara Beckstrom_05-09-2012.pdf
spreadsheet      361  wayback_financialreports/County Candidate Summary - Chris White_01-17-2013.xls

313 sidecars (partial run, manifest NOT rewritten)
