scanned         2155  state_disclosures/washington_2008_Local School Board_AlanDeanGardnerCommissionerSept.pdf
scanned         3191  state_disclosures/washington_2008_Local School Board_AlanGardnerOCt.pdf
scanned         8476  state_disclosures/washington_2008_Local School Board_LindenHanerAlderCommissionerOct.pdf
scanned         3513  state_disclosures/washington_2008_Local School Board_LindenHanerAlderCommissionerSept.pdf
scanned         1394  state_disclosures/washington_2010 Elections_Arlin Hughes 4-9-10.pdf
scanned         1987  state_disclosures/washington_2010 Elections_Cory Pulsipher 4-6-10.pdf
scanned         1243  state_disclosures/washington_2010 Elections_Cyril_noble-4-13-10.pdf
scanned         1494  state_disclosures/washington_2010 Elections_Denny Drake 4-5-10.pdf
scanned         1850  state_disclosures/washington_2010 Elections_Greg Aldred 4-9-10 update.pdf
scanned         1616  state_disclosures/washington_2010 Elections_James Eardley 4-9-10.pdf
scanned         1472  state_disclosures/washington_2010 Elections_Kevin Brooks 4-9-10.pdf
scanned         2133  state_disclosures/washington_2010 Elections_Rob Tersigni 4-9-10.pdf
scanned         1541  state_disclosures/washington_2010 Elections_Robert Allen 5-15-10.pdf
scanned         1513  state_disclosures/washington_2010 Elections_Russell Shirts 4-5-10.pdf
scanned         1481  state_disclosures/washington_2010 Elections_Slade Hughes 4-6-10.pdf
scanned         1594  state_disclosures/washington_2010 Elections_Steven Despain 4-9-10.pdf
scanned         1502  state_disclosures/washington_2010 Elections_brock belnap 4-7-10.pdf
scanned         1753  state_disclosures/washington_2010 Elections_calvin durfey 5-15-10.pdf
scanned         1528  state_disclosures/washington_2010 Elections_david whitehead 4-7-10.pdf
scanned         1500  state_disclosures/washington_2010 Elections_kevin_brooks_4-13-10.pdf
scanned         1686  state_disclosures/washington_2010 Elections_kim hafen 4-7-10.pdf
scanned         1476  state_disclosures/washington_2010 Elections_travis christiansen 5-15-10.pdf
scanned         1808  state_disclosures/washington_2010 Elections_wes swaney 5-15-10.pdf

23 sidecars (partial run, manifest NOT rewritten)
