scanned          939  live_outpost/06-04-2024-Cynthia Shields-Local School 3-FINAL_06-07-2024.pdf
scanned          991  live_outpost/06-12-2024-Gary L_06-13-2024. Christensen-Recorder.pdf
scanned          920  live_outpost/06-12-2024_Ryan Sullivan-County Clerk_Auditor_06-13-2024.pdf
scanned         1228  live_outpost/06-13-2024-Chuck Goode-Commission Seat C_06-13-2024.pdf
scanned         1020  live_outpost/06-14-2024-Ron Wade_Local School Board 3_06-15-2024.pdf
scanned         1015  live_outpost/06-14-2024-Tom Durrant_Assessor_06-15-2024.pdf
scanned         1066  live_outpost/06-18-2024-Adam Snow-Commission C_06-20-2024.pdf
scanned         1022  live_outpost/06-18-2024-Craig Seegmiller-Local School 2_06-20-2024.pdf
scanned         1115  live_outpost/06-18-2024-David Whitehead-Treasurer_06-20-2024.pdf
scanned         1207  live_outpost/06-18-2024-Larry Meyers-Local School 1_06-20-2024.pdf
scanned         1162  live_outpost/06-18-2024_Heidi Gunn-Local School 1_06-20-2024.pdf
scanned         1500  live_outpost/Adam Snow - Commission Seat C-Final_01-06-2025.pdf
scanned         1307  live_outpost/Adam Snow _ Commsssion Seat C_FCR_10-29-2024.pdf
scanned         1437  live_outpost/Chuck Goode_Commission Seat C_FCR_10-30-2024.pdf
scanned         1346  live_outpost/Chuck Goode_Commission Seat C_Final_01-14-2025.pdf
scanned         1032  live_outpost/Craig Seegmiller_Local School 2_FCR_10-26-2024.pdf
scanned         1022  live_outpost/Craig Seegmiller_Local School 2_FINAL_12-07-2024.pdf
scanned         1049  live_outpost/David Whitehead_Treasurer_FCR_10-26-2024.pdf
scanned         1049  live_outpost/David Whitehead_Treasurer_Final_01-08-2025.pdf
scanned          915  live_outpost/Gary L_01-08-2025. Christensen_Recorder_Final.pdf
scanned         1218  live_outpost/Hedi Gunn_Local School 1_Final_01-06-2025.pdf
scanned         1090  live_outpost/Heidi Gunn_Local School 1_FCR_10-26-2024.pdf
scanned         1239  live_outpost/Larry Meyers_Local School 1_FCR_10-26-2024.pdf
scanned         1176  live_outpost/Larry Meyers_Local School 1_Final_01-08-2025.pdf
scanned          974  live_outpost/Ron Wade_Local School 3_FCR_10-29-2024.pdf
scanned          940  live_outpost/Ron Wade_Local School 3_FINALpdf_12-12-2024.pdf
scanned         1097  live_outpost/Ryan Sullivan_ClerkAuditor-FCR_10-29-2024.pdf
text             118  live_outpost/Ryan Sullivan_ClerkAuditor_FINAL_12-12-2024.pdf
scanned         1099  live_outpost/Tom Durrant_Assessor_FCR_10-26-2024.pdf
scanned         1671  live_wp/2006-David-Whitehead.pdf
text            1633  live_wp/2010-David-Whitehead.pdf
text             599  live_wp/2011-David-Whitehead.pdf
text             679  live_wp/2012-2013-Craig-Seegmiller.pdf
scanned         5215  live_wp/2014-David-Whitehead.pdf
scanned         6095  live_wp/2014-Tom-Durrant.pdf
scanned         5526  live_wp/2014-Victor-Iverson.pdf
scanned         2320  live_wp/2016-Craig-Seegmiller.pdf
text            5617  live_wp/2016-Gil-Almquist.pdf
scanned         7182  live_wp/2018-Gil-Almquist.pdf
scanned         3865  live_wp/2018-LaRene-Cox.pdf
scanned         2749  live_wp/2018-Victor-Iverson.pdf
scanned         4530  live_wp/2020-Craig-Seegmiller.pdf
scanned         4342  live_wp/2020-David-Whitehead.pdf
scanned         5038  live_wp/2020-Gary-Christensen.pdf
scanned         4121  live_wp/2020-Tom-Durrant.pdf
scanned         2686  live_wp/2022-Adam-Snow.pdf
scanned         1365  live_wp/2022-Burke-Staheli.pdf
scanned         4037  live_wp/2022-Gil-Almquist.pdf
text             186  live_wp/2022-LaRene-Cox.pdf
scanned         3117  live_wp/2022-Victor-Iverson.pdf
scanned         3873  live_wp/2024-Adam-Snow.pdf
scanned         3076  live_wp/2024-Craig-Seegmiller.pdf
scanned         3213  live_wp/2024-David-Whitehead.pdf
scanned         2722  live_wp/2024-Gary-Christensen.pdf
scanned         3470  live_wp/2024-Heidi-Gunn.pdf
text             118  live_wp/2024-Ryan-Sullivan.pdf
scanned         3226  live_wp/2024-Tom-Durrant.pdf
scanned         1617  live_wp/Burke-Staheli.pdf
scanned         1351  live_wp/Craig-Seegmiller-Financial-012026.pdf
scanned         1452  live_wp/David-Whitehead.pdf
scanned         1414  live_wp/Gary-L-Christensen.pdf
scanned         1522  live_wp/Gil-Almquist-Financial-012026.pdf
scanned         1560  live_wp/Jerry-Jaeger-012026.pdf
scanned         1790  live_wp/K.-Adam-Snow-2.pdf
scanned         1584  live_wp/LaRene-Cox-Financial-012026.pdf
scanned         1680  live_wp/N.-Craig-Hammer-2.pdf
scanned         1426  live_wp/Nate-Brooksby-2.pdf
scanned         1345  live_wp/Ronald-M-Wade-2.pdf
scanned         3748  live_wp/Ryan-Sullivan.pdf
scanned         1440  live_wp/Tom-Durrant.pdf
scanned         1540  live_wp/Victor-Iverson-Financial-012026.pdf
scanned         2155  state_disclosures/washington_2008_Local School Board_AlanDeanGardnerCommissionerSept.pdf
scanned         3191  state_disclosures/washington_2008_Local School Board_AlanGardnerOCt.pdf
scanned         8476  state_disclosures/washington_2008_Local School Board_LindenHanerAlderCommissionerOct.pdf
scanned         3513  state_disclosures/washington_2008_Local School Board_LindenHanerAlderCommissionerSept.pdf
scanned         1394  state_disclosures/washington_2010 Elections_Arlin Hughes 4-9-10.pdf
scanned         1987  state_disclosures/washington_2010 Elections_Cory Pulsipher 4-6-10.pdf
scanned         1243  state_disclosures/washington_2010 Elections_Cyril_noble-4-13-10.pdf
scanned         1494  state_disclosures/washington_2010 Elections_Denny Drake 4-5-10.pdf
scanned         1850  state_disclosures/washington_2010 Elections_Greg Aldred 4-9-10 update.pdf
scanned         1616  state_disclosures/washington_2010 Elections_James Eardley 4-9-10.pdf
scanned         1472  state_disclosures/washington_2010 Elections_Kevin Brooks 4-9-10.pdf
scanned         2133  state_disclosures/washington_2010 Elections_Rob Tersigni 4-9-10.pdf
scanned         1541  state_disclosures/washington_2010 Elections_Robert Allen 5-15-10.pdf
scanned         1513  state_disclosures/washington_2010 Elections_Russell Shirts 4-5-10.pdf
scanned         1481  state_disclosures/washington_2010 Elections_Slade Hughes 4-6-10.pdf
scanned         1594  state_disclosures/washington_2010 Elections_Steven Despain 4-9-10.pdf
scanned         1502  state_disclosures/washington_2010 Elections_brock belnap 4-7-10.pdf
scanned         1753  state_disclosures/washington_2010 Elections_calvin durfey 5-15-10.pdf
scanned         1528  state_disclosures/washington_2010 Elections_david whitehead 4-7-10.pdf
scanned         1500  state_disclosures/washington_2010 Elections_kevin_brooks_4-13-10.pdf
scanned         1686  state_disclosures/washington_2010 Elections_kim hafen 4-7-10.pdf
scanned         1476  state_disclosures/washington_2010 Elections_travis christiansen 5-15-10.pdf
scanned         1808  state_disclosures/washington_2010 Elections_wes swaney 5-15-10.pdf
text             279  wayback_2010elections/6-15-2010 Cal Durfey Contributions.pdf
text             209  wayback_2010elections/6-15-2010 Cal Durfey Expenditures.pdf
text             236  wayback_2010elections/6-15-2010 Cal Durfey Local School Board Candidate Summary.pdf
text             110  wayback_2010elections/6-15-2010 Contributions - Brock Belnap.pdf
text            1891  wayback_2010elections/6-15-2010 Contributions - Cory Pulsipher.pdf
text              83  wayback_2010elections/6-15-2010 Contributions - David Whitehead.pdf
text             245  wayback_2010elections/6-15-2010 Contributions - Greg Aldred.pdf
text             196  wayback_2010elections/6-15-2010 Contributions - James Eardley.pdf
text              81  wayback_2010elections/6-15-2010 Contributions - Kim Hafen.pdf
text            5434  wayback_2010elections/6-15-2010 Contributions - Rob Tersigni.pdf
text              81  wayback_2010elections/6-15-2010 Contributions - Russell Shirts.pdf
text              79  wayback_2010elections/6-15-2010 Contributions- Denny Drake.pdf
text             197  wayback_2010elections/6-15-2010 County Candidate Summary - Brock Belnap.pdf
text             260  wayback_2010elections/6-15-2010 County Candidate Summary - Cory Pulsipher.pdf
text             239  wayback_2010elections/6-15-2010 County Candidate Summary - David Whitehead.pdf
text             245  wayback_2010elections/6-15-2010 County Candidate Summary - Greg Aldred.pdf
text             245  wayback_2010elections/6-15-2010 County Candidate Summary - James Eardley.pdf
text             232  wayback_2010elections/6-15-2010 County Candidate Summary - Kevin Brooks.pdf
text             237  wayback_2010elections/6-15-2010 County Candidate Summary - Kim Hafen.pdf
text             247  wayback_2010elections/6-15-2010 County Candidate Summary - Rob Tersigni.pdf
text             243  wayback_2010elections/6-15-2010 County Candidate Summary - Russell Shirts.pdf
text             245  wayback_2010elections/6-15-2010 County Candidate Summary- Art Partridge.pdf
text             206  wayback_2010elections/6-15-2010 County Candidate Summary- Denny Drake.pdf
text              97  wayback_2010elections/6-15-2010 Dale Ure Contributions.pdf
text              89  wayback_2010elections/6-15-2010 Dale Ure Expenditures.pdf
text             221  wayback_2010elections/6-15-2010 Dale Ure Local School Board Candidate Summary.pdf
text             126  wayback_2010elections/6-15-2010 Expenditures - Brock Belnap.pdf
text            1631  wayback_2010elections/6-15-2010 Expenditures - Cory Pulsipher.pdf
text             195  wayback_2010elections/6-15-2010 Expenditures - David Whitehead.pdf
text             139  wayback_2010elections/6-15-2010 Expenditures - Denny Drake.pdf
text             763  wayback_2010elections/6-15-2010 Expenditures - Greg Aldred.pdf
text             224  wayback_2010elections/6-15-2010 Expenditures - James Eardley.pdf
text             251  wayback_2010elections/6-15-2010 Expenditures - Kevin Brooks.pdf
text             280  wayback_2010elections/6-15-2010 Expenditures - Kim Hafen.pdf
text            2192  wayback_2010elections/6-15-2010 Expenditures - Rob Tersigni.pdf
text             135  wayback_2010elections/6-15-2010 Expenditures - Russell Shirts.pdf
text             128  wayback_2010elections/6-15-2010 Expenditures- Art Partridge.pdf
text              81  wayback_2010elections/6-15-2010 Frank Lojko Contributions.pdf
text              85  wayback_2010elections/6-15-2010 Frank Lojko Expenditures.pdf
text             221  wayback_2010elections/6-15-2010 Frank Lojko Local School Board Candidate Summary.pdf
text              81  wayback_2010elections/6-15-2010 Kelly Blake Contributions.pdf
text             125  wayback_2010elections/6-15-2010 Kelly Blake Expenditures.pdf
text             239  wayback_2010elections/6-15-2010 Kelly Blake Local School Board Candidate Summary.pdf
text             333  wayback_2010elections/6-15-2010 Kevin Brooks.pdf
text             130  wayback_2010elections/6-15-2010 Kyle Wells Contributions.pdf
text             172  wayback_2010elections/6-15-2010 Kyle Wells Expenditures.pdf
text             244  wayback_2010elections/6-15-2010 Kyle Wells Local School Board Candidate Summary.pdf
text              88  wayback_2010elections/6-15-2010 Larry LeBaron Expenditures.pdf
text             224  wayback_2010elections/6-15-2010 Larry LeBaron Local School Board Candidate Summary.pdf
text              82  wayback_2010elections/6-15-2010 Laura Hesson Contributions.pdf
text             128  wayback_2010elections/6-15-2010 Laura Hesson Expenditures.pdf
text             239  wayback_2010elections/6-15-2010 Laura Hesson Local School Board Candidate Summary.pdf
text              83  wayback_2010elections/6-15-2010 Robert E Allen Contributions.pdf
text             129  wayback_2010elections/6-15-2010 Robert E Allen Expenditures.pdf
text             226  wayback_2010elections/6-15-2010 Robert E Allen Local School Board Candidate Summary.pdf
text             158  wayback_2010elections/6-15-2010 Travis Christiansen Contributions.pdf
text              93  wayback_2010elections/6-15-2010 Travis Christiansen Expenditures.pdf
text             242  wayback_2010elections/6-15-2010 Travis Christiansen Local School Board Candidate Summary.pdf
text              80  wayback_2010elections/6-15-2010 Wes Swaney Contributions.pdf
text             220  wayback_2010elections/6-15-2010 Wes Swaney Local School Board Candidate Summary.pdf
text              89  wayback_2010elections/6-15-2010 Wesley Christiansen Contributions.pdf
text              93  wayback_2010elections/6-15-2010 Wesley Christiansen Expenditures.pdf
text             229  wayback_2010elections/6-15-2010 Wesley Christiansen Local School Board Candidate Summary.pdf
text             236  wayback_2010elections/Cal Durfey Candidate Summary.pdf
text             279  wayback_2010elections/Cal Durfey Contributions.pdf
text             209  wayback_2010elections/Cal Durfey Expenditures.pdf
text             273  wayback_2010elections/Cal Durfey Local School Board Candidate Summary.pdf
text              80  wayback_2010elections/Contributions - Arlin Hughes.pdf
text             110  wayback_2010elections/Contributions - Brock Belnap.pdf
text             264  wayback_2010elections/Contributions - Cory Pulsipher.pdf
text              83  wayback_2010elections/Contributions - David Whitehead.pdf
text             243  wayback_2010elections/Contributions - Greg Aldred.pdf
text             196  wayback_2010elections/Contributions - James Eardley.pdf
text             226  wayback_2010elections/Contributions - Kevin Brooks.pdf
text              81  wayback_2010elections/Contributions - Kim Hafen.pdf
text            1493  wayback_2010elections/Contributions - Rob Tersigni.pdf
text              81  wayback_2010elections/Contributions - Russell Shirts.pdf
text              90  wayback_2010elections/Contributions - Slade Hughes.pdf
text             171  wayback_2010elections/Contributions - Steven Despain.pdf
text              83  wayback_2010elections/Contributions- Art Partridge.pdf
text              79  wayback_2010elections/Contributions- Denny Drake.pdf
text             215  wayback_2010elections/County Candidate Summary - Arlin Hughes.pdf
text             179  wayback_2010elections/County Candidate Summary - Brock Belnap.pdf
text             222  wayback_2010elections/County Candidate Summary - Cory Pulsipher.pdf
text             212  wayback_2010elections/County Candidate Summary - David Whitehead.pdf
text             216  wayback_2010elections/County Candidate Summary - Greg Aldred.pdf
text             218  wayback_2010elections/County Candidate Summary - James Eardley.pdf
text             207  wayback_2010elections/County Candidate Summary - Kevin Brooks.pdf
text             210  wayback_2010elections/County Candidate Summary - Kim Hafen.pdf
text             211  wayback_2010elections/County Candidate Summary - Rob Tersigni.pdf
text             216  wayback_2010elections/County Candidate Summary - Russell Shirts.pdf
text             219  wayback_2010elections/County Candidate Summary - Slade Hughes.pdf
text             209  wayback_2010elections/County Candidate Summary - Steven Despain.pdf
text             218  wayback_2010elections/County Candidate Summary- Art Partridge.pdf
text             206  wayback_2010elections/County Candidate Summary- Denny Drake.pdf
text             221  wayback_2010elections/Dale Ure Candidate Summary.pdf
text              97  wayback_2010elections/Dale Ure Contributions.pdf
text              89  wayback_2010elections/Dale Ure Expenditures.pdf
text             256  wayback_2010elections/Dale Ure Local School Board Candidate Summary.pdf
text             127  wayback_2010elections/Expenditures - Arlin Hughes.pdf
text             126  wayback_2010elections/Expenditures - Brock Belnap.pdf
text             711  wayback_2010elections/Expenditures - Cory Pulsipher.pdf
text             195  wayback_2010elections/Expenditures - David Whitehead.pdf
text             139  wayback_2010elections/Expenditures - Denny Drake.pdf
text             692  wayback_2010elections/Expenditures - Greg Aldred.pdf
text             224  wayback_2010elections/Expenditures - James Eardley.pdf
text             179  wayback_2010elections/Expenditures - Kevin Brooks.pdf
text             280  wayback_2010elections/Expenditures - Kim Hafen.pdf
text             914  wayback_2010elections/Expenditures - Rob Tersigni.pdf
text             135  wayback_2010elections/Expenditures - Russell Shirts.pdf
text             134  wayback_2010elections/Expenditures - Slade Hughes.pdf
text             146  wayback_2010elections/Expenditures - Steven Despain.pdf
text             128  wayback_2010elections/Expenditures- Art Partridge.pdf
text             221  wayback_2010elections/Frank Lojko Candidate Summary.pdf
text              81  wayback_2010elections/Frank Lojko Contributions.pdf
text              85  wayback_2010elections/Frank Lojko Expenditures.pdf
text             259  wayback_2010elections/Frank Lojko Local School Board Candidate Summary.pdf
text             222  wayback_2010elections/Kelly Blake Candidate Summary.pdf
text              81  wayback_2010elections/Kelly Blake Contributions.pdf
text              85  wayback_2010elections/Kelly Blake Expenditures.pdf
text             275  wayback_2010elections/Kelly Blake Local School Board Candidate Summary.pdf
text             223  wayback_2010elections/Kyle Wells Candidate Summary.pdf
text              81  wayback_2010elections/Kyle Wells Contributions.pdf
text             137  wayback_2010elections/Kyle Wells Expenditures.pdf
text             224  wayback_2010elections/Larry LeBaron Candidate Summary.pdf
text              84  wayback_2010elections/Larry LeBaron Contributions.pdf
text              88  wayback_2010elections/Larry LeBaron Expenditures.pdf
text              82  wayback_2010elections/Laura Hesson Contributions.pdf
text             128  wayback_2010elections/Laura Hesson Expenditures.pdf
text             272  wayback_2010elections/Laura Hesson Local School Board Candidate Summary.pdf
text             299  wayback_2010elections/Local School Board Candidate Summary Travis Christiansen.pdf
text             226  wayback_2010elections/Robert E Allen Candidate Summary.pdf
text              83  wayback_2010elections/Robert E Allen Contributions.pdf
text             129  wayback_2010elections/Robert E Allen Expenditures.pdf
text             261  wayback_2010elections/Robert E Allen Local School Board Candidate Summary.pdf
text             158  wayback_2010elections/Travis Christiansen Contributions.pdf
text             126  wayback_2010elections/Travis Christiansen Expenditures.pdf
text             220  wayback_2010elections/Wes Swaney Candidate Summary.pdf
text              80  wayback_2010elections/Wes Swaney Contributions.pdf
text              84  wayback_2010elections/Wes Swaney Expenditures.pdf
text             229  wayback_2010elections/Wesley Christiansen Candidate Summary.pdf
text              89  wayback_2010elections/Wesley Christiansen Contributions.pdf
text              93  wayback_2010elections/Wesley Christiansen Expenditures.pdf
text             262  wayback_2010elections/Wesley Christiansen Local School Board Candidate Summary.pdf
text            2039  wayback_clerkpdf2008/Alan Dean Gardner Contributions October 28 2008.pdf
text            2531  wayback_clerkpdf2008/Alan Dean Gardner Expenditures October 28 2008.pdf
text              97  wayback_clerkpdf2008/Carole Morris Contributions.pdf
text             121  wayback_clerkpdf2008/Carole Morris Expenditure.pdf
text             100  wayback_clerkpdf2008/Craig Seegmiller Contributions.pdf
text             124  wayback_clerkpdf2008/Craig Seegmiller Expenditures.pdf
spreadsheet     1130  wayback_financialreports/1 12 2015 Contributions - Brent Holloway_12-15-2014.xls
spreadsheet      175  wayback_financialreports/1 12 2015 Contributions - Eileen McKell_12-15-2014.xls
spreadsheet      170  wayback_financialreports/1 12 2015 Contributions - Russell Shirts_12-15-2014.xls
spreadsheet      950  wayback_financialreports/1 12 2015 Contributions - Zachary Renstrom_12-15-2014.xls
spreadsheet      841  wayback_financialreports/1 12 2015 Expenditures - Brent Holloway_12-15-2014.xls
spreadsheet      414  wayback_financialreports/1 12 2015 Expenditures - Eileen McKell_12-15-2014.xls
spreadsheet      217  wayback_financialreports/1 12 2015 Expenditures - Russell Shirts_12-15-2014.xls
spreadsheet     1171  wayback_financialreports/1 12 2015 Expenditures - Zachary Renstrom_12-15-2014.xls
spreadsheet      304  wayback_financialreports/1 12 2015 Summary - Brent Holloway_12-15-2014.xls
spreadsheet      308  wayback_financialreports/1 12 2015 Summary - Eileen McKell_12-15-2014.xls
spreadsheet      286  wayback_financialreports/1 12 2015 Summary - Russell Shirts_12-15-2014.xls
spreadsheet      336  wayback_financialreports/1 12 2015 Summary - Zachary Renstrom_12-15-2014.xls
spreadsheet     3578  wayback_financialreports/1 5 2015 Contributions - Brock Belnap_01-13-2015.xls
spreadsheet      359  wayback_financialreports/1 5 2015 Contributions - Chris White_01-08-2015.xls
spreadsheet      452  wayback_financialreports/1 5 2015 Contributions - Cory C Pulsipher_01-07-2015.xls
spreadsheet      173  wayback_financialreports/1 5 2015 Contributions - David A Whitehead_01-07-2015.xls
spreadsheet      228  wayback_financialreports/1 5 2015 Contributions - David B Stirland_01-07-2015.xls
spreadsheet      173  wayback_financialreports/1 5 2015 Contributions - Kelly Blake_01-07-2015.xls
spreadsheet      181  wayback_financialreports/1 5 2015 Contributions - Kim M Hafen_01-07-2015.xls
spreadsheet      174  wayback_financialreports/1 5 2015 Contributions - Laura Hesson_01-07-2015.xls
spreadsheet     5835  wayback_financialreports/1 5 2015 Contributions - Nathan Gregg Caplin_01-13-2015.xls
spreadsheet    10679  wayback_financialreports/1 5 2015 Contributions - Paul Van Dam_01-08-2015.xls
spreadsheet     1189  wayback_financialreports/1 5 2015 Contributions - Tom Durrant_01-07-2015.xls
spreadsheet      176  wayback_financialreports/1 5 2015 Contributions-Scott P Robison_01-07-2015.xls
spreadsheet      594  wayback_financialreports/1 5 2015 Contrubutions_ LaRene Cox_01-07-2015.xls
spreadsheet      430  wayback_financialreports/1 5 2015 Expeditures_LaRene Cox_01-07-2015.xls
spreadsheet     2669  wayback_financialreports/1 5 2015 Expenditures - Brock Belnap_01-13-2015.xls
spreadsheet      391  wayback_financialreports/1 5 2015 Expenditures - Chris White_01-08-2015.xls
spreadsheet     1140  wayback_financialreports/1 5 2015 Expenditures - Cory C Pulsipher_01-07-2015.xls
spreadsheet      220  wayback_financialreports/1 5 2015 Expenditures - David A Whitehead_01-07-2015.xls
spreadsheet      239  wayback_financialreports/1 5 2015 Expenditures - David B Stirland_01-07-2015.xls
spreadsheet      209  wayback_financialreports/1 5 2015 Expenditures - Kelly Blake_01-07-2015.xls
spreadsheet      209  wayback_financialreports/1 5 2015 Expenditures - Kelly Blake_01-07-2015~2.xls
spreadsheet      213  wayback_financialreports/1 5 2015 Expenditures - Kim M Hafen_01-07-2015.xls
spreadsheet      213  wayback_financialreports/1 5 2015 Expenditures - Kim M Hafen_01-07-2015~2.xls
spreadsheet      237  wayback_financialreports/1 5 2015 Expenditures - Laura Hesson_01-07-2015.xls
spreadsheet     3367  wayback_financialreports/1 5 2015 Expenditures - Nathan Gregg Caplin_01-13-2015.xls
spreadsheet     3367  wayback_financialreports/1 5 2015 Expenditures - Nathan Gregg Caplin_01-13-2015~2.xls
spreadsheet     7146  wayback_financialreports/1 5 2015 Expenditures - Paul Van Dam_01-08-2015.xls
spreadsheet     7146  wayback_financialreports/1 5 2015 Expenditures - Paul Van Dam_01-08-2015~2.xls
spreadsheet     1221  wayback_financialreports/1 5 2015 Expenditures - Tom Durrant_01-07-2015.xls
spreadsheet      242  wayback_financialreports/1 5 2015 Expenditures-Scott P Robison_01-07-2015.xls
spreadsheet      242  wayback_financialreports/1 5 2015 Expenditures-Scott P Robison_01-07-2015~2.xls
spreadsheet      337  wayback_financialreports/1 5 2015 Summary - Brock Belnap_01-13-2015.xls
spreadsheet      337  wayback_financialreports/1 5 2015 Summary - Brock Belnap_01-13-2015~2.xls
spreadsheet      317  wayback_financialreports/1 5 2015 Summary - Chris White_01-08-2015.xls
spreadsheet      325  wayback_financialreports/1 5 2015 Summary - Cory C Pulsipher_01-07-2015.xls
spreadsheet      325  wayback_financialreports/1 5 2015 Summary - Cory C Pulsipher_01-07-2015~2.xls
spreadsheet      289  wayback_financialreports/1 5 2015 Summary - David A Whitehead_01-07-2015.xls
spreadsheet      289  wayback_financialreports/1 5 2015 Summary - David A Whitehead_01-07-2015~2.xls
spreadsheet      298  wayback_financialreports/1 5 2015 Summary - David B Stirland_01-07-2015.xls
spreadsheet      284  wayback_financialreports/1 5 2015 Summary - Kelly Blake_01-07-2015.xls
spreadsheet      284  wayback_financialreports/1 5 2015 Summary - Kelly Blake_01-07-2015~2.xls
spreadsheet      287  wayback_financialreports/1 5 2015 Summary - Kim M Hafen_01-07-2015.xls
spreadsheet      287  wayback_financialreports/1 5 2015 Summary - Kim M Hafen_01-07-2015~2.xls
spreadsheet      292  wayback_financialreports/1 5 2015 Summary - Laura Hesson_01-07-2015.xls
spreadsheet      335  wayback_financialreports/1 5 2015 Summary - Nathan Gregg Caplin_01-13-2015.xls
spreadsheet      335  wayback_financialreports/1 5 2015 Summary - Nathan Gregg Caplin_01-13-2015~2.xls
spreadsheet      347  wayback_financialreports/1 5 2015 Summary - Paul Van Dam_01-08-2015.xls
spreadsheet      347  wayback_financialreports/1 5 2015 Summary - Paul Van Dam_01-08-2015~2.xls
spreadsheet      330  wayback_financialreports/1 5 2015 Summary - Tom Durrant_01-07-2015.xls
spreadsheet      288  wayback_financialreports/1 5 2015 Summary-Scott P Robison_01-07-2015.xls
spreadsheet      288  wayback_financialreports/1 5 2015 Summary-Scott P Robison_01-07-2015~2.xls
spreadsheet      307  wayback_financialreports/1 5 2015 Summary_LaRene Cox_01-07-2015.xls
spreadsheet      307  wayback_financialreports/1 5 2015 Summary_LaRene Cox_01-07-2015~2.xls
spreadsheet      801  wayback_financialreports/10 28 2014 Contributions - Brent Holloway_10-27-2014.xls
spreadsheet      801  wayback_financialreports/10 28 2014 Contributions - Brent Holloway_10-27-2014~2.xls
spreadsheet     3578  wayback_financialreports/10 28 2014 Contributions - Brock Belnap_10-29-2014.xls
spreadsheet     3578  wayback_financialreports/10 28 2014 Contributions - Brock Belnap_10-29-2014~2.xls
spreadsheet      359  wayback_financialreports/10 28 2014 Contributions - Chris White_10-28-2014.xls
spreadsheet      452  wayback_financialreports/10 28 2014 Contributions - Cory C Pulsipher_10-21-2014.xls
spreadsheet      452  wayback_financialreports/10 28 2014 Contributions - Cory C Pulsipher_10-21-2014~2.xls
spreadsheet      173  wayback_financialreports/10 28 2014 Contributions - David A Whitehead_10-22-2014.xls
spreadsheet      173  wayback_financialreports/10 28 2014 Contributions - David A Whitehead_10-22-2014~2.xls
spreadsheet      228  wayback_financialreports/10 28 2014 Contributions - David B Stirland_10-22-2014.xls
spreadsheet     1078  wayback_financialreports/10 28 2014 Contributions - David Miller_10-17-2014.xls
spreadsheet     1078  wayback_financialreports/10 28 2014 Contributions - David Miller_10-17-2014~2.xls
spreadsheet      175  wayback_financialreports/10 28 2014 Contributions - Eileen McKell_10-23-2014.xls
spreadsheet      175  wayback_financialreports/10 28 2014 Contributions - Eileen McKell_10-23-2014~2.xls
spreadsheet      173  wayback_financialreports/10 28 2014 Contributions - Kelly Blake_10-24-2014.xls
spreadsheet      181  wayback_financialreports/10 28 2014 Contributions - Kim M Hafen_10-17-2014.xls
spreadsheet      181  wayback_financialreports/10 28 2014 Contributions - Kim M Hafen_10-17-2014~2.xls
spreadsheet      174  wayback_financialreports/10 28 2014 Contributions - Laura Hesson_10-27-2014.xls
spreadsheet      174  wayback_financialreports/10 28 2014 Contributions - Laura Hesson_10-27-2014~2.xls
spreadsheet     5835  wayback_financialreports/10 28 2014 Contributions - Nathan Gregg Caplin_10-29-2014.xls
spreadsheet    10090  wayback_financialreports/10 28 2014 Contributions - Paul Van Dam_10-28-2014.xls
spreadsheet    10090  wayback_financialreports/10 28 2014 Contributions - Paul Van Dam_10-28-2014~2.xls
spreadsheet      177  wayback_financialreports/10 28 2014 Contributions - Peato (Pat) L Ena_10-22-2014.xls
spreadsheet      177  wayback_financialreports/10 28 2014 Contributions - Peato (Pat) L Ena_10-22-2014~2.xls
spreadsheet      170  wayback_financialreports/10 28 2014 Contributions - Russell Shirts_10-23-2014.xls
spreadsheet     1189  wayback_financialreports/10 28 2014 Contributions - Tom Durrant_10-17-2014.xls
spreadsheet      670  wayback_financialreports/10 28 2014 Contributions - Victor Iverson_10-28-2014.xls
spreadsheet      800  wayback_financialreports/10 28 2014 Contributions - Zachary Renstrom_10-23-2014.xls
spreadsheet      800  wayback_financialreports/10 28 2014 Contributions - Zachary Renstrom_10-23-2014~2.xls
spreadsheet      176  wayback_financialreports/10 28 2014 Contributions-Scott P Robison_10-22-2014.xls
spreadsheet      507  wayback_financialreports/10 28 2014 Contrubutions_ LaRene Cox_10-22-2014.xls
spreadsheet      507  wayback_financialreports/10 28 2014 Contrubutions_ LaRene Cox_10-22-2014~2.xls
spreadsheet      357  wayback_financialreports/10 28 2014 Expeditures_LaRene Cox_10-22-2014.xls
spreadsheet      357  wayback_financialreports/10 28 2014 Expeditures_LaRene Cox_10-22-2014~2.xls
spreadsheet      595  wayback_financialreports/10 28 2014 Expenditures - Brent Holloway_10-27-2014.xls
spreadsheet     1929  wayback_financialreports/10 28 2014 Expenditures - Brock Belnap_10-29-2014.xls
spreadsheet     1929  wayback_financialreports/10 28 2014 Expenditures - Brock Belnap_10-29-2014~2.xls
spreadsheet      251  wayback_financialreports/10 28 2014 Expenditures - Chris White_10-28-2014.xls
spreadsheet      251  wayback_financialreports/10 28 2014 Expenditures - Chris White_10-28-2014~2.xls
spreadsheet     1051  wayback_financialreports/10 28 2014 Expenditures - Cory C Pulsipher_10-21-2014.xls
spreadsheet      220  wayback_financialreports/10 28 2014 Expenditures - David A Whitehead_10-22-2014.xls
spreadsheet      220  wayback_financialreports/10 28 2014 Expenditures - David A Whitehead_10-22-2014~2.xls
spreadsheet      239  wayback_financialreports/10 28 2014 Expenditures - David B Stirland_10-22-2014.xls
spreadsheet      239  wayback_financialreports/10 28 2014 Expenditures - David B Stirland_10-22-2014~2.xls
spreadsheet      898  wayback_financialreports/10 28 2014 Expenditures - David Miller_10-17-2014.xls
spreadsheet      414  wayback_financialreports/10 28 2014 Expenditures - Eileen McKell_10-23-2014.xls
spreadsheet      414  wayback_financialreports/10 28 2014 Expenditures - Eileen McKell_10-23-2014~2.xls
spreadsheet      209  wayback_financialreports/10 28 2014 Expenditures - Kelly Blake_10-24-2014.xls
spreadsheet      209  wayback_financialreports/10 28 2014 Expenditures - Kelly Blake_10-24-2014~2.xls
spreadsheet      213  wayback_financialreports/10 28 2014 Expenditures - Kim M Hafen_10-17-2014.xls
spreadsheet      210  wayback_financialreports/10 28 2014 Expenditures - Laura Hesson_10-27-2014.xls
spreadsheet      210  wayback_financialreports/10 28 2014 Expenditures - Laura Hesson_10-27-2014~2.xls
spreadsheet     3367  wayback_financialreports/10 28 2014 Expenditures - Nathan Gregg Caplin_10-29-2014.xls
spreadsheet     3367  wayback_financialreports/10 28 2014 Expenditures - Nathan Gregg Caplin_10-29-2014~2.xls
spreadsheet     5824  wayback_financialreports/10 28 2014 Expenditures - Paul Van Dam_10-28-2014.xls
spreadsheet      213  wayback_financialreports/10 28 2014 Expenditures - Peato (Pat) L Ena_10-22-2014.xls
spreadsheet      213  wayback_financialreports/10 28 2014 Expenditures - Peato (Pat) L Ena_10-22-2014~2.xls
spreadsheet      217  wayback_financialreports/10 28 2014 Expenditures - Russell Shirts_10-23-2014.xls
spreadsheet      217  wayback_financialreports/10 28 2014 Expenditures - Russell Shirts_10-23-2014~2.xls
spreadsheet     1221  wayback_financialreports/10 28 2014 Expenditures - Tom Durrant_10-17-2014.xls
spreadsheet     1523  wayback_financialreports/10 28 2014 Expenditures - Victor Iverson_10-28-2014.xls
spreadsheet     1523  wayback_financialreports/10 28 2014 Expenditures - Victor Iverson_10-28-2014~2.xls
spreadsheet     1045  wayback_financialreports/10 28 2014 Expenditures - Zachary Renstrom_10-23-2014.xls
spreadsheet     1045  wayback_financialreports/10 28 2014 Expenditures - Zachary Renstrom_10-23-2014~2.xls
spreadsheet      242  wayback_financialreports/10 28 2014 Expenditures-Scott P Robison_10-22-2014.xls
spreadsheet      280  wayback_financialreports/10 28 2014 Summary - Brent Holloway_10-27-2014.xls
spreadsheet      280  wayback_financialreports/10 28 2014 Summary - Brent Holloway_10-27-2014~2.xls
spreadsheet      314  wayback_financialreports/10 28 2014 Summary - Brock Belnap_10-29-2014.xls
spreadsheet      314  wayback_financialreports/10 28 2014 Summary - Brock Belnap_10-29-2014~2.xls
spreadsheet      294  wayback_financialreports/10 28 2014 Summary - Chris White_10-28-2014.xls
spreadsheet      300  wayback_financialreports/10 28 2014 Summary - Cory C Pulsipher_10-21-2014.xls
spreadsheet      300  wayback_financialreports/10 28 2014 Summary - Cory C Pulsipher_10-21-2014~2.xls
spreadsheet      272  wayback_financialreports/10 28 2014 Summary - David A Whitehead_10-22-2014.xls
spreadsheet      272  wayback_financialreports/10 28 2014 Summary - David A Whitehead_10-22-2014~2.xls
spreadsheet      282  wayback_financialreports/10 28 2014 Summary - David B Stirland_10-22-2014.xls
spreadsheet      292  wayback_financialreports/10 28 2014 Summary - David Miller_10-17-2014.xls
spreadsheet      292  wayback_financialreports/10 28 2014 Summary - David Miller_10-17-2014~2.xls
spreadsheet      288  wayback_financialreports/10 28 2014 Summary - Eileen McKell_10-23-2014.xls
spreadsheet      288  wayback_financialreports/10 28 2014 Summary - Eileen McKell_10-23-2014~2.xls
spreadsheet      268  wayback_financialreports/10 28 2014 Summary - Kelly Blake_10-24-2014.xls
spreadsheet      270  wayback_financialreports/10 28 2014 Summary - Kim M Hafen_10-17-2014.xls
spreadsheet      270  wayback_financialreports/10 28 2014 Summary - Kim M Hafen_10-17-2014~2.xls
spreadsheet      269  wayback_financialreports/10 28 2014 Summary - Laura Hesson_10-27-2014.xls
spreadsheet      269  wayback_financialreports/10 28 2014 Summary - Laura Hesson_10-27-2014~2.xls
spreadsheet      316  wayback_financialreports/10 28 2014 Summary - Nathan Gregg Caplin_10-29-2014.xls
spreadsheet      307  wayback_financialreports/10 28 2014 Summary - Paul Van Dam_10-28-2014.xls
spreadsheet      307  wayback_financialreports/10 28 2014 Summary - Paul Van Dam_10-28-2014~2.xls
spreadsheet      273  wayback_financialreports/10 28 2014 Summary - Peato (Pat) L Ena_10-22-2014.xls
spreadsheet      273  wayback_financialreports/10 28 2014 Summary - Peato (Pat) L Ena_10-22-2014~2.xls
spreadsheet      269  wayback_financialreports/10 28 2014 Summary - Russell Shirts_10-23-2014.xls
spreadsheet      312  wayback_financialreports/10 28 2014 Summary - Tom Durrant_10-17-2014.xls
spreadsheet      312  wayback_financialreports/10 28 2014 Summary - Tom Durrant_10-17-2014~2.xls
spreadsheet      302  wayback_financialreports/10 28 2014 Summary - Victor Iverson_10-28-2014.xls
spreadsheet      302  wayback_financialreports/10 28 2014 Summary - Victor Iverson_10-28-2014~2.xls
spreadsheet      307  wayback_financialreports/10 28 2014 Summary - Zachary Renstrom_10-23-2014.xls
spreadsheet      269  wayback_financialreports/10 28 2014 Summary-Scott P Robison_10-22-2014.xls
spreadsheet      269  wayback_financialreports/10 28 2014 Summary-Scott P Robison_10-22-2014~2.xls
spreadsheet      281  wayback_financialreports/10 28 2014 Summary_LaRene Cox_10-22-2014.xls
spreadsheet      281  wayback_financialreports/10 28 2014 Summary_LaRene Cox_10-22-2014~2.xls
spreadsheet      379  wayback_financialreports/4 4 2001 Expenditures - Mark Boyer_04-04-2014.xls
spreadsheet      379  wayback_financialreports/4 4 2001 Expenditures - Mark Boyer_04-04-2014~2.xls
spreadsheet      241  wayback_financialreports/4 4 2001 Summary - James J Eardley_04-04-2014.xls
spreadsheet      241  wayback_financialreports/4 4 2001 Summary - James J Eardley_04-04-2014~2.xls
spreadsheet      415  wayback_financialreports/4 4 2014 Contributions - Brock Belnap_04-04-2014.xls
spreadsheet      204  wayback_financialreports/4 4 2014 Contributions - Chet R Hughes_04-04-2014.xls
spreadsheet      204  wayback_financialreports/4 4 2014 Contributions - Chet R Hughes_04-04-2014~2.xls
spreadsheet      205  wayback_financialreports/4 4 2014 Contributions - Chris White_04-04-2014.xls
spreadsheet      205  wayback_financialreports/4 4 2014 Contributions - Chris White_04-04-2014~2.xls
spreadsheet      297  wayback_financialreports/4 4 2014 Contributions - Cory C Pulsipher_04-04-2014.xls
spreadsheet      183  wayback_financialreports/4 4 2014 Contributions - D Christopher Isom_04-04-2014.xls
spreadsheet      183  wayback_financialreports/4 4 2014 Contributions - D Christopher Isom_04-04-2014~2.xls
spreadsheet      215  wayback_financialreports/4 4 2014 Contributions - Daniel D McArthur_04-04-2014.xls
spreadsheet      215  wayback_financialreports/4 4 2014 Contributions - Daniel D McArthur_04-04-2014~2.xls
spreadsheet      183  wayback_financialreports/4 4 2014 Contributions - David A Whitehead_04-04-2014.xls
spreadsheet     1040  wayback_financialreports/4 4 2014 Contributions - David Miller_04-04-2014.xls
spreadsheet     1040  wayback_financialreports/4 4 2014 Contributions - David Miller_04-04-2014~2.xls
spreadsheet      184  wayback_financialreports/4 4 2014 Contributions - Greg Aldred_04-04-2014.xls
spreadsheet      184  wayback_financialreports/4 4 2014 Contributions - Greg Aldred_04-04-2014~2.xls
spreadsheet      187  wayback_financialreports/4 4 2014 Contributions - James J Eardley_04-04-2014.xls
spreadsheet      191  wayback_financialreports/4 4 2014 Contributions - Kim M Hafen_04-04-2014.xls
spreadsheet      191  wayback_financialreports/4 4 2014 Contributions - Kim M Hafen_04-04-2014~2.xls
spreadsheet      183  wayback_financialreports/4 4 2014 Contributions - Mark Boyer_04-04-2014.xls
spreadsheet      183  wayback_financialreports/4 4 2014 Contributions - Mark Boyer_04-04-2014~2.xls
spreadsheet      390  wayback_financialreports/4 4 2014 Contributions - Nathan Grergg Caplin_04-04-2014.xls
spreadsheet      180  wayback_financialreports/4 4 2014 Contributions - Russell Shirts_04-04-2014.xls
spreadsheet      185  wayback_financialreports/4 4 2014 Contributions - Slade Hughes_04-04-2014.xls
spreadsheet      185  wayback_financialreports/4 4 2014 Contributions - Slade Hughes_04-04-2014~2.xls
spreadsheet      909  wayback_financialreports/4 4 2014 Contributions - Tom Durrant_04-04-2014.xls
spreadsheet      909  wayback_financialreports/4 4 2014 Contributions - Tom Durrant_04-04-2014~2.xls
spreadsheet      269  wayback_financialreports/4 4 2014 Contributions - Victor Iverson_04-04-2014.xls
spreadsheet      309  wayback_financialreports/4 4 2014 Contributions - Zachary Renstrom_04-04-2014.xls
spreadsheet      309  wayback_financialreports/4 4 2014 Contributions - Zachary Renstrom_04-04-2014~2.xls
spreadsheet      573  wayback_financialreports/4 4 2014 Expenditures - Brock Belnap_04-04-2014.xls
spreadsheet      573  wayback_financialreports/4 4 2014 Expenditures - Brock Belnap_04-04-2014~2.xls
spreadsheet      232  wayback_financialreports/4 4 2014 Expenditures - Chet R Hughes_04-04-2014.xls
spreadsheet      233  wayback_financialreports/4 4 2014 Expenditures - Chris White_04-04-2014.xls
spreadsheet      233  wayback_financialreports/4 4 2014 Expenditures - Chris White_04-04-2014~2.xls
spreadsheet      508  wayback_financialreports/4 4 2014 Expenditures - Cory C Pulsipher_04-04-2014.xls
spreadsheet      508  wayback_financialreports/4 4 2014 Expenditures - Cory C Pulsipher_04-04-2014~2.xls
spreadsheet      319  wayback_financialreports/4 4 2014 Expenditures - D Christopher Isom_04-04-2014.xls
spreadsheet      323  wayback_financialreports/4 4 2014 Expenditures - Daniel D McArthur_04-04-2014.xls
spreadsheet      323  wayback_financialreports/4 4 2014 Expenditures - Daniel D McArthur_04-04-2014~2.xls
spreadsheet      230  wayback_financialreports/4 4 2014 Expenditures - David A Whitehead_04-04-2014.xls
spreadsheet      230  wayback_financialreports/4 4 2014 Expenditures - David A Whitehead_04-04-2014~2.xls
spreadsheet      542  wayback_financialreports/4 4 2014 Expenditures - David Miller_04-04-2014.xls
spreadsheet      535  wayback_financialreports/4 4 2014 Expenditures - Greg Aldred_04-04-2014.xls
spreadsheet      535  wayback_financialreports/4 4 2014 Expenditures - Greg Aldred_04-04-2014~2.xls
spreadsheet      278  wayback_financialreports/4 4 2014 Expenditures - James J Eardley_04-04-2014.xls
spreadsheet      278  wayback_financialreports/4 4 2014 Expenditures - James J Eardley_04-04-2014~2.xls
spreadsheet      223  wayback_financialreports/4 4 2014 Expenditures - Kim M Hafen_04-04-2014.xls
spreadsheet      617  wayback_financialreports/4 4 2014 Expenditures - Nathan Gregg Caplin_04-04-2014.xls
spreadsheet      617  wayback_financialreports/4 4 2014 Expenditures - Nathan Gregg Caplin_04-04-2014~2.xls
spreadsheet      227  wayback_financialreports/4 4 2014 Expenditures - Russell Shirts_04-04-2014.xls
spreadsheet      227  wayback_financialreports/4 4 2014 Expenditures - Russell Shirts_04-04-2014~2.xls
spreadsheet      232  wayback_financialreports/4 4 2014 Expenditures - Slade Hughes_04-04-2014.xls
spreadsheet      974  wayback_financialreports/4 4 2014 Expenditures - Tom Durrant_04-04-2014.xls
spreadsheet      974  wayback_financialreports/4 4 2014 Expenditures - Tom Durrant_04-04-2014~2.xls
spreadsheet      620  wayback_financialreports/4 4 2014 Expenditures - Victor Iverson_04-04-2014.xls
spreadsheet      620  wayback_financialreports/4 4 2014 Expenditures - Victor Iverson_04-04-2014~2.xls
spreadsheet      546  wayback_financialreports/4 4 2014 Expenditures - Zachary Renstrom_04-04-2014.xls
spreadsheet      242  wayback_financialreports/4 4 2014 Summary - Brock Belnap_04-04-2014.xls
spreadsheet      242  wayback_financialreports/4 4 2014 Summary - Brock Belnap_04-04-2014~2.xls
spreadsheet      239  wayback_financialreports/4 4 2014 Summary - Chet R Hughes_04-04-2014.xls
spreadsheet      239  wayback_financialreports/4 4 2014 Summary - Chet R Hughes_04-04-2014~2.xls
spreadsheet      245  wayback_financialreports/4 4 2014 Summary - Chris White_04-04-2014.xls
spreadsheet      247  wayback_financialreports/4 4 2014 Summary - Cory C Pulsipher_04-04-2014.xls
spreadsheet      247  wayback_financialreports/4 4 2014 Summary - Cory C Pulsipher_04-04-2014~2.xls
spreadsheet      237  wayback_financialreports/4 4 2014 Summary - D Christopher Isom_04-04-2014.xls
spreadsheet      237  wayback_financialreports/4 4 2014 Summary - D Christopher Isom_04-04-2014~2.xls
spreadsheet      250  wayback_financialreports/4 4 2014 Summary - Daniel D McArthur_04-04-2014.xls
spreadsheet      237  wayback_financialreports/4 4 2014 Summary - David A Whitehead_04-04-2014.xls
spreadsheet      237  wayback_financialreports/4 4 2014 Summary - David A Whitehead_04-04-2014~2.xls
spreadsheet      240  wayback_financialreports/4 4 2014 Summary - David Miller_04-04-2014.xls
spreadsheet      240  wayback_financialreports/4 4 2014 Summary - David Miller_04-04-2014~2.xls
spreadsheet      246  wayback_financialreports/4 4 2014 Summary - Greg Aldred_04-04-2014.xls
spreadsheet      235  wayback_financialreports/4 4 2014 Summary - Kim M Hafen_04-04-2014.xls
spreadsheet      235  wayback_financialreports/4 4 2014 Summary - Kim M Hafen_04-04-2014~2.xls
spreadsheet      243  wayback_financialreports/4 4 2014 Summary - Mark Boyer_04-04-2014.xls
spreadsheet      243  wayback_financialreports/4 4 2014 Summary - Mark Boyer_04-04-2014~2.xls
spreadsheet      249  wayback_financialreports/4 4 2014 Summary - Nathan Gregg Caplin_04-04-2014.xls
spreadsheet      234  wayback_financialreports/4 4 2014 Summary - Russell Shirts_04-04-2014.xls
spreadsheet      234  wayback_financialreports/4 4 2014 Summary - Russell Shirts_04-04-2014~2.xls
spreadsheet      239  wayback_financialreports/4 4 2014 Summary - Slade Hughes_04-04-2014.xls
spreadsheet      239  wayback_financialreports/4 4 2014 Summary - Slade Hughes_04-04-2014~2.xls
spreadsheet      242  wayback_financialreports/4 4 2014 Summary - Tom Durrant_04-04-2014.xls
spreadsheet      251  wayback_financialreports/4 4 2014 Summary - Victor Iverson_04-04-2014.xls
spreadsheet      251  wayback_financialreports/4 4 2014 Summary - Victor Iverson_04-04-2014~2.xls
spreadsheet      252  wayback_financialreports/4 4 2014 Summary - Zachary Renstrom_04-04-2014.xls
spreadsheet      252  wayback_financialreports/4 4 2014 Summary - Zachary Renstrom_04-04-2014~2.xls
spreadsheet      186  wayback_financialreports/4 4 2014-Contributions - Hank Kodele_04-04-2014.xls
spreadsheet      308  wayback_financialreports/4 4 2014-Expenditures - Hank Kodele_04-04-2014.xls
spreadsheet      308  wayback_financialreports/4 4 2014-Expenditures - Hank Kodele_04-04-2014~2.xls
spreadsheet      236  wayback_financialreports/4 4 2014-Summary - Hank Kodele_04-04-2014.xls
spreadsheet      236  wayback_financialreports/4 4 2014-Summary - Hank Kodele_04-04-2014~2.xls
spreadsheet      228  wayback_financialreports/5 15 2014 Contributions - Brent Holloway_05-05-2014.xls
spreadsheet      180  wayback_financialreports/5 15 2014 Contributions - David S Eves_05-06-2014.xls
spreadsheet      180  wayback_financialreports/5 15 2014 Contributions - David S Eves_05-06-2014~2.xls
spreadsheet      180  wayback_financialreports/5 15 2014 Contributions - David S Eves_05-08-2014.xls
spreadsheet      180  wayback_financialreports/5 15 2014 Contributions - David S Eves_05-08-2014~2.xls
spreadsheet      175  wayback_financialreports/5 15 2014 Contributions - Eileen McKell_05-14-2014.xls
spreadsheet      173  wayback_financialreports/5 15 2014 Contributions - Kelly Blake_05-08-2014.xls
spreadsheet      173  wayback_financialreports/5 15 2014 Contributions - Kelly Blake_05-08-2014~2.xls
spreadsheet      177  wayback_financialreports/5 15 2014 Contributions - Laura Hesson_05-09-2014.xls
spreadsheet      177  wayback_financialreports/5 15 2014 Contributions - Laura Hesson_05-09-2014~2.xls
spreadsheet      177  wayback_financialreports/5 15 2014 Contributions - Peato (Pat) L Ena_05-12-2014.xls
spreadsheet      173  wayback_financialreports/5 15 2014 Contributions-LaRene L_05-05-2014. Cox.pdf
spreadsheet      173  wayback_financialreports/5 15 2014 Contributions-LaRene L_05-05-2014. Cox~2.pdf
spreadsheet      176  wayback_financialreports/5 15 2014 Contributions-Scott P Robison_05-06-2014.xls
spreadsheet      176  wayback_financialreports/5 15 2014 Contributions-Scott P Robison_05-06-2014~2.xls
spreadsheet      220  wayback_financialreports/5 15 2014 Expenditures - Brent Holloway_05-05-2014.xls
spreadsheet      216  wayback_financialreports/5 15 2014 Expenditures - David S Eves_05-06-2014.xls
spreadsheet      216  wayback_financialreports/5 15 2014 Expenditures - David S Eves_05-06-2014~2.xls
spreadsheet      216  wayback_financialreports/5 15 2014 Expenditures - David S Eves_05-08-2014.xls
spreadsheet      216  wayback_financialreports/5 15 2014 Expenditures - David S Eves_05-08-2014~2.xls
spreadsheet      243  wayback_financialreports/5 15 2014 Expenditures - Eileen McKell_05-14-2014.xls
spreadsheet      209  wayback_financialreports/5 15 2014 Expenditures - Kelly Blake_05-08-2014.xls
spreadsheet      209  wayback_financialreports/5 15 2014 Expenditures - Kelly Blake_05-08-2014~2.xls
spreadsheet      210  wayback_financialreports/5 15 2014 Expenditures - Laura Hesson_05-09-2014.xls
spreadsheet      210  wayback_financialreports/5 15 2014 Expenditures - Laura Hesson_05-09-2014~2.xls
spreadsheet      213  wayback_financialreports/5 15 2014 Expenditures - Peato (Pat) L Ena_05-12-2014.xls
spreadsheet      213  wayback_financialreports/5 15 2014 Expenditures - Peato (Pat) L Ena_05-12-2014~2.xls
spreadsheet      210  wayback_financialreports/5 15 2014 Expenditures-LaRene L_05-05-2014. Cox.pdf
spreadsheet      210  wayback_financialreports/5 15 2014 Expenditures-LaRene L_05-05-2014. Cox~2.pdf
spreadsheet      212  wayback_financialreports/5 15 2014 Expenditures-Scott P Robison_05-06-2014.xls
spreadsheet      212  wayback_financialreports/5 15 2014 Expenditures-Scott P Robison_05-06-2014~2.xls
spreadsheet      239  wayback_financialreports/5 15 2014 Summary - Brent Holloway_05-05-2014.xls
spreadsheet      239  wayback_financialreports/5 15 2014 Summary - Brent Holloway_05-05-2014~2.xls
spreadsheet      234  wayback_financialreports/5 15 2014 Summary - David S Eves_05-06-2014.xls
spreadsheet      234  wayback_financialreports/5 15 2014 Summary - David S Eves_05-06-2014~2.xls
spreadsheet      234  wayback_financialreports/5 15 2014 Summary - David S Eves_05-08-2014.xls
spreadsheet      234  wayback_financialreports/5 15 2014 Summary - David S Eves_05-08-2014~2.xls
spreadsheet      242  wayback_financialreports/5 15 2014 Summary - Eileen McKell_05-14-2014.xls
spreadsheet      242  wayback_financialreports/5 15 2014 Summary - Eileen McKell_05-14-2014~2.xls
spreadsheet      242  wayback_financialreports/5 15 2014 Summary - Eileen McKell_05-14-2014~3.xls
spreadsheet      234  wayback_financialreports/5 15 2014 Summary - Kelly Blake_05-08-2014.xls
spreadsheet      234  wayback_financialreports/5 15 2014 Summary - Kelly Blake_05-08-2014~2.xls
spreadsheet      235  wayback_financialreports/5 15 2014 Summary - Laura Hesson_05-09-2014.xls
spreadsheet      235  wayback_financialreports/5 15 2014 Summary - Laura Hesson_05-09-2014~2.xls
spreadsheet      239  wayback_financialreports/5 15 2014 Summary - Peato (Pat) L Ena_05-12-2014.xls
spreadsheet      239  wayback_financialreports/5 15 2014 Summary - Peato (Pat) L Ena_05-12-2014~2.xls
spreadsheet      228  wayback_financialreports/5 15 2014 Summary-LaRene L_05-05-2014. Cox.pdf
spreadsheet      228  wayback_financialreports/5 15 2014 Summary-LaRene L_05-05-2014. Cox~2.pdf
spreadsheet      230  wayback_financialreports/5 15 2014 Summary-Scott P Robison_05-06-2014.xls
spreadsheet      230  wayback_financialreports/5 15 2014 Summary-Scott P Robison_05-06-2014~2.xls
spreadsheet      218  wayback_financialreports/6 17 2014 Contributions - Brent Holloway_06-17-2014.xls
spreadsheet      218  wayback_financialreports/6 17 2014 Contributions - Brent Holloway_06-17-2014~2.xls
spreadsheet     2702  wayback_financialreports/6 17 2014 Contributions - Brock Belnap_06-17-2014.xls
spreadsheet     2702  wayback_financialreports/6 17 2014 Contributions - Brock Belnap_06-17-2014~2.xls
spreadsheet      195  wayback_financialreports/6 17 2014 Contributions - Chris White_06-17-2014.xls
spreadsheet      195  wayback_financialreports/6 17 2014 Contributions - Chris White_06-17-2014~2.xls
spreadsheet      452  wayback_financialreports/6 17 2014 Contributions - Cory C Pulsipher_06-17-2014.xls
spreadsheet      452  wayback_financialreports/6 17 2014 Contributions - Cory C Pulsipher_06-17-2014~2.xls
spreadsheet      173  wayback_financialreports/6 17 2014 Contributions - David A Whitehead_06-17-2014.xls
spreadsheet      173  wayback_financialreports/6 17 2014 Contributions - David A Whitehead_06-17-2014~2.xls
spreadsheet      173  wayback_financialreports/6 17 2014 Contributions - David A Whitehead_06-17-2014~3.xls
spreadsheet      177  wayback_financialreports/6 17 2014 Contributions - David B Stirland_06-17-2014.xls
spreadsheet      177  wayback_financialreports/6 17 2014 Contributions - David B Stirland_06-17-2014~2.xls
spreadsheet     1030  wayback_financialreports/6 17 2014 Contributions - David Miller_06-18-2014.xls
spreadsheet     1030  wayback_financialreports/6 17 2014 Contributions - David Miller_06-18-2014~2.xls
spreadsheet      173  wayback_financialreports/6 17 2014 Contributions - David S Eves_06-11-2014.xls
spreadsheet      173  wayback_financialreports/6 17 2014 Contributions - David S Eves_06-11-2014~2.xls
spreadsheet      175  wayback_financialreports/6 17 2014 Contributions - Eileen McKell_06-09-2014.xls
spreadsheet      175  wayback_financialreports/6 17 2014 Contributions - Eileen McKell_06-09-2014~2.xls
spreadsheet      184  wayback_financialreports/6 17 2014 Contributions - Greg Aldred_05-09-2014.xls
spreadsheet      184  wayback_financialreports/6 17 2014 Contributions - Greg Aldred_05-09-2014~2.xls
spreadsheet      173  wayback_financialreports/6 17 2014 Contributions - Kelly Blake_06-17-2014.xls
spreadsheet      173  wayback_financialreports/6 17 2014 Contributions - Kelly Blake_06-17-2014~2.xls
spreadsheet      173  wayback_financialreports/6 17 2014 Contributions - Kelly Blake_06-17-2014~3.xls
spreadsheet      181  wayback_financialreports/6 17 2014 Contributions - Kim M Hafen_06-09-2014.xls
spreadsheet      181  wayback_financialreports/6 17 2014 Contributions - Kim M Hafen_06-09-2014~2.xls
spreadsheet      174  wayback_financialreports/6 17 2014 Contributions - Laura Hesson_06-13-2014.xls
spreadsheet      174  wayback_financialreports/6 17 2014 Contributions - Laura Hesson_06-13-2014~2.xls
spreadsheet      184  wayback_financialreports/6 17 2014 Contributions - Mark Boyer_05-09-2014.xls
spreadsheet      184  wayback_financialreports/6 17 2014 Contributions - Mark Boyer_05-09-2014~2.xls
spreadsheet      184  wayback_financialreports/6 17 2014 Contributions - Mark Boyer_05-09-2014~3.xls
spreadsheet     5184  wayback_financialreports/6 17 2014 Contributions - Nathan Gregg Caplin_06-17-2014.xls
spreadsheet     5184  wayback_financialreports/6 17 2014 Contributions - Nathan Gregg Caplin_06-17-2014~2.xls
spreadsheet     1699  wayback_financialreports/6 17 2014 Contributions - Paul Van Dam_06-11-2014.xls
spreadsheet     1699  wayback_financialreports/6 17 2014 Contributions - Paul Van Dam_06-11-2014~2.xls
spreadsheet      177  wayback_financialreports/6 17 2014 Contributions - Peato (Pat) L Ena_06-13-2014.xls
spreadsheet      177  wayback_financialreports/6 17 2014 Contributions - Peato (Pat) L Ena_06-13-2014~2.xls
spreadsheet      170  wayback_financialreports/6 17 2014 Contributions - Russell Shirts_06-11-2014.xls
spreadsheet      170  wayback_financialreports/6 17 2014 Contributions - Russell Shirts_06-11-2014~2.xls
spreadsheet     1142  wayback_financialreports/6 17 2014 Contributions - Tom Durrant_06-10-2014.xls
spreadsheet     1142  wayback_financialreports/6 17 2014 Contributions - Tom Durrant_06-10-2014~2.xls
spreadsheet     1142  wayback_financialreports/6 17 2014 Contributions - Tom Durrant_06-10-2014~3.xls
spreadsheet      259  wayback_financialreports/6 17 2014 Contributions - Victor Iverson_06-17-2014.xls
spreadsheet      259  wayback_financialreports/6 17 2014 Contributions - Victor Iverson_06-17-2014~2.xls
spreadsheet      359  wayback_financialreports/6 17 2014 Contributions - Zachary Renstrom_06-11-2014.xls
spreadsheet      359  wayback_financialreports/6 17 2014 Contributions - Zachary Renstrom_06-11-2014~2.xls
spreadsheet      173  wayback_financialreports/6 17 2014 Contributions-LaRene L_06-10-2014. Cox.pdf
spreadsheet      173  wayback_financialreports/6 17 2014 Contributions-LaRene L_06-10-2014. Cox~2.pdf
spreadsheet      176  wayback_financialreports/6 17 2014 Contributions-Scott P Robison_06-11-2014.xls
spreadsheet      176  wayback_financialreports/6 17 2014 Contributions-Scott P Robison_06-11-2014~2.xls
spreadsheet      220  wayback_financialreports/6 17 2014 Expenditures - Brent Holloway_06-17-2014.xls
spreadsheet      220  wayback_financialreports/6 17 2014 Expenditures - Brent Holloway_06-17-2014~2.xls
spreadsheet     1929  wayback_financialreports/6 17 2014 Expenditures - Brock Belnap_06-17-2014.xls
spreadsheet     1929  wayback_financialreports/6 17 2014 Expenditures - Brock Belnap_06-17-2014~2.xls
spreadsheet      223  wayback_financialreports/6 17 2014 Expenditures - Chris White_06-17-2014.xls
spreadsheet      223  wayback_financialreports/6 17 2014 Expenditures - Chris White_06-17-2014~2.xls
spreadsheet      775  wayback_financialreports/6 17 2014 Expenditures - Cory C Pulsipher_06-17-2014.xls
spreadsheet      775  wayback_financialreports/6 17 2014 Expenditures - Cory C Pulsipher_06-17-2014~2.xls
spreadsheet      220  wayback_financialreports/6 17 2014 Expenditures - David A Whitehead_06-17-2014.xls
spreadsheet      220  wayback_financialreports/6 17 2014 Expenditures - David A Whitehead_06-17-2014~2.xls
spreadsheet      213  wayback_financialreports/6 17 2014 Expenditures - David B Stirland_06-17-2014.xls
spreadsheet      213  wayback_financialreports/6 17 2014 Expenditures - David B Stirland_06-17-2014~2.xls
spreadsheet      563  wayback_financialreports/6 17 2014 Expenditures - David Miller_06-18-2014.xls
spreadsheet      563  wayback_financialreports/6 17 2014 Expenditures - David Miller_06-18-2014~2.xls
spreadsheet      209  wayback_financialreports/6 17 2014 Expenditures - David S Eves_06-11-2014.xls
spreadsheet      209  wayback_financialreports/6 17 2014 Expenditures - David S Eves_06-11-2014~2.xls
spreadsheet      209  wayback_financialreports/6 17 2014 Expenditures - David S Eves_06-11-2014~3.xls
spreadsheet      243  wayback_financialreports/6 17 2014 Expenditures - Eileen McKell_06-09-2014.xls
spreadsheet      243  wayback_financialreports/6 17 2014 Expenditures - Eileen McKell_06-09-2014~2.xls
spreadsheet      744  wayback_financialreports/6 17 2014 Expenditures - Greg Aldred_05-09-2014.xls
spreadsheet      744  wayback_financialreports/6 17 2014 Expenditures - Greg Aldred_05-09-2014~2.xls
spreadsheet      209  wayback_financialreports/6 17 2014 Expenditures - Kelly Blake_06-17-2014.xls
spreadsheet      209  wayback_financialreports/6 17 2014 Expenditures - Kelly Blake_06-17-2014~2.xls
spreadsheet      213  wayback_financialreports/6 17 2014 Expenditures - Kim M Hafen_06-09-2014.xls
spreadsheet      213  wayback_financialreports/6 17 2014 Expenditures - Kim M Hafen_06-09-2014~2.xls
spreadsheet      210  wayback_financialreports/6 17 2014 Expenditures - Laura Hesson_06-13-2014.xls
spreadsheet      210  wayback_financialreports/6 17 2014 Expenditures - Laura Hesson_06-13-2014~2.xls
spreadsheet      442  wayback_financialreports/6 17 2014 Expenditures - Mark Boyer_05-09-2014.xls
spreadsheet      442  wayback_financialreports/6 17 2014 Expenditures - Mark Boyer_05-09-2014~2.xls
spreadsheet      442  wayback_financialreports/6 17 2014 Expenditures - Mark Boyer_05-09-2014~3.xls
spreadsheet     3045  wayback_financialreports/6 17 2014 Expenditures - Nathan Gregg Caplin_06-17-2014.xls
spreadsheet     3045  wayback_financialreports/6 17 2014 Expenditures - Nathan Gregg Caplin_06-17-2014~2.xls
spreadsheet      865  wayback_financialreports/6 17 2014 Expenditures - Paul Van Dam_06-11-2014.xls
spreadsheet      865  wayback_financialreports/6 17 2014 Expenditures - Paul Van Dam_06-11-2014~2.xls
spreadsheet      213  wayback_financialreports/6 17 2014 Expenditures - Peato (Pat) L Ena_06-13-2014.xls
spreadsheet      213  wayback_financialreports/6 17 2014 Expenditures - Peato (Pat) L Ena_06-13-2014~2.xls
spreadsheet      217  wayback_financialreports/6 17 2014 Expenditures - Russell Shirts_06-11-2014.xls
spreadsheet      217  wayback_financialreports/6 17 2014 Expenditures - Russell Shirts_06-11-2014~2.xls
spreadsheet     1221  wayback_financialreports/6 17 2014 Expenditures - Tom Durrant_06-10-2014.xls
spreadsheet     1221  wayback_financialreports/6 17 2014 Expenditures - Tom Durrant_06-10-2014~2.xls
spreadsheet      610  wayback_financialreports/6 17 2014 Expenditures - Victor Iverson_06-17-2014.xls
spreadsheet      610  wayback_financialreports/6 17 2014 Expenditures - Victor Iverson_06-17-2014~2.xls
spreadsheet      610  wayback_financialreports/6 17 2014 Expenditures - Victor Iverson_06-17-2014~3.xls
spreadsheet      646  wayback_financialreports/6 17 2014 Expenditures - Zachary Renstrom_06-11-2014.xls
spreadsheet      646  wayback_financialreports/6 17 2014 Expenditures - Zachary Renstrom_06-11-2014~2.xls
spreadsheet      210  wayback_financialreports/6 17 2014 Expenditures-LaRene L_06-10-2014. Cox.pdf
spreadsheet      210  wayback_financialreports/6 17 2014 Expenditures-LaRene L_06-10-2014. Cox~2.pdf
spreadsheet      212  wayback_financialreports/6 17 2014 Expenditures-Scott P Robison_06-11-2014.xls
spreadsheet      212  wayback_financialreports/6 17 2014 Expenditures-Scott P Robison_06-11-2014~2.xls
spreadsheet      254  wayback_financialreports/6 17 2014 Summary - Brent Holloway_06-17-2014.xls
spreadsheet      254  wayback_financialreports/6 17 2014 Summary - Brent Holloway_06-17-2014~2.xls
spreadsheet      278  wayback_financialreports/6 17 2014 Summary - Brock Belnap_06-17-2014.xls
spreadsheet      278  wayback_financialreports/6 17 2014 Summary - Brock Belnap_06-17-2014~2.xls
spreadsheet      264  wayback_financialreports/6 17 2014 Summary - Chris White_06-17-2014.xls
spreadsheet      264  wayback_financialreports/6 17 2014 Summary - Chris White_06-17-2014~2.xls
spreadsheet      264  wayback_financialreports/6 17 2014 Summary - Chris White_06-17-2014~3.xls
spreadsheet      276  wayback_financialreports/6 17 2014 Summary - Cory C Pulsipher_06-17-2014.xls
spreadsheet      276  wayback_financialreports/6 17 2014 Summary - Cory C Pulsipher_06-17-2014~2.xls
spreadsheet      254  wayback_financialreports/6 17 2014 Summary - David A Whitehead_06-17-2014.xls
spreadsheet      254  wayback_financialreports/6 17 2014 Summary - David A Whitehead_06-17-2014~2.xls
spreadsheet      255  wayback_financialreports/6 17 2014 Summary - David B Stirland_06-17-2014.xls
spreadsheet      255  wayback_financialreports/6 17 2014 Summary - David B Stirland_06-17-2014~2.xls
spreadsheet      262  wayback_financialreports/6 17 2014 Summary - David Miller_06-18-2014.xls
spreadsheet      262  wayback_financialreports/6 17 2014 Summary - David Miller_06-18-2014~2.xls
spreadsheet      251  wayback_financialreports/6 17 2014 Summary - David S Eves_06-11-2014.xls
spreadsheet      251  wayback_financialreports/6 17 2014 Summary - David S Eves_06-11-2014~2.xls
spreadsheet      260  wayback_financialreports/6 17 2014 Summary - Eileen McKell_06-09-2014.xls
spreadsheet      260  wayback_financialreports/6 17 2014 Summary - Eileen McKell_06-09-2014~2.xls
spreadsheet      260  wayback_financialreports/6 17 2014 Summary - Eileen McKell_06-09-2014~3.xls
spreadsheet      272  wayback_financialreports/6 17 2014 Summary - Greg Aldred_05-09-2014.xls
spreadsheet      272  wayback_financialreports/6 17 2014 Summary - Greg Aldred_05-09-2014~2.xls
spreadsheet      251  wayback_financialreports/6 17 2014 Summary - Kelly Blake_06-17-2014.xls
spreadsheet      251  wayback_financialreports/6 17 2014 Summary - Kelly Blake_06-17-2014~2.xls
spreadsheet      256  wayback_financialreports/6 17 2014 Summary - Kim M Hafen_06-09-2014.xls
spreadsheet      256  wayback_financialreports/6 17 2014 Summary - Kim M Hafen_06-09-2014~2.xls
spreadsheet      252  wayback_financialreports/6 17 2014 Summary - Laura Hesson_06-13-2014.xls
spreadsheet      252  wayback_financialreports/6 17 2014 Summary - Laura Hesson_06-13-2014~2.xls
spreadsheet      269  wayback_financialreports/6 17 2014 Summary - Mark Boyer_05-09-2014.xls
spreadsheet      269  wayback_financialreports/6 17 2014 Summary - Mark Boyer_05-09-2014~2.xls
spreadsheet      282  wayback_financialreports/6 17 2014 Summary - Nathan Gregg Caplin_06-17-2014.xls
spreadsheet      282  wayback_financialreports/6 17 2014 Summary - Nathan Gregg Caplin_06-17-2014~2.xls
spreadsheet      282  wayback_financialreports/6 17 2014 Summary - Nathan Gregg Caplin_06-17-2014~3.xls
spreadsheet      274  wayback_financialreports/6 17 2014 Summary - Paul Van Dam_06-11-2014.xls
spreadsheet      274  wayback_financialreports/6 17 2014 Summary - Paul Van Dam_06-11-2014~2.xls
spreadsheet      256  wayback_financialreports/6 17 2014 Summary - Peato (Pat) L Ena_06-13-2014.xls
spreadsheet      256  wayback_financialreports/6 17 2014 Summary - Peato (Pat) L Ena_06-13-2014~2.xls
spreadsheet      251  wayback_financialreports/6 17 2014 Summary - Russell Shirts_06-11-2014.xls
spreadsheet      270  wayback_financialreports/6 17 2014 Summary - Tom Durrant_06-10-2014.xls
spreadsheet      272  wayback_financialreports/6 17 2014 Summary - Victor Iverson_06-17-2014.xls
spreadsheet      276  wayback_financialreports/6 17 2014 Summary - Zachary Renstrom_06-11-2014.xls
spreadsheet      276  wayback_financialreports/6 17 2014 Summary - Zachary Renstrom_06-11-2014~2.xls
spreadsheet      244  wayback_financialreports/6 17 2014 Summary-LaRene L_06-10-2014. Cox.pdf
spreadsheet      246  wayback_financialreports/6 17 2014 Summary-Scott P Robison_06-11-2014.xls
text             327  wayback_financialreports/Cal Durfey Contributions_04-05-2011.pdf
text             243  wayback_financialreports/Cal Durfey Expenditures_04-05-2011.pdf
text             321  wayback_financialreports/Cal Durfey Local School Board Candidate Summary_04-05-2011.pdf
spreadsheet      189  wayback_financialreports/Contributions - Aaron Randall_01-17-2013.xls
spreadsheet      189  wayback_financialreports/Contributions - Aaron Randall_01-17-2013~2.xls
text             100  wayback_financialreports/Contributions - Aaron Randall_05-14-2012.pdf
spreadsheet      156  wayback_financialreports/Contributions - Aaron Randall_06-21-2012.xls
spreadsheet      156  wayback_financialreports/Contributions - Aaron Randall_08-30-2012.xls
spreadsheet      189  wayback_financialreports/Contributions - Aaron Randall_10-30-2012.xls
text            1251  wayback_financialreports/Contributions - Alan Gardner 6 19 2012_06-13-2012.pdf
text            1038  wayback_financialreports/Contributions - Alan Gardner_03-30-2012.pdf
text            1038  wayback_financialreports/Contributions - Alan Gardner_03-30-2012~2.pdf
spreadsheet     1128  wayback_financialreports/Contributions - Alan Gardner_08-24-2012.xls
spreadsheet     1128  wayback_financialreports/Contributions - Alan Gardner_10-29-2012.xls
spreadsheet     1168  wayback_financialreports/Contributions - Alan Gardner_12-28-2012.xls
text              80  wayback_financialreports/Contributions - Arlin Hughes_03-08-2011.pdf
spreadsheet      195  wayback_financialreports/Contributions - Barbara Beckstrom_01-17-2013.xls
text              87  wayback_financialreports/Contributions - Barbara Beckstrom_05-09-2012.pdf
text              87  wayback_financialreports/Contributions - Barbara Beckstrom_05-09-2012~2.pdf
spreadsheet      147  wayback_financialreports/Contributions - Barbara Beckstrom_06-15-2012.xls
spreadsheet      175  wayback_financialreports/Contributions - Barbara Beckstrom_08-24-2012.xls
spreadsheet      195  wayback_financialreports/Contributions - Barbara Beckstrom_10-31-2012.xls
text             110  wayback_financialreports/Contributions - Brock Belnap_04-05-2011.pdf
spreadsheet     1352  wayback_financialreports/Contributions - Chris White_01-17-2013.xls
text             213  wayback_financialreports/Contributions - Chris White_03-21-2012.pdf
text             213  wayback_financialreports/Contributions - Chris White_03-21-2012~2.pdf
spreadsheet      588  wayback_financialreports/Contributions - Chris White_06-21-2012.xls
spreadsheet      827  wayback_financialreports/Contributions - Chris White_08-31-2012.xls
spreadsheet     1336  wayback_financialreports/Contributions - Chris White_10-29-2012.xls
text            2886  wayback_financialreports/Contributions - Cory Pulsipher_04-05-2011.pdf
text              86  wayback_financialreports/Contributions - Craig Seegmiller_05-07-2012.pdf
spreadsheet      146  wayback_financialreports/Contributions - Craig Seegmiller_06-13-2012.xls
spreadsheet      146  wayback_financialreports/Contributions - Craig Seegmiller_06-13-2012~2.xls
spreadsheet      146  wayback_financialreports/Contributions - Craig Seegmiller_08-24-2012.xls
spreadsheet      146  wayback_financialreports/Contributions - Craig Seegmiller_10-29-2012.xls
spreadsheet      245  wayback_financialreports/Contributions - Craig Seegmiller_12-28-2012.xls
text              83  wayback_financialreports/Contributions - David Whitehead_04-05-2011.pdf
text              84  wayback_financialreports/Contributions - Debbra Zockoll_05-07-2012.pdf
spreadsheet      144  wayback_financialreports/Contributions - Debbra Zockoll_06-14-2012.xls
spreadsheet      144  wayback_financialreports/Contributions - Debbra Zockoll_06-14-2012~2.xls
spreadsheet      144  wayback_financialreports/Contributions - Debbra Zockoll_08-27-2012.xls
spreadsheet      144  wayback_financialreports/Contributions - Debbra Zockoll_10-29-2012.xls
spreadsheet      144  wayback_financialreports/Contributions - Debbra Zockoll_12-28-2012.xls
text             245  wayback_financialreports/Contributions - Greg Aldred_03-08-2011.pdf
text            1288  wayback_financialreports/Contributions - Greg Aldred_03-30-2012.pdf
spreadsheet     1328  wayback_financialreports/Contributions - Greg Aldred_05-01-2012.xls
text             196  wayback_financialreports/Contributions - James Eardley_03-08-2011.pdf
spreadsheet      298  wayback_financialreports/Contributions - Jerry Olson_01-17-2013.xls
spreadsheet      141  wayback_financialreports/Contributions - Jerry Olson_06-15-2012.xls
spreadsheet      141  wayback_financialreports/Contributions - Jerry Olson_08-31-2012.xls
spreadsheet      936  wayback_financialreports/Contributions - Jill Hunt_01-17-2013.xls
text             424  wayback_financialreports/Contributions - Jill Hunt_05-15-2012.pdf
spreadsheet      520  wayback_financialreports/Contributions - Jill Hunt_06-21-2012.xls
spreadsheet      936  wayback_financialreports/Contributions - Jill Hunt_10-31-2012.xls
text             588  wayback_financialreports/Contributions - Kevin Brooks_04-05-2011.pdf
text              81  wayback_financialreports/Contributions - Kim Hafen_04-05-2011.pdf
text            5434  wayback_financialreports/Contributions - Rob Tersigni_04-05-2011.pdf
text              81  wayback_financialreports/Contributions - Russell Shirts_04-05-2011.pdf
text              94  wayback_financialreports/Contributions - Slade Hughes_03-30-2012.pdf
text             171  wayback_financialreports/Contributions - Steven Despain_04-05-2011.pdf
text              83  wayback_financialreports/Contributions- Art Partridge_04-05-2011.pdf
text             182  wayback_financialreports/Contributions- Denny Drake_03-08-2011.pdf
text             205  wayback_financialreports/County Candidate Summary - Aaron Randall_05-14-2012.pdf
text             266  wayback_financialreports/County Candidate Summary - Alan Gardner 6 19 2012_06-13-2012.pdf
text             216  wayback_financialreports/County Candidate Summary - Alan Gardner_03-30-2012.pdf
spreadsheet      310  wayback_financialreports/County Candidate Summary - Alan Gardner_08-24-2012.xls
spreadsheet      335  wayback_financialreports/County Candidate Summary - Alan Gardner_10-29-2012.xls
spreadsheet      360  wayback_financialreports/County Candidate Summary - Alan Gardner_12-28-2012.xls
text             211  wayback_financialreports/County Candidate Summary - Barbara Beckstrom_05-09-2012.pdf
spreadsheet      264  wayback_financialreports/County Candidate Summary - Barbara Beckstrom_06-15-2012.xls
text             327  wayback_financialreports/County Candidate Summary - Brock Belnap_04-05-2011.pdf
spreadsheet      361  wayback_financialreports/County Candidate Summary - Chris White_01-17-2013.xls
text             181  wayback_financialreports/County Candidate Summary - Chris White_03-21-2012.pdf
spreadsheet      310  wayback_financialreports/County Candidate Summary - Chris White_08-31-2012.xls
spreadsheet      342  wayback_financialreports/County Candidate Summary - Chris White_10-29-2012.xls
text             321  wayback_financialreports/County Candidate Summary - David Whitehead_04-05-2011.pdf
text             209  wayback_financialreports/County Candidate Summary - Greg Aldred_03-30-2012.pdf
spreadsheet      277  wayback_financialreports/County Candidate Summary - Greg Aldred_05-01-2012.xls
spreadsheet      258  wayback_financialreports/County Candidate Summary - Jerry Olson_06-15-2012.xls
text             210  wayback_financialreports/County Candidate Summary - Jill Hunt_05-15-2012.pdf
spreadsheet      271  wayback_financialreports/County Candidate Summary - Jill Hunt_06-21-2012.xls
text             310  wayback_financialreports/County Candidate Summary - Kevin Brooks_04-05-2011.pdf
text             319  wayback_financialreports/County Candidate Summary - Kim Hafen_04-05-2011.pdf
text             325  wayback_financialreports/County Candidate Summary - Russell Shirts_04-05-2011.pdf
text             219  wayback_financialreports/County Candidate Summary - Slade Hughes_03-08-2011.pdf
text             202  wayback_financialreports/County Candidate Summary - Slade Hughes_03-30-2012.pdf
text             209  wayback_financialreports/County Candidate Summary - Steven Despain_04-05-2011.pdf
text             327  wayback_financialreports/County Candidate Summary- Art Partridge_04-05-2011.pdf
text              97  wayback_financialreports/Dale Ure Contributions_03-08-2011.pdf
text              89  wayback_financialreports/Dale Ure Expenditures_03-08-2011.pdf
spreadsheet      328  wayback_financialreports/Expenditures - Aaron Randall_01-17-2013.xls
text             128  wayback_financialreports/Expenditures - Aaron Randall_05-14-2012.pdf
spreadsheet      179  wayback_financialreports/Expenditures - Aaron Randall_06-21-2012.xls
spreadsheet      328  wayback_financialreports/Expenditures - Aaron Randall_10-30-2012.xls
text            1294  wayback_financialreports/Expenditures - Alan Gardner 6 19 2012_06-13-2012.pdf
text             757  wayback_financialreports/Expenditures - Alan Gardner_03-30-2012.pdf
spreadsheet     1178  wayback_financialreports/Expenditures - Alan Gardner_08-24-2012.xls
spreadsheet     1504  wayback_financialreports/Expenditures - Alan Gardner_10-29-2012.xls
text             127  wayback_financialreports/Expenditures - Arlin Hughes_03-08-2011.pdf
spreadsheet      301  wayback_financialreports/Expenditures - Barbara Beckstrom_01-17-2013.xls
text             131  wayback_financialreports/Expenditures - Barbara Beckstrom_05-09-2012.pdf
spreadsheet      182  wayback_financialreports/Expenditures - Barbara Beckstrom_06-15-2012.xls
spreadsheet      255  wayback_financialreports/Expenditures - Barbara Beckstrom_08-24-2012.xls
text             126  wayback_financialreports/Expenditures - Brock Belnap_04-05-2011.pdf
spreadsheet     1591  wayback_financialreports/Expenditures - Chris White_01-17-2013.xls
text             174  wayback_financialreports/Expenditures - Chris White_03-21-2012.pdf
spreadsheet      629  wayback_financialreports/Expenditures - Chris White_06-21-2012.xls
spreadsheet     1110  wayback_financialreports/Expenditures - Chris White_08-31-2012.xls
text            2508  wayback_financialreports/Expenditures - Cory Pulsipher_04-05-2011.pdf
text             135  wayback_financialreports/Expenditures - Craig Seegmiller_05-07-2012.pdf
spreadsheet      186  wayback_financialreports/Expenditures - Craig Seegmiller_06-13-2012.xls
spreadsheet      186  wayback_financialreports/Expenditures - Craig Seegmiller_08-24-2012.xls
spreadsheet      186  wayback_financialreports/Expenditures - Craig Seegmiller_10-29-2012.xls
text             195  wayback_financialreports/Expenditures - David Whitehead_04-05-2011.pdf
text             133  wayback_financialreports/Expenditures - Debbra Zockoll_05-07-2012.pdf
spreadsheet      184  wayback_financialreports/Expenditures - Debbra Zockoll_06-14-2012.xls
spreadsheet      184  wayback_financialreports/Expenditures - Debbra Zockoll_08-27-2012.xls
spreadsheet      372  wayback_financialreports/Expenditures - Debbra Zockoll_10-29-2012.xls
text             284  wayback_financialreports/Expenditures - Denny Drake_03-08-2011.pdf
text             770  wayback_financialreports/Expenditures - Greg Aldred_03-30-2012.pdf
spreadsheet      861  wayback_financialreports/Expenditures - Greg Aldred_05-01-2012.xls
spreadsheet      505  wayback_financialreports/Expenditures - Jerry Olson_01-17-2013.xls
text             130  wayback_financialreports/Expenditures - Jerry Olson_05-15-2012.pdf
spreadsheet      239  wayback_financialreports/Expenditures - Jerry Olson_08-31-2012.xls
spreadsheet      758  wayback_financialreports/Expenditures - Jill Hunt_01-17-2013.xls
text             419  wayback_financialreports/Expenditures - Jill Hunt_05-15-2012.pdf
spreadsheet      427  wayback_financialreports/Expenditures - Jill Hunt_06-21-2012.xls
spreadsheet      470  wayback_financialreports/Expenditures - Jill Hunt_08-31-2012.xls
text             413  wayback_financialreports/Expenditures - Kevin Brooks_04-05-2011.pdf
text             280  wayback_financialreports/Expenditures - Kim Hafen_04-05-2011.pdf
text             135  wayback_financialreports/Expenditures - Russell Shirts_04-05-2011.pdf
text             134  wayback_financialreports/Expenditures - Slade Hughes_03-08-2011.pdf
text             145  wayback_financialreports/Expenditures - Slade Hughes_03-30-2012.pdf
text             128  wayback_financialreports/Expenditures- Art Partridge_04-05-2011.pdf
text              81  wayback_financialreports/Frank Lojko Contributions_03-08-2011.pdf
text              85  wayback_financialreports/Frank Lojko Expenditures_03-08-2011.pdf
text             221  wayback_financialreports/Frank Lojko Local School Board Candidate Summary_03-08-2011.pdf
text             125  wayback_financialreports/Kelly Blake Expenditures_03-08-2011.pdf
text             130  wayback_financialreports/Kyle Wells Contributions_04-05-2011.pdf
text             172  wayback_financialreports/Kyle Wells Expenditures_04-05-2011.pdf
text             244  wayback_financialreports/Kyle Wells Local School Board Candidate Summary_04-05-2011.pdf
text              88  wayback_financialreports/Larry LeBaron Expenditures_04-05-2011.pdf
text             224  wayback_financialreports/Larry LeBaron Local School Board Candidate Summary_04-05-2011.pdf
text              82  wayback_financialreports/Laura Hesson Contributions_04-05-2011.pdf
text             128  wayback_financialreports/Laura Hesson Expenditures_04-05-2011.pdf
text             320  wayback_financialreports/Laura Hesson Local School Board Candidate Summary_04-05-2011.pdf
text             299  wayback_financialreports/Local School Board Candidate Summary Travis Christiansen_04-05-2011.pdf
spreadsheet      335  wayback_financialreports/Local School Candidate Summary - Aaron D Randall_01-17-2013.xls
spreadsheet      317  wayback_financialreports/Local School Candidate Summary - Aaron D Randall_10-30-2012.xls
spreadsheet      345  wayback_financialreports/Local School Candidate Summary - Barbara Beckstrom_01-17-2013.xls
spreadsheet      304  wayback_financialreports/Local School Candidate Summary - Barbara Beckstrom_08-24-2012.xls
spreadsheet      328  wayback_financialreports/Local School Candidate Summary - Barbara Beckstrom_10-31-2012.xls
text             210  wayback_financialreports/Local School Candidate Summary - Craig Seegmiller_05-07-2012.pdf
spreadsheet      278  wayback_financialreports/Local School Candidate Summary - Craig Seegmiller_08-24-2012.xls
spreadsheet      293  wayback_financialreports/Local School Candidate Summary - Craig Seegmiller_10-29-2012.xls
spreadsheet      322  wayback_financialreports/Local School Candidate Summary - Craig Seegmiller_12-28-2012.xls
text             214  wayback_financialreports/Local School Candidate Summary - Debbra Zockoll_05-07-2012.pdf
spreadsheet      267  wayback_financialreports/Local School Candidate Summary - Debbra Zockoll_06-14-2012.xls
spreadsheet      308  wayback_financialreports/Local School Candidate Summary - Debbra Zockoll_10-29-2012.xls
spreadsheet      330  wayback_financialreports/Local School Candidate Summary - Debbra Zockoll_12-28-2012.xls
spreadsheet      328  wayback_financialreports/Local School Candidate Summary - Jerry Olson_01-17-2013.xls
spreadsheet      279  wayback_financialreports/Local School Candidate Summary - Jerry Olson_08-31-2012.xls
spreadsheet      344  wayback_financialreports/Local School Candidate Summary - Jill Hunt_01-17-2013.xls
spreadsheet      334  wayback_financialreports/Local School Candidate Summary - Jill Hunt_10-31-2012.xls
text              83  wayback_financialreports/Robert E Allen Contributions_04-05-2011.pdf
text             214  wayback_financialreports/Robert E Allen Expenditures_04-05-2011.pdf
text             318  wayback_financialreports/Robert E Allen Local School Board Candidate Summary_04-05-2011.pdf
text             158  wayback_financialreports/Travis Christiansen Contributions_04-05-2011.pdf
text              89  wayback_financialreports/Wesley Christiansen Contributions_04-05-2011.pdf
text              93  wayback_financialreports/Wesley Christiansen Expenditures_04-05-2011.pdf
text             287  wayback_financialreports/Wesley Christiansen Local School Board Candidate Summary_04-05-2011.pdf
scanned         1805  wayback_forms2016/Becky Dunn 10_31_2016 FCR_11-01-2016.pdf
scanned         1859  wayback_forms2016/Becky Dunn_Local School 1_Financial Campaign Report_6_17_2016_06-24-2016.pdf
scanned         1115  wayback_forms2016/Craig D Seegmiller 10_26_2016 FCR_10-27-2016.pdf
scanned         2044  wayback_forms2016/Dean Cox 10_26_2016 FCR_10-27-2016.pdf
text            3729  wayback_forms2016/Dean Cox_Commission Seat C_Financial Campaign Report 6_14_2016_06-15-2016.pdf
scanned         1256  wayback_forms2016/Debbra Zockoll 10_26_2016 FCR_10-27-2016.pdf
scanned         1306  wayback_forms2016/Debbra Zockoll_Local School 3 _Financial Campaign Report 6_14_2016_06-15-2016.pdf
text            1175  wayback_forms2016/Evan_Johnson_Local School 1_Campaign_Financial_Report_6_13_2016_06-13-2016.pdf
scanned         4516  wayback_forms2016/Gil Almquist_Commission C_Financial Campaign Report_6_17_2016_06-24-2016.pdf
text            5617  wayback_forms2016/Gil Almquist_County Commission Seat C_Final FCR_8_4_2016_08-05-2016.pdf
scanned         1647  wayback_forms2016/Greg Aldred 10_26_2016 FCR_11-05-2016.pdf
scanned         6299  wayback_forms2016/Josh Warburton 11_1_2016 FCR_11-05-2016.pdf
text            1956  wayback_forms2016/Kyle Wilson_Local School 1_Financial Campaign Report_6_17_2016_06-24-2016.pdf
scanned         1452  wayback_forms2016/Richelle H_10-27-2016. Nelson 10_26_2016 FCR.pdf
scanned         1250  wayback_forms2016/Richelle Nelson_Local School 1_Financial Campaign Report 6_15_2016_06-15-2016.pdf
scanned         1301  wayback_forms2016/Rick Nelson 11_1_2016 FCR_11-02-2016.pdf
scanned         1354  wayback_forms2016/Susi Lafaele_Local School 3_Financial Campaign Report 6_15_2016_07-28-2016.pdf
scanned         1282  wayback_forms2016/Susi Lafaele_Local School Board 3_Financial Campaign Report_7_28_2016_FINAL_07-28-2016.pdf
scanned         1312  wayback_forms2016/Terry Hutchinson 11_1_2016 FCR_11-02-2016.pdf
scanned         1275  wayback_forms2016/Terry L_06-20-2016. Hutchison_Local School Board 3_Financial Campaign Report 6_20_2016.pdf
scanned         1112  wayback_forms2016/William Evan Johnson _Local School Board 1_Campaign Expense Report_8_30_2016_08-31-2016.pdf
scanned         1420  wayback_forms2018/Dec 10_Robert E Ford_FCR_12-14-2018.pdf
scanned         1202  wayback_forms2018/Jan 3 2019_LaRene Cox_Final FCR_01-07-2019.pdf
scanned         1203  wayback_forms2018/Jan 3 2019_Laura J Hesson_Final FCR_01-07-2019.pdf
scanned         1336  wayback_forms2018/Jan 4 2019_Cory C Pulsipher_Final FCR_01-07-2019.pdf
scanned         1228  wayback_forms2018/Jan 5 2019_Kim M Hafen_Final FCR_01-07-2019.pdf
scanned         1098  wayback_forms2018/Jan 7 2019_Allen J Davis_Final FCR_01-09-2019.pdf
scanned         1246  wayback_forms2018/Jan 7 2019_Brock R Belnap_Final FCR_01-09-2019.pdf
scanned         1401  wayback_forms2018/Jan 7 2019_David Stirland_Final FCR_01-09-2019.pdf
scanned         1335  wayback_forms2018/Jan 7 2019_Gil Almquist_Final FCR_01-07-2019.pdf
scanned         1361  wayback_forms2018/Jan 7 2019_Kelly Wade Blake_Final FCR_01-09-2019.pdf
scanned         1419  wayback_forms2018/June 12_Kim M Hafen_FCR_06-13-2018.pdf
scanned         1353  wayback_forms2018/June 13_Brock R Belnap_FCR_06-14-2018.pdf
scanned         1205  wayback_forms2018/June 15_Laura J Hesson_FCR_06-15-2018.pdf
scanned         1218  wayback_forms2018/June 18_Gregory Brooks_FCR_06-18-2018.pdf
scanned         1830  wayback_forms2018/June 19_Allen J Davis_FCR_06-19-2018.pdf
scanned         1230  wayback_forms2018/June 19_David Stirling_FCR_06-20-2018.pdf
scanned         3348  wayback_forms2018/June 19_Gil Almquist_FCR_06-19-2018.pdf
scanned         1221  wayback_forms2018/June 19_LaRene Cox_FCR_06-19-2018.pdf
scanned         1500  wayback_forms2018/June 19_Victor Iverson_FCR_06-19-2018.pdf
scanned         1709  wayback_forms2018/June 26_Cory Pulsipher_FCR_06-13-2018.pdf
scanned         1500  wayback_forms2018/June 26_Kelly W_06-13-2018. Blake_FCR.pdf
scanned         1345  wayback_forms2018/Oct 23_2018_Brock R Belnap_FCR_10-23-2018.pdf
scanned         1486  wayback_forms2018/Oct 23_2018_Kelly Wade Blake_FCR_10-23-2018.pdf
scanned         1328  wayback_forms2018/Oct 23_2018_Kim M Hafen_FCR_10-23-2018.pdf
scanned         1442  wayback_forms2018/Oct 23_2018_LaRene Cox_FCR_10-23-2018.pdf
scanned         1538  wayback_forms2018/Oct 29_Cory C Pulsipher_FCR_10-30-2018.pdf
scanned         1158  wayback_forms2018/Oct 29_Laura Hesson_FCR_10-30-2018.pdf
scanned         1766  wayback_forms2018/Oct 29_Robert E Ford_FCR_10-30-2018.pdf
scanned         2499  wayback_forms2018/Oct 30_Gil Almquist_FCR_10-31-2018.pdf
scanned         1249  wayback_forms2018/Oct 30_Victor Iverson_FCR_10-31-2018.pdf
scanned         1367  wayback_forms2020/Assessor_Tom Durrant_December 17 2020_12-17-2020.pdf
scanned         1425  wayback_forms2020/Assessor_Tom Durrant_June 23 2020 FCR_06-15-2020.pdf
scanned         1329  wayback_forms2020/Assessor_Tom Durrant_October 22 2020_10-23-2020.pdf
scanned         1763  wayback_forms2020/Attorney_Special 2 Year_Eric Wesley Clarke_October 21 2020_10-21-2020.pdf
scanned         1383  wayback_forms2020/Commission C_Douglas Wulfefnstein_June 23 2020_FCR_05-06-2020.pdf
scanned         1113  wayback_forms2020/Commission C_Slade Hughes_June 23 2020_04-20-2020.pdf
scanned         1484  wayback_forms2020/Commission Seat C_Dean J_06-15-2020. Cox_June 23 2020 FCR.pdf
scanned         1558  wayback_forms2020/Commission Seat C_Dean J_10-21-2020. Cox_October 20 2020.pdf
scanned         1487  wayback_forms2020/Commission Seat C_Dean J_12-17-2020. Cox_December 17 2020.pdf
scanned         1419  wayback_forms2020/Local School Board 1_Becky Dunn_June 23 2020 FCR_06-16-2020.pdf
scanned         1343  wayback_forms2020/Local School Board 1_Becky Dunn_October 20 2020_10-20-2020.pdf
scanned         1297  wayback_forms2020/Local School Board 1_Becky Dunn_Year End 2020_11-07-2020.pdf
scanned         1514  wayback_forms2020/Local School Board 1_Sadie Lee Pulsipher_WRITE In_October 29 2020_11-07-2020.pdf
scanned         1561  wayback_forms2020/Local School Board 2_Craig Seegmiller_December 15 2020_12-15-2020.pdf
scanned         1509  wayback_forms2020/Local School Board 2_Craig Seegmiller_June 23 2020 FCR_06-16-2020.pdf
scanned         1460  wayback_forms2020/Local School Board 2_Craig Seegmiller_October 20 2020_10-21-2020.pdf
scanned         2122  wayback_forms2020/Local School Board 2_Larry Meyers_Write In_October 26 2020_10-27-2020.pdf
scanned         1632  wayback_forms2020/Local School Board 3_Daniel R, Nielson_December 2020_12-21-2020.pdf
scanned         1499  wayback_forms2020/Local School Board 3_Daniel R, Nielson_October 22 2020_10-23-2020.pdf
scanned         1631  wayback_forms2020/Local School Board 3_Daniel R_06-17-2020. Nielson_June 23 2020 FCR.pdf
scanned         1580  wayback_forms2020/Local School Board 3_Dave Shaw_Write In_October 22 2020_10-24-2020.pdf
scanned         1399  wayback_forms2020/Local School Board 3_Terry Lynn Hutchinson_June 23 2020 FCR_06-17-2020.pdf
scanned         1488  wayback_forms2020/Local School Board 3_Terry Lynn Hutchinson_October 23 2020_10-28-2020.pdf
scanned         2196  wayback_forms2020/Recorder_David Todd Miller_June 23 2020_06-08-2020.pdf
scanned         1600  wayback_forms2020/Recorder_Gary L_06-17-2020. Christensen_June 23 2020 FCR.pdf
scanned         1535  wayback_forms2020/Recorder_Gary L_10-28-2020. Christensen_October 23 2020.pdf
scanned         1648  wayback_forms2020/Recorder_Gary L_12-16-2020. Christensen_December 15 2020.pdf
scanned         2145  wayback_forms2020/Recorder_Johnathan Liddle_June 23 2020_04-20-2020.pdf
scanned         1441  wayback_forms2020/Recorder_Michae; R_06-15-2020. Draper_June 23 2020 FCR.pdf
scanned         2183  wayback_forms2020/Recorder_Robert Foster_June 23 2020 FCR_06-18-2020.pdf
scanned         1420  wayback_forms2020/Treasurer_David Alan Whitehead_June 23 2020 FCR_06-16-2020.pdf
scanned         1403  wayback_forms2020/Treasurer_David Whitehead_December 15 2020_12-15-2020.pdf
scanned         1519  wayback_forms2020/Treasurer_David Whitehead_October 21 2020_10-21-2020.pdf
scanned          939  wayback_forms2024/06-04-2024-Cynthia Shields-Local School 3-FINAL_06-07-2024.pdf
scanned          991  wayback_forms2024/06-12-2024-Gary L_06-13-2024. Christensen-Recorder.pdf
scanned          920  wayback_forms2024/06-12-2024_Ryan Sullivan-County Clerk_Auditor_06-13-2024.pdf
scanned         1228  wayback_forms2024/06-13-2024-Chuck Goode-Commission Seat C_06-13-2024.pdf
scanned         1020  wayback_forms2024/06-14-2024-Ron Wade_Local School Board 3_06-15-2024.pdf
scanned         1015  wayback_forms2024/06-14-2024-Tom Durrant_Assessor_06-15-2024.pdf
scanned         1066  wayback_forms2024/06-18-2024-Adam Snow-Commission C_06-20-2024.pdf
scanned         1022  wayback_forms2024/06-18-2024-Craig Seegmiller-Local School 2_06-20-2024.pdf
scanned         1115  wayback_forms2024/06-18-2024-David Whitehead-Treasurer_06-20-2024.pdf
scanned         1207  wayback_forms2024/06-18-2024-Larry Meyers-Local School 1_06-20-2024.pdf
scanned         1162  wayback_forms2024/06-18-2024_Heidi Gunn-Local School 1_06-20-2024.pdf
scanned         3891  wayback_forms2024/5th District Court - Keith C_07-10-2024. Barnes.pdf
scanned         3826  wayback_forms2024/5th District Juvenile Court - Michael Flemming Leavit_07-10-2024.pdf
scanned         5847  wayback_forms2024/Assessor_Durrant_Tom_Rep_01-04-2024.pdf
scanned         5821  wayback_forms2024/CLERKAUDITOR-SULLIVAN-RYAN-REPUBLICAN_01-04-2024.pdf
scanned         5941  wayback_forms2024/Commission_Goode_Chuck_Democrat_01-09-2024.pdf
scanned         5872  wayback_forms2024/Commission_Snow_Adam_Republican_01-04-2024.pdf
scanned         3760  wayback_forms2024/Justice Court - Ronald L_07-10-2024. Read.pdf
scanned         4889  wayback_forms2024/Local School Board 1_Gunn_Heidi_01-04-2024.pdf
scanned         4937  wayback_forms2024/Local School Board 1_Meyers_Larry_01-09-2024.pdf
scanned         2515  wayback_forms2024/Local School Board 2_Seegmiller_Craig_01-04-2024.pdf
scanned          288  wayback_forms2024/Local School Board 3_Shields_Cindi_WITHDRAWAL_06-04-2024.pdf
scanned         4881  wayback_forms2024/Local School Board 3_Wade_Ron_01-05-2024.pdf
scanned         5869  wayback_forms2024/Recorder_Chistensen_Gary_Republican_01-04-2024.pdf
scanned         5903  wayback_forms2024/Treasurer_Whitehead_David_REPUB_01-09-2024.pdf

976 sidecars
