scanned          939  live_outpost/06-04-2024-Cynthia Shields-Local School 3-FINAL_06-07-2024.pdf
scanned          991  live_outpost/06-12-2024-Gary L_06-13-2024. Christensen-Recorder.pdf
scanned          920  live_outpost/06-12-2024_Ryan Sullivan-County Clerk_Auditor_06-13-2024.pdf
scanned         1228  live_outpost/06-13-2024-Chuck Goode-Commission Seat C_06-13-2024.pdf
scanned         1020  live_outpost/06-14-2024-Ron Wade_Local School Board 3_06-15-2024.pdf
scanned         1015  live_outpost/06-14-2024-Tom Durrant_Assessor_06-15-2024.pdf
scanned         1066  live_outpost/06-18-2024-Adam Snow-Commission C_06-20-2024.pdf
scanned         1022  live_outpost/06-18-2024-Craig Seegmiller-Local School 2_06-20-2024.pdf
scanned         1115  live_outpost/06-18-2024-David Whitehead-Treasurer_06-20-2024.pdf
scanned         1207  live_outpost/06-18-2024-Larry Meyers-Local School 1_06-20-2024.pdf
scanned         1162  live_outpost/06-18-2024_Heidi Gunn-Local School 1_06-20-2024.pdf
scanned         1500  live_outpost/Adam Snow - Commission Seat C-Final_01-06-2025.pdf
scanned         1307  live_outpost/Adam Snow _ Commsssion Seat C_FCR_10-29-2024.pdf
scanned         1437  live_outpost/Chuck Goode_Commission Seat C_FCR_10-30-2024.pdf
scanned         1346  live_outpost/Chuck Goode_Commission Seat C_Final_01-14-2025.pdf
scanned         1032  live_outpost/Craig Seegmiller_Local School 2_FCR_10-26-2024.pdf
scanned         1022  live_outpost/Craig Seegmiller_Local School 2_FINAL_12-07-2024.pdf
scanned         1049  live_outpost/David Whitehead_Treasurer_FCR_10-26-2024.pdf
scanned         1049  live_outpost/David Whitehead_Treasurer_Final_01-08-2025.pdf
scanned          915  live_outpost/Gary L_01-08-2025. Christensen_Recorder_Final.pdf
scanned         1218  live_outpost/Hedi Gunn_Local School 1_Final_01-06-2025.pdf
scanned         1090  live_outpost/Heidi Gunn_Local School 1_FCR_10-26-2024.pdf
scanned         1239  live_outpost/Larry Meyers_Local School 1_FCR_10-26-2024.pdf
scanned         1176  live_outpost/Larry Meyers_Local School 1_Final_01-08-2025.pdf
scanned          974  live_outpost/Ron Wade_Local School 3_FCR_10-29-2024.pdf
scanned          940  live_outpost/Ron Wade_Local School 3_FINALpdf_12-12-2024.pdf
scanned         1097  live_outpost/Ryan Sullivan_ClerkAuditor-FCR_10-29-2024.pdf
scanned         1086  live_outpost/Ryan Sullivan_ClerkAuditor_FINAL_12-12-2024.pdf
scanned         1099  live_outpost/Tom Durrant_Assessor_FCR_10-26-2024.pdf
scanned         1671  live_wp/2006-David-Whitehead.pdf
text            1633  live_wp/2010-David-Whitehead.pdf
text             599  live_wp/2011-David-Whitehead.pdf
text             679  live_wp/2012-2013-Craig-Seegmiller.pdf
scanned         5215  live_wp/2014-David-Whitehead.pdf
scanned         6095  live_wp/2014-Tom-Durrant.pdf
scanned         5526  live_wp/2014-Victor-Iverson.pdf
scanned         2320  live_wp/2016-Craig-Seegmiller.pdf
text            5617  live_wp/2016-Gil-Almquist.pdf
scanned         7182  live_wp/2018-Gil-Almquist.pdf
scanned         3865  live_wp/2018-LaRene-Cox.pdf
scanned         2749  live_wp/2018-Victor-Iverson.pdf
scanned         4530  live_wp/2020-Craig-Seegmiller.pdf
scanned         4342  live_wp/2020-David-Whitehead.pdf
scanned         5038  live_wp/2020-Gary-Christensen.pdf
scanned         4121  live_wp/2020-Tom-Durrant.pdf
scanned         2686  live_wp/2022-Adam-Snow.pdf
scanned         1365  live_wp/2022-Burke-Staheli.pdf
scanned         4037  live_wp/2022-Gil-Almquist.pdf
text             186  live_wp/2022-LaRene-Cox.pdf
scanned         3117  live_wp/2022-Victor-Iverson.pdf
scanned         3873  live_wp/2024-Adam-Snow.pdf
scanned         3076  live_wp/2024-Craig-Seegmiller.pdf
scanned         3213  live_wp/2024-David-Whitehead.pdf
scanned         2722  live_wp/2024-Gary-Christensen.pdf
scanned         3470  live_wp/2024-Heidi-Gunn.pdf
scanned         3128  live_wp/2024-Ryan-Sullivan.pdf
scanned         3226  live_wp/2024-Tom-Durrant.pdf
scanned         1617  live_wp/Burke-Staheli.pdf
scanned         1351  live_wp/Craig-Seegmiller-Financial-012026.pdf
scanned         1452  live_wp/David-Whitehead.pdf
scanned         1414  live_wp/Gary-L-Christensen.pdf
scanned         1522  live_wp/Gil-Almquist-Financial-012026.pdf
scanned         1560  live_wp/Jerry-Jaeger-012026.pdf
scanned         1790  live_wp/K.-Adam-Snow-2.pdf
scanned         1584  live_wp/LaRene-Cox-Financial-012026.pdf
scanned         1680  live_wp/N.-Craig-Hammer-2.pdf
scanned         1426  live_wp/Nate-Brooksby-2.pdf
scanned         1345  live_wp/Ronald-M-Wade-2.pdf
scanned         3748  live_wp/Ryan-Sullivan.pdf
scanned         1440  live_wp/Tom-Durrant.pdf
scanned         1540  live_wp/Victor-Iverson-Financial-012026.pdf

71 sidecars (partial run, manifest NOT rewritten)
